  Determining projects to restore...
  All projects are up-to-date for restore.
  DKSKMaui -> C:\Users\kimri\OneDrive\Desktop\DKSKMaui\bin\Debug\net8.0-windows10.0.19041.0\win10-x64\DKSKMaui.dll
  DKSKMaui.Tests -> C:\Users\kimri\OneDrive\Desktop\DKSKMaui\DKSKMaui.Tests\bin\Debug\net8.0-windows10.0.19041.0\DKSKMaui.Tests.dll
  [coverlet] _mapping file name: 'CoverletSourceRootsMapping_DKSKMaui.Tests'
Test run for C:\Users\kimri\OneDrive\Desktop\DKSKMaui\DKSKMaui.Tests\bin\Debug\net8.0-windows10.0.19041.0\DKSKMaui.Tests.dll (.NETCoreApp,Version=v8.0)
VSTest version 17.14.1 (x64)

Starting test execution, please wait...
A total of 1 test files matched the specified pattern.
dotnet : [xUnit.net 00:00:01.04]     
DKSKMaui.Tests.Components.Pages.AccountsReceivableTests.AccountsReceivable_LoadsInvoicesOnInit [FAIL]
At line:1 char:1
+ dotnet test > test_output.txt 2>&1
+ ~~~~~~~~~~~~~~~~~~~~~~~~~~~~~~~~~~
    + CategoryInfo          : NotSpecified: ([xUnit.net 00:0...esOnInit [FAIL]:String) [], RemoteException
    + FullyQualifiedErrorId : NativeCommandError
 
[xUnit.net 00:00:01.07]     
DKSKMaui.Tests.Components.Pages.AccountsReceivableTests.AccountsReceivable_DisplaysInvoicesInGrid [FAIL]
[xUnit.net 00:00:01.08]     
DKSKMaui.Tests.Components.Pages.AccountsReceivableTests.AccountsReceivable_CompanyFilter_LoadsCompanies [FAIL]
[xUnit.net 00:00:01.08]     
DKSKMaui.Tests.Components.Pages.AccountsReceivableTests.AccountsReceivable_InvoicePaymentFields_AreEditable [FAIL]
[xUnit.net 00:00:01.09]     
DKSKMaui.Tests.Components.Pages.AccountsReceivableTests.AccountsReceivable_GridSorting_Enabled [FAIL]
[xUnit.net 00:00:01.27]     
DKSKMaui.Tests.Components.Pages.AccountsReceivableTests.AccountsReceivable_RendersCompanyFilter [FAIL]
[xUnit.net 00:00:01.27]     
DKSKMaui.Tests.Components.Pages.AccountsReceivableTests.AccountsReceivable_ExcelDownload_InvokesJavaScript [FAIL]
[xUnit.net 00:00:01.28]     
DKSKMaui.Tests.Components.Pages.AccountsReceivableTests.AccountsReceivable_DataGridHasCorrectColumns [FAIL]
[xUnit.net 00:00:01.28]     
DKSKMaui.Tests.Components.Pages.AccountsReceivableTests.AccountsReceivable_GridPagination_Enabled [FAIL]
  Failed DKSKMaui.Tests.Components.Pages.AccountsReceivableTests.AccountsReceivable_LoadsInvoicesOnInit [638 ms]
  Error Message:
   System.ArgumentException : An item with the same key has already been added. Key: 1
  Stack Trace:
     at System.Collections.Generic.Dictionary`2.TryInsert(TKey key, TValue value, InsertionBehavior behavior)
   at System.Collections.Generic.Dictionary`2.Add(TKey key, TValue value)
   at Microsoft.EntityFrameworkCore.InMemory.Storage.Internal.InMemoryTable`1.Create(IUpdateEntry entry, IDiagnosticsLogger`1 updateLogger)
   at Microsoft.EntityFrameworkCore.InMemory.Storage.Internal.InMemoryStore.ExecuteTransaction(IList`1 entries, IDiagnosticsLogger`1 updateLogger)
   at Microsoft.EntityFrameworkCore.InMemory.Storage.Internal.InMemoryDatabase.SaveChangesAsync(IList`1 entries, CancellationToken cancellationToken)
   at Microsoft.EntityFrameworkCore.ChangeTracking.Internal.StateManager.SaveChangesAsync(IList`1 entriesToSave, CancellationToken cancellationToken)
   at Microsoft.EntityFrameworkCore.ChangeTracking.Internal.StateManager.SaveChangesAsync(StateManager stateManager, Boolean acceptAllChangesOnSuccess, CancellationToken cancellationToken)
   at Microsoft.EntityFrameworkCore.DbContext.SaveChangesAsync(Boolean acceptAllChangesOnSuccess, CancellationToken cancellationToken)
   at Microsoft.EntityFrameworkCore.DbContext.SaveChangesAsync(Boolean acceptAllChangesOnSuccess, CancellationToken cancellationToken)
   at DKSKMaui.Tests.Components.Base.DataGridPageTestBase`1.SeedTestData(List`1 invoices) in C:\Users\kimri\OneDrive\Desktop\DKSKMaui\DKSKMaui.Tests\Components\Base\DataGridPageTestBase.cs:line 201
   at DKSKMaui.Tests.Components.Pages.AccountsReceivableTests.AccountsReceivable_LoadsInvoicesOnInit() in C:\Users\kimri\OneDrive\Desktop\DKSKMaui\DKSKMaui.Tests\Components\Pages\AccountsReceivablePageTests.cs:line 62
--- End of stack trace from previous location ---
  Failed DKSKMaui.Tests.Components.Pages.AccountsReceivableTests.AccountsReceivable_DisplaysInvoicesInGrid [25 ms]
  Error Message:
   System.ArgumentException : An item with the same key has already been added. Key: 1
  Stack Trace:
     at System.Collections.Generic.Dictionary`2.TryInsert(TKey key, TValue value, InsertionBehavior behavior)
   at System.Collections.Generic.Dictionary`2.Add(TKey key, TValue value)
   at Microsoft.EntityFrameworkCore.InMemory.Storage.Internal.InMemoryTable`1.Create(IUpdateEntry entry, IDiagnosticsLogger`1 updateLogger)
   at Microsoft.EntityFrameworkCore.InMemory.Storage.Internal.InMemoryStore.ExecuteTransaction(IList`1 entries, IDiagnosticsLogger`1 updateLogger)
   at Microsoft.EntityFrameworkCore.InMemory.Storage.Internal.InMemoryDatabase.SaveChangesAsync(IList`1 entries, CancellationToken cancellationToken)
   at Microsoft.EntityFrameworkCore.ChangeTracking.Internal.StateManager.SaveChangesAsync(IList`1 entriesToSave, CancellationToken cancellationToken)
   at Microsoft.EntityFrameworkCore.ChangeTracking.Internal.StateManager.SaveChangesAsync(StateManager stateManager, Boolean acceptAllChangesOnSuccess, CancellationToken cancellationToken)
   at Microsoft.EntityFrameworkCore.DbContext.SaveChangesAsync(Boolean acceptAllChangesOnSuccess, CancellationToken cancellationToken)
   at Microsoft.EntityFrameworkCore.DbContext.SaveChangesAsync(Boolean acceptAllChangesOnSuccess, CancellationToken cancellationToken)
   at DKSKMaui.Tests.Components.Base.DataGridPageTestBase`1.SeedTestData(List`1 invoices) in C:\Users\kimri\OneDrive\Desktop\DKSKMaui\DKSKMaui.Tests\Components\Base\DataGridPageTestBase.cs:line 201
   at DKSKMaui.Tests.Components.Pages.AccountsReceivableTests.AccountsReceivable_DisplaysInvoicesInGrid() in C:\Users\kimri\OneDrive\Desktop\DKSKMaui\DKSKMaui.Tests\Components\Pages\AccountsReceivablePageTests.cs:line 77
--- End of stack trace from previous location ---
  Failed DKSKMaui.Tests.Components.Pages.AccountsReceivableTests.AccountsReceivable_CompanyFilter_LoadsCompanies [2 ms]
  Error Message:
   System.ArgumentException : An item with the same key has already been added. Key: 1
  Stack Trace:
     at System.Collections.Generic.Dictionary`2.TryInsert(TKey key, TValue value, InsertionBehavior behavior)
   at System.Collections.Generic.Dictionary`2.Add(TKey key, TValue value)
   at Microsoft.EntityFrameworkCore.InMemory.Storage.Internal.InMemoryTable`1.Create(IUpdateEntry entry, IDiagnosticsLogger`1 updateLogger)
   at Microsoft.EntityFrameworkCore.InMemory.Storage.Internal.InMemoryStore.ExecuteTransaction(IList`1 entries, IDiagnosticsLogger`1 updateLogger)
   at Microsoft.EntityFrameworkCore.InMemory.Storage.Internal.InMemoryDatabase.SaveChangesAsync(IList`1 entries, CancellationToken cancellationToken)
   at Microsoft.EntityFrameworkCore.ChangeTracking.Internal.StateManager.SaveChangesAsync(IList`1 entriesToSave, CancellationToken cancellationToken)
   at Microsoft.EntityFrameworkCore.ChangeTracking.Internal.StateManager.SaveChangesAsync(StateManager stateManager, Boolean acceptAllChangesOnSuccess, CancellationToken cancellationToken)
   at Microsoft.EntityFrameworkCore.DbContext.SaveChangesAsync(Boolean acceptAllChangesOnSuccess, CancellationToken cancellationToken)
   at Microsoft.EntityFrameworkCore.DbContext.SaveChangesAsync(Boolean acceptAllChangesOnSuccess, CancellationToken cancellationToken)
   at DKSKMaui.Tests.Components.Base.DataGridPageTestBase`1.SeedTestData(List`1 invoices) in C:\Users\kimri\OneDrive\Desktop\DKSKMaui\DKSKMaui.Tests\Components\Base\DataGridPageTestBase.cs:line 201
   at DKSKMaui.Tests.Components.Pages.AccountsReceivableTests.AccountsReceivable_CompanyFilter_LoadsCompanies() in C:\Users\kimri\OneDrive\Desktop\DKSKMaui\DKSKMaui.Tests\Components\Pages\AccountsReceivablePageTests.cs:line 212
--- End of stack trace from previous location ---
  Failed DKSKMaui.Tests.Components.Pages.AccountsReceivableTests.AccountsReceivable_InvoicePaymentFields_AreEditable [2 ms]
  Error Message:
   System.ArgumentException : An item with the same key has already been added. Key: 1
  Stack Trace:
     at System.Collections.Generic.Dictionary`2.TryInsert(TKey key, TValue value, InsertionBehavior behavior)
   at System.Collections.Generic.Dictionary`2.Add(TKey key, TValue value)
   at Microsoft.EntityFrameworkCore.InMemory.Storage.Internal.InMemoryTable`1.Create(IUpdateEntry entry, IDiagnosticsLogger`1 updateLogger)
   at Microsoft.EntityFrameworkCore.InMemory.Storage.Internal.InMemoryStore.ExecuteTransaction(IList`1 entries, IDiagnosticsLogger`1 updateLogger)
   at Microsoft.EntityFrameworkCore.InMemory.Storage.Internal.InMemoryDatabase.SaveChangesAsync(IList`1 entries, CancellationToken cancellationToken)
   at Microsoft.EntityFrameworkCore.ChangeTracking.Internal.StateManager.SaveChangesAsync(IList`1 entriesToSave, CancellationToken cancellationToken)
   at Microsoft.EntityFrameworkCore.ChangeTracking.Internal.StateManager.SaveChangesAsync(StateManager stateManager, Boolean acceptAllChangesOnSuccess, CancellationToken cancellationToken)
   at Microsoft.EntityFrameworkCore.DbContext.SaveChangesAsync(Boolean acceptAllChangesOnSuccess, CancellationToken cancellationToken)
   at Microsoft.EntityFrameworkCore.DbContext.SaveChangesAsync(Boolean acceptAllChangesOnSuccess, CancellationToken cancellationToken)
   at DKSKMaui.Tests.Components.Base.DataGridPageTestBase`1.SeedTestData(List`1 invoices) in C:\Users\kimri\OneDrive\Desktop\DKSKMaui\DKSKMaui.Tests\Components\Base\DataGridPageTestBase.cs:line 201
   at DKSKMaui.Tests.Components.Pages.AccountsReceivableTests.AccountsReceivable_InvoicePaymentFields_AreEditable() in C:\Users\kimri\OneDrive\Desktop\DKSKMaui\DKSKMaui.Tests\Components\Pages\AccountsReceivablePageTests.cs:line 311
--- End of stack trace from previous location ---
  Failed DKSKMaui.Tests.Components.Pages.AccountsReceivableTests.AccountsReceivable_GridSorting_Enabled [2 ms]
  Error Message:
   System.ArgumentException : An item with the same key has already been added. Key: 1
  Stack Trace:
     at System.Collections.Generic.Dictionary`2.TryInsert(TKey key, TValue value, InsertionBehavior behavior)
   at System.Collections.Generic.Dictionary`2.Add(TKey key, TValue value)
   at Microsoft.EntityFrameworkCore.InMemory.Storage.Internal.InMemoryTable`1.Create(IUpdateEntry entry, IDiagnosticsLogger`1 updateLogger)
   at Microsoft.EntityFrameworkCore.InMemory.Storage.Internal.InMemoryStore.ExecuteTransaction(IList`1 entries, IDiagnosticsLogger`1 updateLogger)
   at Microsoft.EntityFrameworkCore.InMemory.Storage.Internal.InMemoryDatabase.SaveChangesAsync(IList`1 entries, CancellationToken cancellationToken)
   at Microsoft.EntityFrameworkCore.ChangeTracking.Internal.StateManager.SaveChangesAsync(IList`1 entriesToSave, CancellationToken cancellationToken)
   at Microsoft.EntityFrameworkCore.ChangeTracking.Internal.StateManager.SaveChangesAsync(StateManager stateManager, Boolean acceptAllChangesOnSuccess, CancellationToken cancellationToken)
   at Microsoft.EntityFrameworkCore.DbContext.SaveChangesAsync(Boolean acceptAllChangesOnSuccess, CancellationToken cancellationToken)
   at Microsoft.EntityFrameworkCore.DbContext.SaveChangesAsync(Boolean acceptAllChangesOnSuccess, CancellationToken cancellationToken)
   at DKSKMaui.Tests.Components.Base.DataGridPageTestBase`1.SeedTestData(List`1 invoices) in C:\Users\kimri\OneDrive\Desktop\DKSKMaui\DKSKMaui.Tests\Components\Base\DataGridPageTestBase.cs:line 201
   at DKSKMaui.Tests.Components.Pages.AccountsReceivableTests.AccountsReceivable_GridSorting_Enabled() in C:\Users\kimri\OneDrive\Desktop\DKSKMaui\DKSKMaui.Tests\Components\Pages\AccountsReceivablePageTests.cs:line 255
--- End of stack trace from previous location ---
  Failed DKSKMaui.Tests.Components.Pages.AccountsReceivableTests.AccountsReceivable_RendersCompanyFilter [165 ms]
  Error Message:
   System.ArgumentException : Can not instantiate proxy of class: Radzen.DialogService.
Could not find a parameterless constructor. (Parameter 'constructorArguments')
---- System.MissingMethodException : Constructor on type 'Castle.Proxies.DialogServiceProxy' not found.
  Stack Trace:
     at Castle.DynamicProxy.ProxyGenerator.CreateClassProxyInstance(Type proxyType, List`1 proxyArguments, Type classToProxy, Object[] constructorArguments)
   at Castle.DynamicProxy.ProxyGenerator.CreateClassProxy(Type classToProxy, Type[] additionalInterfacesToProxy, ProxyGenerationOptions options, Object[] constructorArguments, IInterceptor[] interceptors)
   at Moq.CastleProxyFactory.CreateProxy(Type mockType, IInterceptor interceptor, Type[] interfaces, Object[] arguments) in /_/src/Moq/Interception/CastleProxyFactory.cs:line 110
   at Moq.Mock`1.InitializeInstance() in /_/src/Moq/Mock`1.cs:line 502
   at Moq.Mock`1.OnGetObject() in /_/src/Moq/Mock`1.cs:line 516
   at Moq.Mock.get_Object() in /_/src/Moq/Mock.cs:line 180
   at Moq.Mock`1.get_Object() in /_/src/Moq/Mock`1.cs:line 453
   at DKSKMaui.Tests.Components.Base.DataGridPageTestBase`1.<.ctor>b__32_1(IServiceProvider _) in C:\Users\kimri\OneDrive\Desktop\DKSKMaui\DKSKMaui.Tests\Components\Base\DataGridPageTestBase.cs:line 49
   at Microsoft.Extensions.DependencyInjection.ServiceLookup.CallSiteVisitor`2.VisitCallSiteMain(ServiceCallSite callSite, TArgument argument)
   at Microsoft.Extensions.DependencyInjection.ServiceLookup.CallSiteRuntimeResolver.VisitCache(ServiceCallSite callSite, RuntimeResolverContext context, ServiceProviderEngineScope serviceProviderEngine, RuntimeResolverLock lockType)
   at Microsoft.Extensions.DependencyInjection.ServiceLookup.CallSiteRuntimeResolver.VisitScopeCache(ServiceCallSite callSite, RuntimeResolverContext context)
   at Microsoft.Extensions.DependencyInjection.ServiceLookup.CallSiteVisitor`2.VisitCallSite(ServiceCallSite callSite, TArgument argument)
   at Microsoft.Extensions.DependencyInjection.ServiceLookup.CallSiteRuntimeResolver.Resolve(ServiceCallSite callSite, ServiceProviderEngineScope scope)
   at Microsoft.Extensions.DependencyInjection.ServiceLookup.DynamicServiceProviderEngine.<>c__DisplayClass2_0.<RealizeService>b__0(ServiceProviderEngineScope scope)
   at Microsoft.Extensions.DependencyInjection.ServiceProvider.GetService(ServiceIdentifier serviceIdentifier, ServiceProviderEngineScope serviceProviderEngineScope)
   at Microsoft.Extensions.DependencyInjection.ServiceLookup.ServiceProviderEngineScope.GetService(Type serviceType)
   at Bunit.TestServiceProvider.GetServiceInternal(Type serviceType) in /_/src/bunit.core/TestServiceProvider.cs:line 155
   at Bunit.TestServiceProvider.GetService(Type serviceType) in /_/src/bunit.core/TestServiceProvider.cs:line 147
   at Microsoft.AspNetCore.Components.ComponentFactory.<>c__DisplayClass9_0.<CreatePropertyInjector>g__Initialize|1(IServiceProvider serviceProvider, IComponent component)
   at Microsoft.AspNetCore.Components.ComponentFactory.InstantiateComponent(IServiceProvider serviceProvider, Type componentType, IComponentRenderMode callerSpecifiedRenderMode, Nullable`1 parentComponentId)
   at Microsoft.AspNetCore.Components.RenderTree.Renderer.InstantiateChildComponentOnFrame(RenderTreeFrame[] frames, Int32 frameIndex, Int32 parentComponentId)
   at Microsoft.AspNetCore.Components.RenderTree.RenderTreeDiffBuilder.InitializeNewComponentFrame(DiffContext& diffContext, Int32 frameIndex)
   at Microsoft.AspNetCore.Components.RenderTree.RenderTreeDiffBuilder.InitializeNewSubtree(DiffContext& diffContext, Int32 frameIndex)
   at Microsoft.AspNetCore.Components.RenderTree.RenderTreeDiffBuilder.InsertNewFrame(DiffContext& diffContext, Int32 newFrameIndex)
   at Microsoft.AspNetCore.Components.RenderTree.RenderTreeDiffBuilder.AppendDiffEntriesForRange(DiffContext& diffContext, Int32 oldStartIndex, Int32 oldEndIndexExcl, Int32 newStartIndex, Int32 newEndIndexExcl)
   at Microsoft.AspNetCore.Components.RenderTree.RenderTreeDiffBuilder.ComputeDiff(Renderer renderer, RenderBatchBuilder batchBuilder, Int32 componentId, ArrayRange`1 oldTree, ArrayRange`1 newTree)
   at Microsoft.AspNetCore.Components.Rendering.ComponentState.RenderIntoBatch(RenderBatchBuilder batchBuilder, RenderFragment renderFragment, Exception& renderFragmentException)
   at Microsoft.AspNetCore.Components.RenderTree.Renderer.ProcessRenderQueue()
--- End of stack trace from previous location ---
   at Bunit.Rendering.TestRenderer.AssertNoUnhandledExceptions() in /_/src/bunit.core/Rendering/TestRenderer.cs:line 629
   at Bunit.Rendering.TestRenderer.Render[TResult](RenderFragment renderFragment, Func`2 activator) in /_/src/bunit.core/Rendering/TestRenderer.cs:line 480
   at Bunit.Rendering.TestRenderer.RenderFragment(RenderFragment renderFragment) in /_/src/bunit.core/Rendering/TestRenderer.cs:line 101
   at Bunit.Extensions.TestContextBaseRenderExtensions.RenderInsideRenderTree(TestContextBase testContext, RenderFragment renderFragment) in /_/src/bunit.core/Extensions/TestContextBaseRenderExtensions.cs:line 43
   at Bunit.Extensions.TestContextBaseRenderExtensions.RenderInsideRenderTree[TComponent](TestContextBase testContext, RenderFragment renderFragment) in /_/src/bunit.core/Extensions/TestContextBaseRenderExtensions.cs:line 23
   at Bunit.TestContext.Render[TComponent](RenderFragment renderFragment) in /_/src/bunit.web/TestContext.cs:line 66
   at Bunit.TestContext.RenderComponent[TComponent](Action`1 parameterBuilder) in /_/src/bunit.web/TestContext.cs:line 52
   at DKSKMaui.Tests.Components.Pages.AccountsReceivableTests.AccountsReceivable_RendersCompanyFilter() in C:\Users\kimri\OneDrive\Desktop\DKSKMaui\DKSKMaui.Tests\Components\Pages\AccountsReceivablePageTests.cs:line 38
   at System.RuntimeMethodHandle.InvokeMethod(Object target, Void** arguments, Signature sig, Boolean isConstructor)
   at System.Reflection.MethodBaseInvoker.InvokeWithNoArgs(Object obj, BindingFlags invokeAttr)
----- Inner Stack Trace -----
   at System.RuntimeType.CreateInstanceImpl(BindingFlags bindingAttr, Binder binder, Object[] args, CultureInfo culture)
   at Castle.DynamicProxy.ProxyGenerator.CreateClassProxyInstance(Type proxyType, List`1 proxyArguments, Type classToProxy, Object[] constructorArguments)
  Failed DKSKMaui.Tests.Components.Pages.AccountsReceivableTests.AccountsReceivable_ExcelDownload_InvokesJavaScript [3 ms]
  Error Message:
   System.ArgumentException : An item with the same key has already been added. Key: 1
  Stack Trace:
     at System.Collections.Generic.Dictionary`2.TryInsert(TKey key, TValue value, InsertionBehavior behavior)
   at System.Collections.Generic.Dictionary`2.Add(TKey key, TValue value)
   at Microsoft.EntityFrameworkCore.InMemory.Storage.Internal.InMemoryTable`1.Create(IUpdateEntry entry, IDiagnosticsLogger`1 updateLogger)
   at Microsoft.EntityFrameworkCore.InMemory.Storage.Internal.InMemoryStore.ExecuteTransaction(IList`1 entries, IDiagnosticsLogger`1 updateLogger)
   at Microsoft.EntityFrameworkCore.InMemory.Storage.Internal.InMemoryDatabase.SaveChangesAsync(IList`1 entries, CancellationToken cancellationToken)
   at Microsoft.EntityFrameworkCore.ChangeTracking.Internal.StateManager.SaveChangesAsync(IList`1 entriesToSave, CancellationToken cancellationToken)
   at Microsoft.EntityFrameworkCore.ChangeTracking.Internal.StateManager.SaveChangesAsync(StateManager stateManager, Boolean acceptAllChangesOnSuccess, CancellationToken cancellationToken)
   at Microsoft.EntityFrameworkCore.DbContext.SaveChangesAsync(Boolean acceptAllChangesOnSuccess, CancellationToken cancellationToken)
   at Microsoft.EntityFrameworkCore.DbContext.SaveChangesAsync(Boolean acceptAllChangesOnSuccess, CancellationToken cancellationToken)
   at DKSKMaui.Tests.Components.Base.DataGridPageTestBase`1.SeedTestData(List`1 invoices) in C:\Users\kimri\OneDrive\Desktop\DKSKMaui\DKSKMaui.Tests\Components\Base\DataGridPageTestBase.cs:line 201
   at DKSKMaui.Tests.Components.Pages.AccountsReceivableTests.AccountsReceivable_ExcelDownload_InvokesJavaScript() in C:\Users\kimri\OneDrive\Desktop\DKSKMaui\DKSKMaui.Tests\Components\Pages\AccountsReceivablePageTests.cs:line 192
--- End of stack trace from previous location ---
  Failed DKSKMaui.Tests.Components.Pages.AccountsReceivableTests.AccountsReceivable_DataGridHasCorrectColumns [2 ms]
  Error Message:
   System.ArgumentException : An item with the same key has already been added. Key: 1
  Stack Trace:
     at System.Collections.Generic.Dictionary`2.TryInsert(TKey key, TValue value, InsertionBehavior behavior)
   at System.Collections.Generic.Dictionary`2.Add(TKey key, TValue value)
   at Microsoft.EntityFrameworkCore.InMemory.Storage.Internal.InMemoryTable`1.Create(IUpdateEntry entry, IDiagnosticsLogger`1 updateLogger)
   at Microsoft.EntityFrameworkCore.InMemory.Storage.Internal.InMemoryStore.ExecuteTransaction(IList`1 entries, IDiagnosticsLogger`1 updateLogger)
   at Microsoft.EntityFrameworkCore.InMemory.Storage.Internal.InMemoryDatabase.SaveChangesAsync(IList`1 entries, CancellationToken cancellationToken)
   at Microsoft.EntityFrameworkCore.ChangeTracking.Internal.StateManager.SaveChangesAsync(IList`1 entriesToSave, CancellationToken cancellationToken)
   at Microsoft.EntityFrameworkCore.ChangeTracking.Internal.StateManager.SaveChangesAsync(StateManager stateManager, Boolean acceptAllChangesOnSuccess, CancellationToken cancellationToken)
   at Microsoft.EntityFrameworkCore.DbContext.SaveChangesAsync(Boolean acceptAllChangesOnSuccess, CancellationToken cancellationToken)
   at Microsoft.EntityFrameworkCore.DbContext.SaveChangesAsync(Boolean acceptAllChangesOnSuccess, CancellationToken cancellationToken)
   at DKSKMaui.Tests.Components.Base.DataGridPageTestBase`1.SeedTestData(List`1 invoices) in C:\Users\kimri\OneDrive\Desktop\DKSKMaui\DKSKMaui.Tests\Components\Base\DataGridPageTestBase.cs:line 201
   at DKSKMaui.Tests.Components.Pages.AccountsReceivableTests.AccountsReceivable_DataGridHasCorrectColumns() in C:\Users\kimri\OneDrive\Desktop\DKSKMaui\DKSKMaui.Tests\Components\Pages\AccountsReceivablePageTests.cs:line 91
--- End of stack trace from previous location ---
  Failed DKSKMaui.Tests.Components.Pages.AccountsReceivableTests.AccountsReceivable_GridPagination_Enabled [3 ms]
  Error Message:
   System.ArgumentException : An item with the same key has already been added. Key: 1
  Stack Trace:
     at System.Collections.Generic.Dictionary`2.TryInsert(TKey key, TValue value, InsertionBehavior behavior)
   at System.Collections.Generic.Dictionary`2.Add(TKey key, TValue value)
   at Microsoft.EntityFrameworkCore.InMemory.Storage.Internal.InMemoryTable`1.Create(IUpdateEntry entry, IDiagnosticsLogger`1 updateLogger)
   at Microsoft.EntityFrameworkCore.InMemory.Storage.Internal.InMemoryStore.ExecuteTransaction(IList`1 entries, IDiagnosticsLogger`1 updateLogger)
   at Microsoft.EntityFrameworkCore.InMemory.Storage.Internal.InMemoryDatabase.SaveChangesAsync(IList`1 entries, CancellationToken cancellationToken)
   at Microsoft.EntityFrameworkCore.ChangeTracking.Internal.StateManager.SaveChangesAsync(IList`1 entriesToSave, CancellationToken cancellationToken)
   at Microsoft.EntityFrameworkCore.ChangeTracking.Internal.StateManager.SaveChangesAsync(StateManager stateManager, Boolean acceptAllChangesOnSuccess, CancellationToken cancellationToken)
   at Microsoft.EntityFrameworkCore.DbContext.SaveChangesAsync(Boolean acceptAllChangesOnSuccess, CancellationToken cancellationToken)
   at Microsoft.EntityFrameworkCore.DbContext.SaveChangesAsync(Boolean acceptAllChangesOnSuccess, CancellationToken cancellationToken)
   at DKSKMaui.Tests.Components.Base.DataGridPageTestBase`1.SeedTestData(List`1 invoices) in C:\Users\kimri\OneDrive\Desktop\DKSKMaui\DKSKMaui.Tests\Components\Base\DataGridPageTestBase.cs:line 201
   at DKSKMaui.Tests.Components.Pages.AccountsReceivableTests.AccountsReceivable_GridPagination_Enabled() in C:\Users\kimri\OneDrive\Desktop\DKSKMaui\DKSKMaui.Tests\Components\Pages\AccountsReceivablePageTests.cs:line 240
--- End of stack trace from previous location ---
[xUnit.net 00:00:01.31]     
DKSKMaui.Tests.Components.Pages.AccountsReceivableTests.AccountsReceivable_CheckboxSelection_Functionality [FAIL]
[xUnit.net 00:00:01.31]     
DKSKMaui.Tests.Components.Pages.AccountsReceivableTests.AccountsReceivable_GridColumnResize_Enabled [FAIL]
[xUnit.net 00:00:01.31]     
DKSKMaui.Tests.Components.Pages.AccountsReceivableTests.AccountsReceivable_ColumnReordered_EventHandler [FAIL]
[xUnit.net 00:00:01.32]     
DKSKMaui.Tests.Components.Pages.AccountsReceivableTests.AccountsReceivable_RendersPageTitle [FAIL]
[xUnit.net 00:00:01.33]     
DKSKMaui.Tests.Components.Pages.AccountsReceivableTests.AccountsReceivable_HandlesEmptyInvoiceList [FAIL]
[xUnit.net 00:00:01.33]     
DKSKMaui.Tests.Components.Pages.AccountsReceivableTests.AccountsReceivable_GridColumnReorder_Enabled [FAIL]
[xUnit.net 00:00:01.33]     
DKSKMaui.Tests.Components.Pages.AccountsReceivableTests.AccountsReceivable_RequiredServices_AreInjected [FAIL]
[xUnit.net 00:00:01.34]     
DKSKMaui.Tests.Components.Pages.AccountsReceivableTests.AccountsReceivable_EditableFields_AppearWhenSelected [FAIL]
[xUnit.net 00:00:01.34]     
DKSKMaui.Tests.Components.Pages.AccountsReceivableTests.AccountsReceivable_RendersActionButtons [FAIL]
  Failed DKSKMaui.Tests.Components.Pages.AccountsReceivableTests.AccountsReceivable_CheckboxSelection_Functionality [2 ms]
  Error Message:
   System.ArgumentException : An item with the same key has already been added. Key: 1
  Stack Trace:
     at System.Collections.Generic.Dictionary`2.TryInsert(TKey key, TValue value, InsertionBehavior behavior)
   at System.Collections.Generic.Dictionary`2.Add(TKey key, TValue value)
   at Microsoft.EntityFrameworkCore.InMemory.Storage.Internal.InMemoryTable`1.Create(IUpdateEntry entry, IDiagnosticsLogger`1 updateLogger)
   at Microsoft.EntityFrameworkCore.InMemory.Storage.Internal.InMemoryStore.ExecuteTransaction(IList`1 entries, IDiagnosticsLogger`1 updateLogger)
   at Microsoft.EntityFrameworkCore.InMemory.Storage.Internal.InMemoryDatabase.SaveChangesAsync(IList`1 entries, CancellationToken cancellationToken)
   at Microsoft.EntityFrameworkCore.ChangeTracking.Internal.StateManager.SaveChangesAsync(IList`1 entriesToSave, CancellationToken cancellationToken)
   at Microsoft.EntityFrameworkCore.ChangeTracking.Internal.StateManager.SaveChangesAsync(StateManager stateManager, Boolean acceptAllChangesOnSuccess, CancellationToken cancellationToken)
   at Microsoft.EntityFrameworkCore.DbContext.SaveChangesAsync(Boolean acceptAllChangesOnSuccess, CancellationToken cancellationToken)
   at Microsoft.EntityFrameworkCore.DbContext.SaveChangesAsync(Boolean acceptAllChangesOnSuccess, CancellationToken cancellationToken)
   at DKSKMaui.Tests.Components.Base.DataGridPageTestBase`1.SeedTestData(List`1 invoices) in C:\Users\kimri\OneDrive\Desktop\DKSKMaui\DKSKMaui.Tests\Components\Base\DataGridPageTestBase.cs:line 201
   at DKSKMaui.Tests.Components.Pages.AccountsReceivableTests.AccountsReceivable_CheckboxSelection_Functionality() in C:\Users\kimri\OneDrive\Desktop\DKSKMaui\DKSKMaui.Tests\Components\Pages\AccountsReceivablePageTests.cs:line 225
--- End of stack trace from previous location ---
  Failed DKSKMaui.Tests.Components.Pages.AccountsReceivableTests.AccountsReceivable_GridColumnResize_Enabled [2 ms]
  Error Message:
   System.ArgumentException : An item with the same key has already been added. Key: 1
  Stack Trace:
     at System.Collections.Generic.Dictionary`2.TryInsert(TKey key, TValue value, InsertionBehavior behavior)
   at System.Collections.Generic.Dictionary`2.Add(TKey key, TValue value)
   at Microsoft.EntityFrameworkCore.InMemory.Storage.Internal.InMemoryTable`1.Create(IUpdateEntry entry, IDiagnosticsLogger`1 updateLogger)
   at Microsoft.EntityFrameworkCore.InMemory.Storage.Internal.InMemoryStore.ExecuteTransaction(IList`1 entries, IDiagnosticsLogger`1 updateLogger)
   at Microsoft.EntityFrameworkCore.InMemory.Storage.Internal.InMemoryDatabase.SaveChangesAsync(IList`1 entries, CancellationToken cancellationToken)
   at Microsoft.EntityFrameworkCore.ChangeTracking.Internal.StateManager.SaveChangesAsync(IList`1 entriesToSave, CancellationToken cancellationToken)
   at Microsoft.EntityFrameworkCore.ChangeTracking.Internal.StateManager.SaveChangesAsync(StateManager stateManager, Boolean acceptAllChangesOnSuccess, CancellationToken cancellationToken)
   at Microsoft.EntityFrameworkCore.DbContext.SaveChangesAsync(Boolean acceptAllChangesOnSuccess, CancellationToken cancellationToken)
   at Microsoft.EntityFrameworkCore.DbContext.SaveChangesAsync(Boolean acceptAllChangesOnSuccess, CancellationToken cancellationToken)
   at DKSKMaui.Tests.Components.Base.DataGridPageTestBase`1.SeedTestData(List`1 invoices) in C:\Users\kimri\OneDrive\Desktop\DKSKMaui\DKSKMaui.Tests\Components\Base\DataGridPageTestBase.cs:line 201
   at DKSKMaui.Tests.Components.Pages.AccountsReceivableTests.AccountsReceivable_GridColumnResize_Enabled() in C:\Users\kimri\OneDrive\Desktop\DKSKMaui\DKSKMaui.Tests\Components\Pages\AccountsReceivablePageTests.cs:line 269
--- End of stack trace from previous location ---
  Failed DKSKMaui.Tests.Components.Pages.AccountsReceivableTests.AccountsReceivable_ColumnReordered_EventHandler [3 ms]
  Error Message:
   System.ArgumentException : An item with the same key has already been added. Key: 1
  Stack Trace:
     at System.Collections.Generic.Dictionary`2.TryInsert(TKey key, TValue value, InsertionBehavior behavior)
   at System.Collections.Generic.Dictionary`2.Add(TKey key, TValue value)
   at Microsoft.EntityFrameworkCore.InMemory.Storage.Internal.InMemoryTable`1.Create(IUpdateEntry entry, IDiagnosticsLogger`1 updateLogger)
   at Microsoft.EntityFrameworkCore.InMemory.Storage.Internal.InMemoryStore.ExecuteTransaction(IList`1 entries, IDiagnosticsLogger`1 updateLogger)
   at Microsoft.EntityFrameworkCore.InMemory.Storage.Internal.InMemoryDatabase.SaveChangesAsync(IList`1 entries, CancellationToken cancellationToken)
   at Microsoft.EntityFrameworkCore.ChangeTracking.Internal.StateManager.SaveChangesAsync(IList`1 entriesToSave, CancellationToken cancellationToken)
   at Microsoft.EntityFrameworkCore.ChangeTracking.Internal.StateManager.SaveChangesAsync(StateManager stateManager, Boolean acceptAllChangesOnSuccess, CancellationToken cancellationToken)
   at Microsoft.EntityFrameworkCore.DbContext.SaveChangesAsync(Boolean acceptAllChangesOnSuccess, CancellationToken cancellationToken)
   at Microsoft.EntityFrameworkCore.DbContext.SaveChangesAsync(Boolean acceptAllChangesOnSuccess, CancellationToken cancellationToken)
   at DKSKMaui.Tests.Components.Base.DataGridPageTestBase`1.SeedTestData(List`1 invoices) in C:\Users\kimri\OneDrive\Desktop\DKSKMaui\DKSKMaui.Tests\Components\Base\DataGridPageTestBase.cs:line 201
   at DKSKMaui.Tests.Components.Pages.AccountsReceivableTests.AccountsReceivable_ColumnReordered_EventHandler() in C:\Users\kimri\OneDrive\Desktop\DKSKMaui\DKSKMaui.Tests\Components\Pages\AccountsReceivablePageTests.cs:line 297
--- End of stack trace from previous location ---
  Failed DKSKMaui.Tests.Components.Pages.AccountsReceivableTests.AccountsReceivable_RendersPageTitle [2 ms]
  Error Message:
   System.ArgumentException : Can not instantiate proxy of class: Radzen.DialogService.
Could not find a parameterless constructor. (Parameter 'constructorArguments')
---- System.MissingMethodException : Constructor on type 'Castle.Proxies.DialogServiceProxy' not found.
  Stack Trace:
     at Castle.DynamicProxy.ProxyGenerator.CreateClassProxyInstance(Type proxyType, List`1 proxyArguments, Type classToProxy, Object[] constructorArguments)
   at Castle.DynamicProxy.ProxyGenerator.CreateClassProxy(Type classToProxy, Type[] additionalInterfacesToProxy, ProxyGenerationOptions options, Object[] constructorArguments, IInterceptor[] interceptors)
   at Moq.CastleProxyFactory.CreateProxy(Type mockType, IInterceptor interceptor, Type[] interfaces, Object[] arguments) in /_/src/Moq/Interception/CastleProxyFactory.cs:line 110
   at Moq.Mock`1.InitializeInstance() in /_/src/Moq/Mock`1.cs:line 502
   at Moq.Mock`1.OnGetObject() in /_/src/Moq/Mock`1.cs:line 516
   at Moq.Mock.get_Object() in /_/src/Moq/Mock.cs:line 180
   at Moq.Mock`1.get_Object() in /_/src/Moq/Mock`1.cs:line 453
   at DKSKMaui.Tests.Components.Base.DataGridPageTestBase`1.<.ctor>b__32_1(IServiceProvider _) in C:\Users\kimri\OneDrive\Desktop\DKSKMaui\DKSKMaui.Tests\Components\Base\DataGridPageTestBase.cs:line 49
   at Microsoft.Extensions.DependencyInjection.ServiceLookup.CallSiteVisitor`2.VisitCallSiteMain(ServiceCallSite callSite, TArgument argument)
   at Microsoft.Extensions.DependencyInjection.ServiceLookup.CallSiteRuntimeResolver.VisitCache(ServiceCallSite callSite, RuntimeResolverContext context, ServiceProviderEngineScope serviceProviderEngine, RuntimeResolverLock lockType)
   at Microsoft.Extensions.DependencyInjection.ServiceLookup.CallSiteRuntimeResolver.VisitScopeCache(ServiceCallSite callSite, RuntimeResolverContext context)
   at Microsoft.Extensions.DependencyInjection.ServiceLookup.CallSiteVisitor`2.VisitCallSite(ServiceCallSite callSite, TArgument argument)
   at Microsoft.Extensions.DependencyInjection.ServiceLookup.CallSiteRuntimeResolver.Resolve(ServiceCallSite callSite, ServiceProviderEngineScope scope)
   at Microsoft.Extensions.DependencyInjection.ServiceLookup.DynamicServiceProviderEngine.<>c__DisplayClass2_0.<RealizeService>b__0(ServiceProviderEngineScope scope)
   at Microsoft.Extensions.DependencyInjection.ServiceProvider.GetService(ServiceIdentifier serviceIdentifier, ServiceProviderEngineScope serviceProviderEngineScope)
   at Microsoft.Extensions.DependencyInjection.ServiceLookup.ServiceProviderEngineScope.GetService(Type serviceType)
   at Bunit.TestServiceProvider.GetServiceInternal(Type serviceType) in /_/src/bunit.core/TestServiceProvider.cs:line 155
   at Bunit.TestServiceProvider.GetService(Type serviceType) in /_/src/bunit.core/TestServiceProvider.cs:line 147
   at Microsoft.AspNetCore.Components.ComponentFactory.<>c__DisplayClass9_0.<CreatePropertyInjector>g__Initialize|1(IServiceProvider serviceProvider, IComponent component)
   at Microsoft.AspNetCore.Components.ComponentFactory.InstantiateComponent(IServiceProvider serviceProvider, Type componentType, IComponentRenderMode callerSpecifiedRenderMode, Nullable`1 parentComponentId)
   at Microsoft.AspNetCore.Components.RenderTree.Renderer.InstantiateChildComponentOnFrame(RenderTreeFrame[] frames, Int32 frameIndex, Int32 parentComponentId)
   at Microsoft.AspNetCore.Components.RenderTree.RenderTreeDiffBuilder.InitializeNewComponentFrame(DiffContext& diffContext, Int32 frameIndex)
   at Microsoft.AspNetCore.Components.RenderTree.RenderTreeDiffBuilder.InitializeNewSubtree(DiffContext& diffContext, Int32 frameIndex)
   at Microsoft.AspNetCore.Components.RenderTree.RenderTreeDiffBuilder.InsertNewFrame(DiffContext& diffContext, Int32 newFrameIndex)
   at Microsoft.AspNetCore.Components.RenderTree.RenderTreeDiffBuilder.AppendDiffEntriesForRange(DiffContext& diffContext, Int32 oldStartIndex, Int32 oldEndIndexExcl, Int32 newStartIndex, Int32 newEndIndexExcl)
   at Microsoft.AspNetCore.Components.RenderTree.RenderTreeDiffBuilder.ComputeDiff(Renderer renderer, RenderBatchBuilder batchBuilder, Int32 componentId, ArrayRange`1 oldTree, ArrayRange`1 newTree)
   at Microsoft.AspNetCore.Components.Rendering.ComponentState.RenderIntoBatch(RenderBatchBuilder batchBuilder, RenderFragment renderFragment, Exception& renderFragmentException)
   at Microsoft.AspNetCore.Components.RenderTree.Renderer.ProcessRenderQueue()
--- End of stack trace from previous location ---
   at Bunit.Rendering.TestRenderer.AssertNoUnhandledExceptions() in /_/src/bunit.core/Rendering/TestRenderer.cs:line 629
   at Bunit.Rendering.TestRenderer.Render[TResult](RenderFragment renderFragment, Func`2 activator) in /_/src/bunit.core/Rendering/TestRenderer.cs:line 480
   at Bunit.Rendering.TestRenderer.RenderFragment(RenderFragment renderFragment) in /_/src/bunit.core/Rendering/TestRenderer.cs:line 101
   at Bunit.Extensions.TestContextBaseRenderExtensions.RenderInsideRenderTree(TestContextBase testContext, RenderFragment renderFragment) in /_/src/bunit.core/Extensions/TestContextBaseRenderExtensions.cs:line 43
   at Bunit.Extensions.TestContextBaseRenderExtensions.RenderInsideRenderTree[TComponent](TestContextBase testContext, RenderFragment renderFragment) in /_/src/bunit.core/Extensions/TestContextBaseRenderExtensions.cs:line 23
   at Bunit.TestContext.Render[TComponent](RenderFragment renderFragment) in /_/src/bunit.web/TestContext.cs:line 66
   at Bunit.TestContext.RenderComponent[TComponent](Action`1 parameterBuilder) in /_/src/bunit.web/TestContext.cs:line 52
   at DKSKMaui.Tests.Components.Pages.AccountsReceivableTests.AccountsReceivable_RendersPageTitle() in C:\Users\kimri\OneDrive\Desktop\DKSKMaui\DKSKMaui.Tests\Components\Pages\AccountsReceivablePageTests.cs:line 25
   at System.RuntimeMethodHandle.InvokeMethod(Object target, Void** arguments, Signature sig, Boolean isConstructor)
   at System.Reflection.MethodBaseInvoker.InvokeWithNoArgs(Object obj, BindingFlags invokeAttr)
----- Inner Stack Trace -----
   at System.RuntimeType.CreateInstanceImpl(BindingFlags bindingAttr, Binder binder, Object[] args, CultureInfo culture)
   at Castle.DynamicProxy.ProxyGenerator.CreateClassProxyInstance(Type proxyType, List`1 proxyArguments, Type classToProxy, Object[] constructorArguments)
  Failed DKSKMaui.Tests.Components.Pages.AccountsReceivableTests.AccountsReceivable_HandlesEmptyInvoiceList [4 ms]
  Error Message:
   System.ArgumentException : Can not instantiate proxy of class: Radzen.DialogService.
Could not find a parameterless constructor. (Parameter 'constructorArguments')
---- System.MissingMethodException : Constructor on type 'Castle.Proxies.DialogServiceProxy' not found.
  Stack Trace:
     at Castle.DynamicProxy.ProxyGenerator.CreateClassProxyInstance(Type proxyType, List`1 proxyArguments, Type classToProxy, Object[] constructorArguments)
   at Castle.DynamicProxy.ProxyGenerator.CreateClassProxy(Type classToProxy, Type[] additionalInterfacesToProxy, ProxyGenerationOptions options, Object[] constructorArguments, IInterceptor[] interceptors)
   at Moq.CastleProxyFactory.CreateProxy(Type mockType, IInterceptor interceptor, Type[] interfaces, Object[] arguments) in /_/src/Moq/Interception/CastleProxyFactory.cs:line 110
   at Moq.Mock`1.InitializeInstance() in /_/src/Moq/Mock`1.cs:line 502
   at Moq.Mock`1.OnGetObject() in /_/src/Moq/Mock`1.cs:line 516
   at Moq.Mock.get_Object() in /_/src/Moq/Mock.cs:line 180
   at Moq.Mock`1.get_Object() in /_/src/Moq/Mock`1.cs:line 453
   at DKSKMaui.Tests.Components.Base.DataGridPageTestBase`1.<.ctor>b__32_1(IServiceProvider _) in C:\Users\kimri\OneDrive\Desktop\DKSKMaui\DKSKMaui.Tests\Components\Base\DataGridPageTestBase.cs:line 49
   at Microsoft.Extensions.DependencyInjection.ServiceLookup.CallSiteVisitor`2.VisitCallSiteMain(ServiceCallSite callSite, TArgument argument)
   at Microsoft.Extensions.DependencyInjection.ServiceLookup.CallSiteRuntimeResolver.VisitCache(ServiceCallSite callSite, RuntimeResolverContext context, ServiceProviderEngineScope serviceProviderEngine, RuntimeResolverLock lockType)
   at Microsoft.Extensions.DependencyInjection.ServiceLookup.CallSiteRuntimeResolver.VisitScopeCache(ServiceCallSite callSite, RuntimeResolverContext context)
   at Microsoft.Extensions.DependencyInjection.ServiceLookup.CallSiteVisitor`2.VisitCallSite(ServiceCallSite callSite, TArgument argument)
   at Microsoft.Extensions.DependencyInjection.ServiceLookup.CallSiteRuntimeResolver.Resolve(ServiceCallSite callSite, ServiceProviderEngineScope scope)
   at Microsoft.Extensions.DependencyInjection.ServiceLookup.DynamicServiceProviderEngine.<>c__DisplayClass2_0.<RealizeService>b__0(ServiceProviderEngineScope scope)
   at Microsoft.Extensions.DependencyInjection.ServiceProvider.GetService(ServiceIdentifier serviceIdentifier, ServiceProviderEngineScope serviceProviderEngineScope)
   at Microsoft.Extensions.DependencyInjection.ServiceLookup.ServiceProviderEngineScope.GetService(Type serviceType)
   at Bunit.TestServiceProvider.GetServiceInternal(Type serviceType) in /_/src/bunit.core/TestServiceProvider.cs:line 155
   at Bunit.TestServiceProvider.GetService(Type serviceType) in /_/src/bunit.core/TestServiceProvider.cs:line 147
   at Microsoft.AspNetCore.Components.ComponentFactory.<>c__DisplayClass9_0.<CreatePropertyInjector>g__Initialize|1(IServiceProvider serviceProvider, IComponent component)
   at Microsoft.AspNetCore.Components.ComponentFactory.InstantiateComponent(IServiceProvider serviceProvider, Type componentType, IComponentRenderMode callerSpecifiedRenderMode, Nullable`1 parentComponentId)
   at Microsoft.AspNetCore.Components.RenderTree.Renderer.InstantiateChildComponentOnFrame(RenderTreeFrame[] frames, Int32 frameIndex, Int32 parentComponentId)
   at Microsoft.AspNetCore.Components.RenderTree.RenderTreeDiffBuilder.InitializeNewComponentFrame(DiffContext& diffContext, Int32 frameIndex)
   at Microsoft.AspNetCore.Components.RenderTree.RenderTreeDiffBuilder.InitializeNewSubtree(DiffContext& diffContext, Int32 frameIndex)
   at Microsoft.AspNetCore.Components.RenderTree.RenderTreeDiffBuilder.InsertNewFrame(DiffContext& diffContext, Int32 newFrameIndex)
   at Microsoft.AspNetCore.Components.RenderTree.RenderTreeDiffBuilder.AppendDiffEntriesForRange(DiffContext& diffContext, Int32 oldStartIndex, Int32 oldEndIndexExcl, Int32 newStartIndex, Int32 newEndIndexExcl)
   at Microsoft.AspNetCore.Components.RenderTree.RenderTreeDiffBuilder.ComputeDiff(Renderer renderer, RenderBatchBuilder batchBuilder, Int32 componentId, ArrayRange`1 oldTree, ArrayRange`1 newTree)
   at Microsoft.AspNetCore.Components.Rendering.ComponentState.RenderIntoBatch(RenderBatchBuilder batchBuilder, RenderFragment renderFragment, Exception& renderFragmentException)
   at Microsoft.AspNetCore.Components.RenderTree.Renderer.ProcessRenderQueue()
--- End of stack trace from previous location ---
   at Bunit.Rendering.TestRenderer.AssertNoUnhandledExceptions() in /_/src/bunit.core/Rendering/TestRenderer.cs:line 629
   at Bunit.Rendering.TestRenderer.Render[TResult](RenderFragment renderFragment, Func`2 activator) in /_/src/bunit.core/Rendering/TestRenderer.cs:line 480
   at Bunit.Rendering.TestRenderer.RenderFragment(RenderFragment renderFragment) in /_/src/bunit.core/Rendering/TestRenderer.cs:line 101
   at Bunit.Extensions.TestContextBaseRenderExtensions.RenderInsideRenderTree(TestContextBase testContext, RenderFragment renderFragment) in /_/src/bunit.core/Extensions/TestContextBaseRenderExtensions.cs:line 43
   at Bunit.Extensions.TestContextBaseRenderExtensions.RenderInsideRenderTree[TComponent](TestContextBase testContext, RenderFragment renderFragment) in /_/src/bunit.core/Extensions/TestContextBaseRenderExtensions.cs:line 23
   at Bunit.TestContext.Render[TComponent](RenderFragment renderFragment) in /_/src/bunit.web/TestContext.cs:line 66
   at Bunit.TestContext.RenderComponent[TComponent](Action`1 parameterBuilder) in /_/src/bunit.web/TestContext.cs:line 52
   at DKSKMaui.Tests.Components.Pages.AccountsReceivableTests.AccountsReceivable_HandlesEmptyInvoiceList() in C:\Users\kimri\OneDrive\Desktop\DKSKMaui\DKSKMaui.Tests\Components\Pages\AccountsReceivablePageTests.cs:line 139
--- End of stack trace from previous location ---
----- Inner Stack Trace -----
   at System.RuntimeType.CreateInstanceImpl(BindingFlags bindingAttr, Binder binder, Object[] args, CultureInfo culture)
   at Castle.DynamicProxy.ProxyGenerator.CreateClassProxyInstance(Type proxyType, List`1 proxyArguments, Type classToProxy, Object[] constructorArguments)
  Failed DKSKMaui.Tests.Components.Pages.AccountsReceivableTests.AccountsReceivable_GridColumnReorder_Enabled [2 ms]
  Error Message:
   System.ArgumentException : An item with the same key has already been added. Key: 1
  Stack Trace:
     at System.Collections.Generic.Dictionary`2.TryInsert(TKey key, TValue value, InsertionBehavior behavior)
   at System.Collections.Generic.Dictionary`2.Add(TKey key, TValue value)
   at Microsoft.EntityFrameworkCore.InMemory.Storage.Internal.InMemoryTable`1.Create(IUpdateEntry entry, IDiagnosticsLogger`1 updateLogger)
   at Microsoft.EntityFrameworkCore.InMemory.Storage.Internal.InMemoryStore.ExecuteTransaction(IList`1 entries, IDiagnosticsLogger`1 updateLogger)
   at Microsoft.EntityFrameworkCore.InMemory.Storage.Internal.InMemoryDatabase.SaveChangesAsync(IList`1 entries, CancellationToken cancellationToken)
   at Microsoft.EntityFrameworkCore.ChangeTracking.Internal.StateManager.SaveChangesAsync(IList`1 entriesToSave, CancellationToken cancellationToken)
   at Microsoft.EntityFrameworkCore.ChangeTracking.Internal.StateManager.SaveChangesAsync(StateManager stateManager, Boolean acceptAllChangesOnSuccess, CancellationToken cancellationToken)
   at Microsoft.EntityFrameworkCore.DbContext.SaveChangesAsync(Boolean acceptAllChangesOnSuccess, CancellationToken cancellationToken)
   at Microsoft.EntityFrameworkCore.DbContext.SaveChangesAsync(Boolean acceptAllChangesOnSuccess, CancellationToken cancellationToken)
   at DKSKMaui.Tests.Components.Base.DataGridPageTestBase`1.SeedTestData(List`1 invoices) in C:\Users\kimri\OneDrive\Desktop\DKSKMaui\DKSKMaui.Tests\Components\Base\DataGridPageTestBase.cs:line 201
   at DKSKMaui.Tests.Components.Pages.AccountsReceivableTests.AccountsReceivable_GridColumnReorder_Enabled() in C:\Users\kimri\OneDrive\Desktop\DKSKMaui\DKSKMaui.Tests\Components\Pages\AccountsReceivablePageTests.cs:line 283
--- End of stack trace from previous location ---
  Failed DKSKMaui.Tests.Components.Pages.AccountsReceivableTests.AccountsReceivable_RequiredServices_AreInjected [2 ms]
  Error Message:
   System.ArgumentException : An item with the same key has already been added. Key: 1
  Stack Trace:
     at System.Collections.Generic.Dictionary`2.TryInsert(TKey key, TValue value, InsertionBehavior behavior)
   at System.Collections.Generic.Dictionary`2.Add(TKey key, TValue value)
   at Microsoft.EntityFrameworkCore.InMemory.Storage.Internal.InMemoryTable`1.Create(IUpdateEntry entry, IDiagnosticsLogger`1 updateLogger)
   at Microsoft.EntityFrameworkCore.InMemory.Storage.Internal.InMemoryStore.ExecuteTransaction(IList`1 entries, IDiagnosticsLogger`1 updateLogger)
   at Microsoft.EntityFrameworkCore.InMemory.Storage.Internal.InMemoryDatabase.SaveChangesAsync(IList`1 entries, CancellationToken cancellationToken)
   at Microsoft.EntityFrameworkCore.ChangeTracking.Internal.StateManager.SaveChangesAsync(IList`1 entriesToSave, CancellationToken cancellationToken)
   at Microsoft.EntityFrameworkCore.ChangeTracking.Internal.StateManager.SaveChangesAsync(StateManager stateManager, Boolean acceptAllChangesOnSuccess, CancellationToken cancellationToken)
   at Microsoft.EntityFrameworkCore.DbContext.SaveChangesAsync(Boolean acceptAllChangesOnSuccess, CancellationToken cancellationToken)
   at Microsoft.EntityFrameworkCore.DbContext.SaveChangesAsync(Boolean acceptAllChangesOnSuccess, CancellationToken cancellationToken)
   at DKSKMaui.Tests.Components.Base.DataGridPageTestBase`1.SeedTestData(List`1 invoices) in C:\Users\kimri\OneDrive\Desktop\DKSKMaui\DKSKMaui.Tests\Components\Base\DataGridPageTestBase.cs:line 201
   at DKSKMaui.Tests.Components.Pages.AccountsReceivableTests.AccountsReceivable_RequiredServices_AreInjected() in C:\Users\kimri\OneDrive\Desktop\DKSKMaui\DKSKMaui.Tests\Components\Pages\AccountsReceivablePageTests.cs:line 327
--- End of stack trace from previous location ---
  Failed DKSKMaui.Tests.Components.Pages.AccountsReceivableTests.AccountsReceivable_EditableFields_AppearWhenSelected [5 ms]
  Error Message:
   System.ArgumentException : An item with the same key has already been added. Key: 1
  Stack Trace:
     at System.Collections.Generic.Dictionary`2.TryInsert(TKey key, TValue value, InsertionBehavior behavior)
   at System.Collections.Generic.Dictionary`2.Add(TKey key, TValue value)
   at Microsoft.EntityFrameworkCore.InMemory.Storage.Internal.InMemoryTable`1.Create(IUpdateEntry entry, IDiagnosticsLogger`1 updateLogger)
   at Microsoft.EntityFrameworkCore.InMemory.Storage.Internal.InMemoryStore.ExecuteTransaction(IList`1 entries, IDiagnosticsLogger`1 updateLogger)
   at Microsoft.EntityFrameworkCore.InMemory.Storage.Internal.InMemoryDatabase.SaveChangesAsync(IList`1 entries, CancellationToken cancellationToken)
   at Microsoft.EntityFrameworkCore.ChangeTracking.Internal.StateManager.SaveChangesAsync(IList`1 entriesToSave, CancellationToken cancellationToken)
   at Microsoft.EntityFrameworkCore.ChangeTracking.Internal.StateManager.SaveChangesAsync(StateManager stateManager, Boolean acceptAllChangesOnSuccess, CancellationToken cancellationToken)
   at Microsoft.EntityFrameworkCore.DbContext.SaveChangesAsync(Boolean acceptAllChangesOnSuccess, CancellationToken cancellationToken)
   at Microsoft.EntityFrameworkCore.DbContext.SaveChangesAsync(Boolean acceptAllChangesOnSuccess, CancellationToken cancellationToken)
   at DKSKMaui.Tests.Components.Base.DataGridPageTestBase`1.SeedTestData(List`1 invoices) in C:\Users\kimri\OneDrive\Desktop\DKSKMaui\DKSKMaui.Tests\Components\Base\DataGridPageTestBase.cs:line 201
   at DKSKMaui.Tests.Components.Pages.AccountsReceivableTests.AccountsReceivable_EditableFields_AppearWhenSelected() in C:\Users\kimri\OneDrive\Desktop\DKSKMaui\DKSKMaui.Tests\Components\Pages\AccountsReceivablePageTests.cs:line 122
--- End of stack trace from previous location ---
  Failed DKSKMaui.Tests.Components.Pages.AccountsReceivableTests.AccountsReceivable_RendersActionButtons [2 ms]
  Error Message:
   System.ArgumentException : Can not instantiate proxy of class: Radzen.DialogService.
Could not find a parameterless constructor. (Parameter 'constructorArguments')
---- System.MissingMethodException : Constructor on type 'Castle.Proxies.DialogServiceProxy' not found.
  Stack Trace:
     at Castle.DynamicProxy.ProxyGenerator.CreateClassProxyInstance(Type proxyType, List`1 proxyArguments, Type classToProxy, Object[] constructorArguments)
   at Castle.DynamicProxy.ProxyGenerator.CreateClassProxy(Type classToProxy, Type[] additionalInterfacesToProxy, ProxyGenerationOptions options, Object[] constructorArguments, IInterceptor[] interceptors)
   at Moq.CastleProxyFactory.CreateProxy(Type mockType, IInterceptor interceptor, Type[] interfaces, Object[] arguments) in /_/src/Moq/Interception/CastleProxyFactory.cs:line 110
   at Moq.Mock`1.InitializeInstance() in /_/src/Moq/Mock`1.cs:line 502
   at Moq.Mock`1.OnGetObject() in /_/src/Moq/Mock`1.cs:line 516
   at Moq.Mock.get_Object() in /_/src/Moq/Mock.cs:line 180
   at Moq.Mock`1.get_Object() in /_/src/Moq/Mock`1.cs:line 453
   at DKSKMaui.Tests.Components.Base.DataGridPageTestBase`1.<.ctor>b__32_1(IServiceProvider _) in C:\Users\kimri\OneDrive\Desktop\DKSKMaui\DKSKMaui.Tests\Components\Base\DataGridPageTestBase.cs:line 49
   at Microsoft.Extensions.DependencyInjection.ServiceLookup.CallSiteVisitor`2.VisitCallSiteMain(ServiceCallSite callSite, TArgument argument)
   at Microsoft.Extensions.DependencyInjection.ServiceLookup.CallSiteRuntimeResolver.VisitCache(ServiceCallSite callSite, RuntimeResolverContext context, ServiceProviderEngineScope serviceProviderEngine, RuntimeResolverLock lockType)
   at Microsoft.Extensions.DependencyInjection.ServiceLookup.CallSiteRuntimeResolver.VisitScopeCache(ServiceCallSite callSite, RuntimeResolverContext context)
   at Microsoft.Extensions.DependencyInjection.ServiceLookup.CallSiteVisitor`2.VisitCallSite(ServiceCallSite callSite, TArgument argument)
   at Microsoft.Extensions.DependencyInjection.ServiceLookup.CallSiteRuntimeResolver.Resolve(ServiceCallSite callSite, ServiceProviderEngineScope scope)
   at Microsoft.Extensions.DependencyInjection.ServiceLookup.DynamicServiceProviderEngine.<>c__DisplayClass2_0.<RealizeService>b__0(ServiceProviderEngineScope scope)
   at Microsoft.Extensions.DependencyInjection.ServiceProvider.GetService(ServiceIdentifier serviceIdentifier, ServiceProviderEngineScope serviceProviderEngineScope)
   at Microsoft.Extensions.DependencyInjection.ServiceLookup.ServiceProviderEngineScope.GetService(Type serviceType)
   at Bunit.TestServiceProvider.GetServiceInternal(Type serviceType) in /_/src/bunit.core/TestServiceProvider.cs:line 155
   at Bunit.TestServiceProvider.GetService(Type serviceType) in /_/src/bunit.core/TestServiceProvider.cs:line 147
   at Microsoft.AspNetCore.Components.ComponentFactory.<>c__DisplayClass9_0.<CreatePropertyInjector>g__Initialize|1(IServiceProvider serviceProvider, IComponent component)
   at Microsoft.AspNetCore.Components.ComponentFactory.InstantiateComponent(IServiceProvider serviceProvider, Type componentType, IComponentRenderMode callerSpecifiedRenderMode, Nullable`1 parentComponentId)
   at Microsoft.AspNetCore.Components.RenderTree.Renderer.InstantiateChildComponentOnFrame(RenderTreeFrame[] frames, Int32 frameIndex, Int32 parentComponentId)
   at Microsoft.AspNetCore.Components.RenderTree.RenderTreeDiffBuilder.InitializeNewComponentFrame(DiffContext& diffContext, Int32 frameIndex)
   at Microsoft.AspNetCore.Components.RenderTree.RenderTreeDiffBuilder.InitializeNewSubtree(DiffContext& diffContext, Int32 frameIndex)
   at Microsoft.AspNetCore.Components.RenderTree.RenderTreeDiffBuilder.InsertNewFrame(DiffContext& diffContext, Int32 newFrameIndex)
   at Microsoft.AspNetCore.Components.RenderTree.RenderTreeDiffBuilder.AppendDiffEntriesForRange(DiffContext& diffContext, Int32 oldStartIndex, Int32 oldEndIndexExcl, Int32 newStartIndex, Int32 newEndIndexExcl)
   at Microsoft.AspNetCore.Components.RenderTree.RenderTreeDiffBuilder.ComputeDiff(Renderer renderer, RenderBatchBuilder batchBuilder, Int32 componentId, ArrayRange`1 oldTree, ArrayRange`1 newTree)
   at Microsoft.AspNetCore.Components.Rendering.ComponentState.RenderIntoBatch(RenderBatchBuilder batchBuilder, RenderFragment renderFragment, Exception& renderFragmentException)
   at Microsoft.AspNetCore.Components.RenderTree.Renderer.ProcessRenderQueue()
--- End of stack trace from previous location ---
   at Bunit.Rendering.TestRenderer.AssertNoUnhandledExceptions() in /_/src/bunit.core/Rendering/TestRenderer.cs:line 629
   at Bunit.Rendering.TestRenderer.Render[TResult](RenderFragment renderFragment, Func`2 activator) in /_/src/bunit.core/Rendering/TestRenderer.cs:line 480
   at Bunit.Rendering.TestRenderer.RenderFragment(RenderFragment renderFragment) in /_/src/bunit.core/Rendering/TestRenderer.cs:line 101
   at Bunit.Extensions.TestContextBaseRenderExtensions.RenderInsideRenderTree(TestContextBase testContext, RenderFragment renderFragment) in /_/src/bunit.core/Extensions/TestContextBaseRenderExtensions.cs:line 43
   at Bunit.Extensions.TestContextBaseRenderExtensions.RenderInsideRenderTree[TComponent](TestContextBase testContext, RenderFragment renderFragment) in /_/src/bunit.core/Extensions/TestContextBaseRenderExtensions.cs:line 23
   at Bunit.TestContext.Render[TComponent](RenderFragment renderFragment) in /_/src/bunit.web/TestContext.cs:line 66
   at Bunit.TestContext.RenderComponent[TComponent](Action`1 parameterBuilder) in /_/src/bunit.web/TestContext.cs:line 52
   at DKSKMaui.Tests.Components.Pages.AccountsReceivableTests.AccountsReceivable_RendersActionButtons() in C:\Users\kimri\OneDrive\Desktop\DKSKMaui\DKSKMaui.Tests\Components\Pages\AccountsReceivablePageTests.cs:line 51
   at System.RuntimeMethodHandle.InvokeMethod(Object target, Void** arguments, Signature sig, Boolean isConstructor)
   at System.Reflection.MethodBaseInvoker.InvokeWithNoArgs(Object obj, BindingFlags invokeAttr)
----- Inner Stack Trace -----
   at System.RuntimeType.CreateInstanceImpl(BindingFlags bindingAttr, Binder binder, Object[] args, CultureInfo culture)
   at Castle.DynamicProxy.ProxyGenerator.CreateClassProxyInstance(Type proxyType, List`1 proxyArguments, Type classToProxy, Object[] constructorArguments)
[xUnit.net 00:00:01.35]     
DKSKMaui.Tests.Components.Pages.AccountsReceivableTests.AccountsReceivable_PDFDownload_InvokesJavaScript [FAIL]
[xUnit.net 00:00:01.35]     
DKSKMaui.Tests.Components.Pages.AccountsReceivableTests.AccountsReceivable_DoneButton_UpdatesInvoices [FAIL]
  Failed DKSKMaui.Tests.Components.Pages.AccountsReceivableTests.AccountsReceivable_PDFDownload_InvokesJavaScript [2 ms]
  Error Message:
   System.ArgumentException : An item with the same key has already been added. Key: 1
  Stack Trace:
     at System.Collections.Generic.Dictionary`2.TryInsert(TKey key, TValue value, InsertionBehavior behavior)
   at System.Collections.Generic.Dictionary`2.Add(TKey key, TValue value)
   at Microsoft.EntityFrameworkCore.InMemory.Storage.Internal.InMemoryTable`1.Create(IUpdateEntry entry, IDiagnosticsLogger`1 updateLogger)
   at Microsoft.EntityFrameworkCore.InMemory.Storage.Internal.InMemoryStore.ExecuteTransaction(IList`1 entries, IDiagnosticsLogger`1 updateLogger)
   at Microsoft.EntityFrameworkCore.InMemory.Storage.Internal.InMemoryDatabase.SaveChangesAsync(IList`1 entries, CancellationToken cancellationToken)
   at Microsoft.EntityFrameworkCore.ChangeTracking.Internal.StateManager.SaveChangesAsync(IList`1 entriesToSave, CancellationToken cancellationToken)
   at Microsoft.EntityFrameworkCore.ChangeTracking.Internal.StateManager.SaveChangesAsync(StateManager stateManager, Boolean acceptAllChangesOnSuccess, CancellationToken cancellationToken)
   at Microsoft.EntityFrameworkCore.DbContext.SaveChangesAsync(Boolean acceptAllChangesOnSuccess, CancellationToken cancellationToken)
   at Microsoft.EntityFrameworkCore.DbContext.SaveChangesAsync(Boolean acceptAllChangesOnSuccess, CancellationToken cancellationToken)
   at DKSKMaui.Tests.Components.Base.DataGridPageTestBase`1.SeedTestData(List`1 invoices) in C:\Users\kimri\OneDrive\Desktop\DKSKMaui\DKSKMaui.Tests\Components\Base\DataGridPageTestBase.cs:line 201
   at DKSKMaui.Tests.Components.Pages.AccountsReceivableTests.AccountsReceivable_PDFDownload_InvokesJavaScript() in C:\Users\kimri\OneDrive\Desktop\DKSKMaui\DKSKMaui.Tests\Components\Pages\AccountsReceivablePageTests.cs:line 172
--- End of stack trace from previous location ---
  Failed DKSKMaui.Tests.Components.Pages.AccountsReceivableTests.AccountsReceivable_DoneButton_UpdatesInvoices [2 ms]
  Error Message:
   System.ArgumentException : An item with the same key has already been added. Key: 1
  Stack Trace:
     at System.Collections.Generic.Dictionary`2.TryInsert(TKey key, TValue value, InsertionBehavior behavior)
   at System.Collections.Generic.Dictionary`2.Add(TKey key, TValue value)
   at Microsoft.EntityFrameworkCore.InMemory.Storage.Internal.InMemoryTable`1.Create(IUpdateEntry entry, IDiagnosticsLogger`1 updateLogger)
   at Microsoft.EntityFrameworkCore.InMemory.Storage.Internal.InMemoryStore.ExecuteTransaction(IList`1 entries, IDiagnosticsLogger`1 updateLogger)
   at Microsoft.EntityFrameworkCore.InMemory.Storage.Internal.InMemoryDatabase.SaveChangesAsync(IList`1 entries, CancellationToken cancellationToken)
   at Microsoft.EntityFrameworkCore.ChangeTracking.Internal.StateManager.SaveChangesAsync(IList`1 entriesToSave, CancellationToken cancellationToken)
   at Microsoft.EntityFrameworkCore.ChangeTracking.Internal.StateManager.SaveChangesAsync(StateManager stateManager, Boolean acceptAllChangesOnSuccess, CancellationToken cancellationToken)
   at Microsoft.EntityFrameworkCore.DbContext.SaveChangesAsync(Boolean acceptAllChangesOnSuccess, CancellationToken cancellationToken)
   at Microsoft.EntityFrameworkCore.DbContext.SaveChangesAsync(Boolean acceptAllChangesOnSuccess, CancellationToken cancellationToken)
   at DKSKMaui.Tests.Components.Base.DataGridPageTestBase`1.SeedTestData(List`1 invoices) in C:\Users\kimri\OneDrive\Desktop\DKSKMaui\DKSKMaui.Tests\Components\Base\DataGridPageTestBase.cs:line 201
   at DKSKMaui.Tests.Components.Pages.AccountsReceivableTests.AccountsReceivable_DoneButton_UpdatesInvoices() in C:\Users\kimri\OneDrive\Desktop\DKSKMaui\DKSKMaui.Tests\Components\Pages\AccountsReceivablePageTests.cs:line 152
--- End of stack trace from previous location ---
[xUnit.net 00:00:01.70]     DKSKMaui.Tests.Components.Pages.CounterTests.Counter_Rendering_IsConsistent [FAIL]
  Failed DKSKMaui.Tests.Components.Pages.CounterTests.Counter_Rendering_IsConsistent [45 ms]
  Error Message:
   Expected component1.Markup to be "<h1>Counter</h1>

<p role="status">Current count: 0</p>

<button class="btn btn-primary" blazor:onclick="2">Click me</button>", but "<h1>Counter</h1>

<p role="status">Current count: 0</p>

<button class="btn btn-primary" blazor:onclick="1">Click me</button>" differs near "1">" (index 109).
  Stack Trace:
     at FluentAssertions.Execution.XUnit2TestFramework.Throw(String message)
   at FluentAssertions.Execution.TestFrameworkProvider.Throw(String message)
   at FluentAssertions.Execution.DefaultAssertionStrategy.HandleFailure(String message)
   at FluentAssertions.Execution.AssertionScope.FailWith(Func`1 failReasonFunc)
   at FluentAssertions.Execution.AssertionScope.FailWith(Func`1 failReasonFunc)
   at FluentAssertions.Execution.AssertionScope.FailWith(String message, Object[] args)
   at FluentAssertions.Primitives.StringEqualityValidator.ValidateAgainstMismatch()
   at FluentAssertions.Primitives.StringValidator.Validate()
   at FluentAssertions.Primitives.StringAssertions`1.Be(String expected, String because, Object[] becauseArgs)
   at DKSKMaui.Tests.Components.Pages.CounterTests.Counter_Rendering_IsConsistent() in C:\Users\kimri\OneDrive\Desktop\DKSKMaui\DKSKMaui.Tests\Components\Pages\CounterTests.cs:line 160
   at System.RuntimeMethodHandle.InvokeMethod(Object target, Void** arguments, Signature sig, Boolean isConstructor)
   at System.Reflection.MethodBaseInvoker.InvokeWithNoArgs(Object obj, BindingFlags invokeAttr)
[xUnit.net 00:00:01.87]     DKSKMaui.Tests.Components.Pages.HomeFormPageTests.Home_CompanyInfoBinding_Works [FAIL]
[xUnit.net 00:00:01.87]     DKSKMaui.Tests.Components.Pages.HomeFormPageTests.Home_NotificationService_IsAvailable 
[FAIL]
[xUnit.net 00:00:01.87]     DKSKMaui.Tests.Components.Pages.HomeFormPageTests.Home_FormFields_HaveProperStyling [FAIL]
[xUnit.net 00:00:01.88]     DKSKMaui.Tests.Components.Pages.HomeFormPageTests.Home_LoadsCompanyInfoOnInit [FAIL]
[xUnit.net 00:00:01.88]     DKSKMaui.Tests.Components.Pages.HomeFormPageTests.Home_RendersSaveButton [FAIL]
[xUnit.net 00:00:01.89]     DKSKMaui.Tests.Components.Pages.HomeFormPageTests.Home_RendersHorizontalRule [FAIL]
  Failed DKSKMaui.Tests.Components.Pages.HomeFormPageTests.Home_CompanyInfoBinding_Works [7 ms]
  Error Message:
   System.ArgumentException : Can not instantiate proxy of class: DKSKMaui.Backend.Services.MyCompanyInfoService.
Could not find a parameterless constructor. (Parameter 'constructorArguments')
---- System.MissingMethodException : Constructor on type 'Castle.Proxies.MyCompanyInfoServiceProxy' not found.
  Stack Trace:
     at Castle.DynamicProxy.ProxyGenerator.CreateClassProxyInstance(Type proxyType, List`1 proxyArguments, Type classToProxy, Object[] constructorArguments)
   at Castle.DynamicProxy.ProxyGenerator.CreateClassProxy(Type classToProxy, Type[] additionalInterfacesToProxy, ProxyGenerationOptions options, Object[] constructorArguments, IInterceptor[] interceptors)
   at Moq.CastleProxyFactory.CreateProxy(Type mockType, IInterceptor interceptor, Type[] interfaces, Object[] arguments) in /_/src/Moq/Interception/CastleProxyFactory.cs:line 110
   at Moq.Mock`1.InitializeInstance() in /_/src/Moq/Mock`1.cs:line 502
   at Moq.Mock`1.OnGetObject() in /_/src/Moq/Mock`1.cs:line 516
   at Moq.Mock.get_Object() in /_/src/Moq/Mock.cs:line 180
   at Moq.Mock`1.get_Object() in /_/src/Moq/Mock`1.cs:line 453
   at DKSKMaui.Tests.Components.Base.FormPageTestBase`1.<.ctor>b__12_0(IServiceProvider _) in C:\Users\kimri\OneDrive\Desktop\DKSKMaui\DKSKMaui.Tests\Components\Base\FormPageTestBase.cs:line 34
   at Microsoft.Extensions.DependencyInjection.ServiceLookup.CallSiteVisitor`2.VisitCallSiteMain(ServiceCallSite callSite, TArgument argument)
   at Microsoft.Extensions.DependencyInjection.ServiceLookup.CallSiteRuntimeResolver.VisitCache(ServiceCallSite callSite, RuntimeResolverContext context, ServiceProviderEngineScope serviceProviderEngine, RuntimeResolverLock lockType)
   at Microsoft.Extensions.DependencyInjection.ServiceLookup.CallSiteRuntimeResolver.VisitScopeCache(ServiceCallSite callSite, RuntimeResolverContext context)
   at Microsoft.Extensions.DependencyInjection.ServiceLookup.CallSiteVisitor`2.VisitCallSite(ServiceCallSite callSite, TArgument argument)
   at Microsoft.Extensions.DependencyInjection.ServiceLookup.CallSiteRuntimeResolver.Resolve(ServiceCallSite callSite, ServiceProviderEngineScope scope)
   at Microsoft.Extensions.DependencyInjection.ServiceLookup.DynamicServiceProviderEngine.<>c__DisplayClass2_0.<RealizeService>b__0(ServiceProviderEngineScope scope)
   at Microsoft.Extensions.DependencyInjection.ServiceProvider.GetService(ServiceIdentifier serviceIdentifier, ServiceProviderEngineScope serviceProviderEngineScope)
   at Microsoft.Extensions.DependencyInjection.ServiceLookup.ServiceProviderEngineScope.GetService(Type serviceType)
   at Bunit.TestServiceProvider.GetServiceInternal(Type serviceType) in /_/src/bunit.core/TestServiceProvider.cs:line 155
   at Bunit.TestServiceProvider.GetService(Type serviceType) in /_/src/bunit.core/TestServiceProvider.cs:line 147
   at Microsoft.AspNetCore.Components.ComponentFactory.<>c__DisplayClass9_0.<CreatePropertyInjector>g__Initialize|1(IServiceProvider serviceProvider, IComponent component)
   at Microsoft.AspNetCore.Components.ComponentFactory.InstantiateComponent(IServiceProvider serviceProvider, Type componentType, IComponentRenderMode callerSpecifiedRenderMode, Nullable`1 parentComponentId)
   at Microsoft.AspNetCore.Components.RenderTree.Renderer.InstantiateChildComponentOnFrame(RenderTreeFrame[] frames, Int32 frameIndex, Int32 parentComponentId)
   at Microsoft.AspNetCore.Components.RenderTree.RenderTreeDiffBuilder.InitializeNewComponentFrame(DiffContext& diffContext, Int32 frameIndex)
   at Microsoft.AspNetCore.Components.RenderTree.RenderTreeDiffBuilder.InitializeNewSubtree(DiffContext& diffContext, Int32 frameIndex)
   at Microsoft.AspNetCore.Components.RenderTree.RenderTreeDiffBuilder.InsertNewFrame(DiffContext& diffContext, Int32 newFrameIndex)
   at Microsoft.AspNetCore.Components.RenderTree.RenderTreeDiffBuilder.AppendDiffEntriesForRange(DiffContext& diffContext, Int32 oldStartIndex, Int32 oldEndIndexExcl, Int32 newStartIndex, Int32 newEndIndexExcl)
   at Microsoft.AspNetCore.Components.RenderTree.RenderTreeDiffBuilder.ComputeDiff(Renderer renderer, RenderBatchBuilder batchBuilder, Int32 componentId, ArrayRange`1 oldTree, ArrayRange`1 newTree)
   at Microsoft.AspNetCore.Components.Rendering.ComponentState.RenderIntoBatch(RenderBatchBuilder batchBuilder, RenderFragment renderFragment, Exception& renderFragmentException)
   at Microsoft.AspNetCore.Components.RenderTree.Renderer.ProcessRenderQueue()
--- End of stack trace from previous location ---
   at Bunit.Rendering.TestRenderer.AssertNoUnhandledExceptions() in /_/src/bunit.core/Rendering/TestRenderer.cs:line 629
   at Bunit.Rendering.TestRenderer.Render[TResult](RenderFragment renderFragment, Func`2 activator) in /_/src/bunit.core/Rendering/TestRenderer.cs:line 480
   at Bunit.Rendering.TestRenderer.RenderFragment(RenderFragment renderFragment) in /_/src/bunit.core/Rendering/TestRenderer.cs:line 101
   at Bunit.Extensions.TestContextBaseRenderExtensions.RenderInsideRenderTree(TestContextBase testContext, RenderFragment renderFragment) in /_/src/bunit.core/Extensions/TestContextBaseRenderExtensions.cs:line 43
   at Bunit.Extensions.TestContextBaseRenderExtensions.RenderInsideRenderTree[TComponent](TestContextBase testContext, RenderFragment renderFragment) in /_/src/bunit.core/Extensions/TestContextBaseRenderExtensions.cs:line 23
   at Bunit.TestContext.Render[TComponent](RenderFragment renderFragment) in /_/src/bunit.web/TestContext.cs:line 66
   at Bunit.TestContext.RenderComponent[TComponent](ComponentParameter[] parameters) in /_/src/bunit.web/TestContext.cs:line 36
   at DKSKMaui.Tests.Infrastructure.BlazorTestBase.RenderComponent[TComponent](ComponentParameter[] parameters) in C:\Users\kimri\OneDrive\Desktop\DKSKMaui\DKSKMaui.Tests\Infrastructure\BlazorTestBase.cs:line 100
   at DKSKMaui.Tests.Components.Pages.HomeFormPageTests.Home_CompanyInfoBinding_Works() in C:\Users\kimri\OneDrive\Desktop\DKSKMaui\DKSKMaui.Tests\Components\Pages\HomeFormPageTests.cs:line 165
--- End of stack trace from previous location ---
----- Inner Stack Trace -----
   at System.RuntimeType.CreateInstanceImpl(BindingFlags bindingAttr, Binder binder, Object[] args, CultureInfo culture)
   at Castle.DynamicProxy.ProxyGenerator.CreateClassProxyInstance(Type proxyType, List`1 proxyArguments, Type classToProxy, Object[] constructorArguments)
  Failed DKSKMaui.Tests.Components.Pages.HomeFormPageTests.Home_NotificationService_IsAvailable [1 ms]
  Error Message:
   System.ArgumentException : Can not instantiate proxy of class: DKSKMaui.Backend.Services.MyCompanyInfoService.
Could not find a parameterless constructor. (Parameter 'constructorArguments')
---- System.MissingMethodException : Constructor on type 'Castle.Proxies.MyCompanyInfoServiceProxy' not found.
  Stack Trace:
     at Castle.DynamicProxy.ProxyGenerator.CreateClassProxyInstance(Type proxyType, List`1 proxyArguments, Type classToProxy, Object[] constructorArguments)
   at Castle.DynamicProxy.ProxyGenerator.CreateClassProxy(Type classToProxy, Type[] additionalInterfacesToProxy, ProxyGenerationOptions options, Object[] constructorArguments, IInterceptor[] interceptors)
   at Moq.CastleProxyFactory.CreateProxy(Type mockType, IInterceptor interceptor, Type[] interfaces, Object[] arguments) in /_/src/Moq/Interception/CastleProxyFactory.cs:line 110
   at Moq.Mock`1.InitializeInstance() in /_/src/Moq/Mock`1.cs:line 502
   at Moq.Mock`1.OnGetObject() in /_/src/Moq/Mock`1.cs:line 516
   at Moq.Mock.get_Object() in /_/src/Moq/Mock.cs:line 180
   at Moq.Mock`1.get_Object() in /_/src/Moq/Mock`1.cs:line 453
   at DKSKMaui.Tests.Components.Base.FormPageTestBase`1.<.ctor>b__12_0(IServiceProvider _) in C:\Users\kimri\OneDrive\Desktop\DKSKMaui\DKSKMaui.Tests\Components\Base\FormPageTestBase.cs:line 34
   at Microsoft.Extensions.DependencyInjection.ServiceLookup.CallSiteVisitor`2.VisitCallSiteMain(ServiceCallSite callSite, TArgument argument)
   at Microsoft.Extensions.DependencyInjection.ServiceLookup.CallSiteRuntimeResolver.VisitCache(ServiceCallSite callSite, RuntimeResolverContext context, ServiceProviderEngineScope serviceProviderEngine, RuntimeResolverLock lockType)
   at Microsoft.Extensions.DependencyInjection.ServiceLookup.CallSiteRuntimeResolver.VisitScopeCache(ServiceCallSite callSite, RuntimeResolverContext context)
   at Microsoft.Extensions.DependencyInjection.ServiceLookup.CallSiteVisitor`2.VisitCallSite(ServiceCallSite callSite, TArgument argument)
   at Microsoft.Extensions.DependencyInjection.ServiceLookup.CallSiteRuntimeResolver.Resolve(ServiceCallSite callSite, ServiceProviderEngineScope scope)
   at Microsoft.Extensions.DependencyInjection.ServiceLookup.DynamicServiceProviderEngine.<>c__DisplayClass2_0.<RealizeService>b__0(ServiceProviderEngineScope scope)
   at Microsoft.Extensions.DependencyInjection.ServiceProvider.GetService(ServiceIdentifier serviceIdentifier, ServiceProviderEngineScope serviceProviderEngineScope)
   at Microsoft.Extensions.DependencyInjection.ServiceLookup.ServiceProviderEngineScope.GetService(Type serviceType)
   at Bunit.TestServiceProvider.GetServiceInternal(Type serviceType) in /_/src/bunit.core/TestServiceProvider.cs:line 155
   at Bunit.TestServiceProvider.GetService(Type serviceType) in /_/src/bunit.core/TestServiceProvider.cs:line 147
   at Microsoft.AspNetCore.Components.ComponentFactory.<>c__DisplayClass9_0.<CreatePropertyInjector>g__Initialize|1(IServiceProvider serviceProvider, IComponent component)
   at Microsoft.AspNetCore.Components.ComponentFactory.InstantiateComponent(IServiceProvider serviceProvider, Type componentType, IComponentRenderMode callerSpecifiedRenderMode, Nullable`1 parentComponentId)
   at Microsoft.AspNetCore.Components.RenderTree.Renderer.InstantiateChildComponentOnFrame(RenderTreeFrame[] frames, Int32 frameIndex, Int32 parentComponentId)
   at Microsoft.AspNetCore.Components.RenderTree.RenderTreeDiffBuilder.InitializeNewComponentFrame(DiffContext& diffContext, Int32 frameIndex)
   at Microsoft.AspNetCore.Components.RenderTree.RenderTreeDiffBuilder.InitializeNewSubtree(DiffContext& diffContext, Int32 frameIndex)
   at Microsoft.AspNetCore.Components.RenderTree.RenderTreeDiffBuilder.InsertNewFrame(DiffContext& diffContext, Int32 newFrameIndex)
   at Microsoft.AspNetCore.Components.RenderTree.RenderTreeDiffBuilder.AppendDiffEntriesForRange(DiffContext& diffContext, Int32 oldStartIndex, Int32 oldEndIndexExcl, Int32 newStartIndex, Int32 newEndIndexExcl)
   at Microsoft.AspNetCore.Components.RenderTree.RenderTreeDiffBuilder.ComputeDiff(Renderer renderer, RenderBatchBuilder batchBuilder, Int32 componentId, ArrayRange`1 oldTree, ArrayRange`1 newTree)
   at Microsoft.AspNetCore.Components.Rendering.ComponentState.RenderIntoBatch(RenderBatchBuilder batchBuilder, RenderFragment renderFragment, Exception& renderFragmentException)
   at Microsoft.AspNetCore.Components.RenderTree.Renderer.ProcessRenderQueue()
--- End of stack trace from previous location ---
   at Bunit.Rendering.TestRenderer.AssertNoUnhandledExceptions() in /_/src/bunit.core/Rendering/TestRenderer.cs:line 629
   at Bunit.Rendering.TestRenderer.Render[TResult](RenderFragment renderFragment, Func`2 activator) in /_/src/bunit.core/Rendering/TestRenderer.cs:line 480
   at Bunit.Rendering.TestRenderer.RenderFragment(RenderFragment renderFragment) in /_/src/bunit.core/Rendering/TestRenderer.cs:line 101
   at Bunit.Extensions.TestContextBaseRenderExtensions.RenderInsideRenderTree(TestContextBase testContext, RenderFragment renderFragment) in /_/src/bunit.core/Extensions/TestContextBaseRenderExtensions.cs:line 43
   at Bunit.Extensions.TestContextBaseRenderExtensions.RenderInsideRenderTree[TComponent](TestContextBase testContext, RenderFragment renderFragment) in /_/src/bunit.core/Extensions/TestContextBaseRenderExtensions.cs:line 23
   at Bunit.TestContext.Render[TComponent](RenderFragment renderFragment) in /_/src/bunit.web/TestContext.cs:line 66
   at Bunit.TestContext.RenderComponent[TComponent](ComponentParameter[] parameters) in /_/src/bunit.web/TestContext.cs:line 36
   at DKSKMaui.Tests.Infrastructure.BlazorTestBase.RenderComponent[TComponent](ComponentParameter[] parameters) in C:\Users\kimri\OneDrive\Desktop\DKSKMaui\DKSKMaui.Tests\Infrastructure\BlazorTestBase.cs:line 100
   at DKSKMaui.Tests.Components.Pages.HomeFormPageTests.Home_NotificationService_IsAvailable() in C:\Users\kimri\OneDrive\Desktop\DKSKMaui\DKSKMaui.Tests\Components\Pages\HomeFormPageTests.cs:line 227
--- End of stack trace from previous location ---
----- Inner Stack Trace -----
   at System.RuntimeType.CreateInstanceImpl(BindingFlags bindingAttr, Binder binder, Object[] args, CultureInfo culture)
   at Castle.DynamicProxy.ProxyGenerator.CreateClassProxyInstance(Type proxyType, List`1 proxyArguments, Type classToProxy, Object[] constructorArguments)
  Failed DKSKMaui.Tests.Components.Pages.HomeFormPageTests.Home_FormFields_HaveProperStyling [1 ms]
  Error Message:
   System.ArgumentException : Can not instantiate proxy of class: DKSKMaui.Backend.Services.MyCompanyInfoService.
Could not find a parameterless constructor. (Parameter 'constructorArguments')
---- System.MissingMethodException : Constructor on type 'Castle.Proxies.MyCompanyInfoServiceProxy' not found.
  Stack Trace:
     at Castle.DynamicProxy.ProxyGenerator.CreateClassProxyInstance(Type proxyType, List`1 proxyArguments, Type classToProxy, Object[] constructorArguments)
   at Castle.DynamicProxy.ProxyGenerator.CreateClassProxy(Type classToProxy, Type[] additionalInterfacesToProxy, ProxyGenerationOptions options, Object[] constructorArguments, IInterceptor[] interceptors)
   at Moq.CastleProxyFactory.CreateProxy(Type mockType, IInterceptor interceptor, Type[] interfaces, Object[] arguments) in /_/src/Moq/Interception/CastleProxyFactory.cs:line 110
   at Moq.Mock`1.InitializeInstance() in /_/src/Moq/Mock`1.cs:line 502
   at Moq.Mock`1.OnGetObject() in /_/src/Moq/Mock`1.cs:line 516
   at Moq.Mock.get_Object() in /_/src/Moq/Mock.cs:line 180
   at Moq.Mock`1.get_Object() in /_/src/Moq/Mock`1.cs:line 453
   at DKSKMaui.Tests.Components.Base.FormPageTestBase`1.<.ctor>b__12_0(IServiceProvider _) in C:\Users\kimri\OneDrive\Desktop\DKSKMaui\DKSKMaui.Tests\Components\Base\FormPageTestBase.cs:line 34
   at Microsoft.Extensions.DependencyInjection.ServiceLookup.CallSiteVisitor`2.VisitCallSiteMain(ServiceCallSite callSite, TArgument argument)
   at Microsoft.Extensions.DependencyInjection.ServiceLookup.CallSiteRuntimeResolver.VisitCache(ServiceCallSite callSite, RuntimeResolverContext context, ServiceProviderEngineScope serviceProviderEngine, RuntimeResolverLock lockType)
   at Microsoft.Extensions.DependencyInjection.ServiceLookup.CallSiteRuntimeResolver.VisitScopeCache(ServiceCallSite callSite, RuntimeResolverContext context)
   at Microsoft.Extensions.DependencyInjection.ServiceLookup.CallSiteVisitor`2.VisitCallSite(ServiceCallSite callSite, TArgument argument)
   at Microsoft.Extensions.DependencyInjection.ServiceLookup.CallSiteRuntimeResolver.Resolve(ServiceCallSite callSite, ServiceProviderEngineScope scope)
   at Microsoft.Extensions.DependencyInjection.ServiceLookup.DynamicServiceProviderEngine.<>c__DisplayClass2_0.<RealizeService>b__0(ServiceProviderEngineScope scope)
   at Microsoft.Extensions.DependencyInjection.ServiceProvider.GetService(ServiceIdentifier serviceIdentifier, ServiceProviderEngineScope serviceProviderEngineScope)
   at Microsoft.Extensions.DependencyInjection.ServiceLookup.ServiceProviderEngineScope.GetService(Type serviceType)
   at Bunit.TestServiceProvider.GetServiceInternal(Type serviceType) in /_/src/bunit.core/TestServiceProvider.cs:line 155
   at Bunit.TestServiceProvider.GetService(Type serviceType) in /_/src/bunit.core/TestServiceProvider.cs:line 147
   at Microsoft.AspNetCore.Components.ComponentFactory.<>c__DisplayClass9_0.<CreatePropertyInjector>g__Initialize|1(IServiceProvider serviceProvider, IComponent component)
   at Microsoft.AspNetCore.Components.ComponentFactory.InstantiateComponent(IServiceProvider serviceProvider, Type componentType, IComponentRenderMode callerSpecifiedRenderMode, Nullable`1 parentComponentId)
   at Microsoft.AspNetCore.Components.RenderTree.Renderer.InstantiateChildComponentOnFrame(RenderTreeFrame[] frames, Int32 frameIndex, Int32 parentComponentId)
   at Microsoft.AspNetCore.Components.RenderTree.RenderTreeDiffBuilder.InitializeNewComponentFrame(DiffContext& diffContext, Int32 frameIndex)
   at Microsoft.AspNetCore.Components.RenderTree.RenderTreeDiffBuilder.InitializeNewSubtree(DiffContext& diffContext, Int32 frameIndex)
   at Microsoft.AspNetCore.Components.RenderTree.RenderTreeDiffBuilder.InsertNewFrame(DiffContext& diffContext, Int32 newFrameIndex)
   at Microsoft.AspNetCore.Components.RenderTree.RenderTreeDiffBuilder.AppendDiffEntriesForRange(DiffContext& diffContext, Int32 oldStartIndex, Int32 oldEndIndexExcl, Int32 newStartIndex, Int32 newEndIndexExcl)
   at Microsoft.AspNetCore.Components.RenderTree.RenderTreeDiffBuilder.ComputeDiff(Renderer renderer, RenderBatchBuilder batchBuilder, Int32 componentId, ArrayRange`1 oldTree, ArrayRange`1 newTree)
   at Microsoft.AspNetCore.Components.Rendering.ComponentState.RenderIntoBatch(RenderBatchBuilder batchBuilder, RenderFragment renderFragment, Exception& renderFragmentException)
   at Microsoft.AspNetCore.Components.RenderTree.Renderer.ProcessRenderQueue()
--- End of stack trace from previous location ---
   at Bunit.Rendering.TestRenderer.AssertNoUnhandledExceptions() in /_/src/bunit.core/Rendering/TestRenderer.cs:line 629
   at Bunit.Rendering.TestRenderer.Render[TResult](RenderFragment renderFragment, Func`2 activator) in /_/src/bunit.core/Rendering/TestRenderer.cs:line 480
   at Bunit.Rendering.TestRenderer.RenderFragment(RenderFragment renderFragment) in /_/src/bunit.core/Rendering/TestRenderer.cs:line 101
   at Bunit.Extensions.TestContextBaseRenderExtensions.RenderInsideRenderTree(TestContextBase testContext, RenderFragment renderFragment) in /_/src/bunit.core/Extensions/TestContextBaseRenderExtensions.cs:line 43
   at Bunit.Extensions.TestContextBaseRenderExtensions.RenderInsideRenderTree[TComponent](TestContextBase testContext, RenderFragment renderFragment) in /_/src/bunit.core/Extensions/TestContextBaseRenderExtensions.cs:line 23
   at Bunit.TestContext.Render[TComponent](RenderFragment renderFragment) in /_/src/bunit.web/TestContext.cs:line 66
   at Bunit.TestContext.RenderComponent[TComponent](ComponentParameter[] parameters) in /_/src/bunit.web/TestContext.cs:line 36
   at DKSKMaui.Tests.Infrastructure.BlazorTestBase.RenderComponent[TComponent](ComponentParameter[] parameters) in C:\Users\kimri\OneDrive\Desktop\DKSKMaui\DKSKMaui.Tests\Infrastructure\BlazorTestBase.cs:line 100
   at DKSKMaui.Tests.Components.Pages.HomeFormPageTests.Home_FormFields_HaveProperStyling() in C:\Users\kimri\OneDrive\Desktop\DKSKMaui\DKSKMaui.Tests\Components\Pages\HomeFormPageTests.cs:line 291
--- End of stack trace from previous location ---
----- Inner Stack Trace -----
   at System.RuntimeType.CreateInstanceImpl(BindingFlags bindingAttr, Binder binder, Object[] args, CultureInfo culture)
   at Castle.DynamicProxy.ProxyGenerator.CreateClassProxyInstance(Type proxyType, List`1 proxyArguments, Type classToProxy, Object[] constructorArguments)
  Failed DKSKMaui.Tests.Components.Pages.HomeFormPageTests.Home_LoadsCompanyInfoOnInit [1 ms]
  Error Message:
   System.ArgumentException : Can not instantiate proxy of class: DKSKMaui.Backend.Services.MyCompanyInfoService.
Could not find a parameterless constructor. (Parameter 'constructorArguments')
---- System.MissingMethodException : Constructor on type 'Castle.Proxies.MyCompanyInfoServiceProxy' not found.
  Stack Trace:
     at Castle.DynamicProxy.ProxyGenerator.CreateClassProxyInstance(Type proxyType, List`1 proxyArguments, Type classToProxy, Object[] constructorArguments)
   at Castle.DynamicProxy.ProxyGenerator.CreateClassProxy(Type classToProxy, Type[] additionalInterfacesToProxy, ProxyGenerationOptions options, Object[] constructorArguments, IInterceptor[] interceptors)
   at Moq.CastleProxyFactory.CreateProxy(Type mockType, IInterceptor interceptor, Type[] interfaces, Object[] arguments) in /_/src/Moq/Interception/CastleProxyFactory.cs:line 110
   at Moq.Mock`1.InitializeInstance() in /_/src/Moq/Mock`1.cs:line 502
   at Moq.Mock`1.OnGetObject() in /_/src/Moq/Mock`1.cs:line 516
   at Moq.Mock.get_Object() in /_/src/Moq/Mock.cs:line 180
   at Moq.Mock`1.get_Object() in /_/src/Moq/Mock`1.cs:line 453
   at DKSKMaui.Tests.Components.Base.FormPageTestBase`1.<.ctor>b__12_0(IServiceProvider _) in C:\Users\kimri\OneDrive\Desktop\DKSKMaui\DKSKMaui.Tests\Components\Base\FormPageTestBase.cs:line 34
   at Microsoft.Extensions.DependencyInjection.ServiceLookup.CallSiteVisitor`2.VisitCallSiteMain(ServiceCallSite callSite, TArgument argument)
   at Microsoft.Extensions.DependencyInjection.ServiceLookup.CallSiteRuntimeResolver.VisitCache(ServiceCallSite callSite, RuntimeResolverContext context, ServiceProviderEngineScope serviceProviderEngine, RuntimeResolverLock lockType)
   at Microsoft.Extensions.DependencyInjection.ServiceLookup.CallSiteRuntimeResolver.VisitScopeCache(ServiceCallSite callSite, RuntimeResolverContext context)
   at Microsoft.Extensions.DependencyInjection.ServiceLookup.CallSiteVisitor`2.VisitCallSite(ServiceCallSite callSite, TArgument argument)
   at Microsoft.Extensions.DependencyInjection.ServiceLookup.CallSiteRuntimeResolver.Resolve(ServiceCallSite callSite, ServiceProviderEngineScope scope)
   at Microsoft.Extensions.DependencyInjection.ServiceLookup.DynamicServiceProviderEngine.<>c__DisplayClass2_0.<RealizeService>b__0(ServiceProviderEngineScope scope)
   at Microsoft.Extensions.DependencyInjection.ServiceProvider.GetService(ServiceIdentifier serviceIdentifier, ServiceProviderEngineScope serviceProviderEngineScope)
   at Microsoft.Extensions.DependencyInjection.ServiceLookup.ServiceProviderEngineScope.GetService(Type serviceType)
   at Bunit.TestServiceProvider.GetServiceInternal(Type serviceType) in /_/src/bunit.core/TestServiceProvider.cs:line 155
   at Bunit.TestServiceProvider.GetService(Type serviceType) in /_/src/bunit.core/TestServiceProvider.cs:line 147
   at Microsoft.AspNetCore.Components.ComponentFactory.<>c__DisplayClass9_0.<CreatePropertyInjector>g__Initialize|1(IServiceProvider serviceProvider, IComponent component)
   at Microsoft.AspNetCore.Components.ComponentFactory.InstantiateComponent(IServiceProvider serviceProvider, Type componentType, IComponentRenderMode callerSpecifiedRenderMode, Nullable`1 parentComponentId)
   at Microsoft.AspNetCore.Components.RenderTree.Renderer.InstantiateChildComponentOnFrame(RenderTreeFrame[] frames, Int32 frameIndex, Int32 parentComponentId)
   at Microsoft.AspNetCore.Components.RenderTree.RenderTreeDiffBuilder.InitializeNewComponentFrame(DiffContext& diffContext, Int32 frameIndex)
   at Microsoft.AspNetCore.Components.RenderTree.RenderTreeDiffBuilder.InitializeNewSubtree(DiffContext& diffContext, Int32 frameIndex)
   at Microsoft.AspNetCore.Components.RenderTree.RenderTreeDiffBuilder.InsertNewFrame(DiffContext& diffContext, Int32 newFrameIndex)
   at Microsoft.AspNetCore.Components.RenderTree.RenderTreeDiffBuilder.AppendDiffEntriesForRange(DiffContext& diffContext, Int32 oldStartIndex, Int32 oldEndIndexExcl, Int32 newStartIndex, Int32 newEndIndexExcl)
   at Microsoft.AspNetCore.Components.RenderTree.RenderTreeDiffBuilder.ComputeDiff(Renderer renderer, RenderBatchBuilder batchBuilder, Int32 componentId, ArrayRange`1 oldTree, ArrayRange`1 newTree)
   at Microsoft.AspNetCore.Components.Rendering.ComponentState.RenderIntoBatch(RenderBatchBuilder batchBuilder, RenderFragment renderFragment, Exception& renderFragmentException)
   at Microsoft.AspNetCore.Components.RenderTree.Renderer.ProcessRenderQueue()
--- End of stack trace from previous location ---
   at Bunit.Rendering.TestRenderer.AssertNoUnhandledExceptions() in /_/src/bunit.core/Rendering/TestRenderer.cs:line 629
   at Bunit.Rendering.TestRenderer.Render[TResult](RenderFragment renderFragment, Func`2 activator) in /_/src/bunit.core/Rendering/TestRenderer.cs:line 480
   at Bunit.Rendering.TestRenderer.RenderFragment(RenderFragment renderFragment) in /_/src/bunit.core/Rendering/TestRenderer.cs:line 101
   at Bunit.Extensions.TestContextBaseRenderExtensions.RenderInsideRenderTree(TestContextBase testContext, RenderFragment renderFragment) in /_/src/bunit.core/Extensions/TestContextBaseRenderExtensions.cs:line 43
   at Bunit.Extensions.TestContextBaseRenderExtensions.RenderInsideRenderTree[TComponent](TestContextBase testContext, RenderFragment renderFragment) in /_/src/bunit.core/Extensions/TestContextBaseRenderExtensions.cs:line 23
   at Bunit.TestContext.Render[TComponent](RenderFragment renderFragment) in /_/src/bunit.web/TestContext.cs:line 66
   at Bunit.TestContext.RenderComponent[TComponent](ComponentParameter[] parameters) in /_/src/bunit.web/TestContext.cs:line 36
   at DKSKMaui.Tests.Infrastructure.BlazorTestBase.RenderComponent[TComponent](ComponentParameter[] parameters) in C:\Users\kimri\OneDrive\Desktop\DKSKMaui\DKSKMaui.Tests\Infrastructure\BlazorTestBase.cs:line 100
   at DKSKMaui.Tests.Components.Pages.HomeFormPageTests.Home_LoadsCompanyInfoOnInit() in C:\Users\kimri\OneDrive\Desktop\DKSKMaui\DKSKMaui.Tests\Components\Pages\HomeFormPageTests.cs:line 47
--- End of stack trace from previous location ---
----- Inner Stack Trace -----
   at System.RuntimeType.CreateInstanceImpl(BindingFlags bindingAttr, Binder binder, Object[] args, CultureInfo culture)
   at Castle.DynamicProxy.ProxyGenerator.CreateClassProxyInstance(Type proxyType, List`1 proxyArguments, Type classToProxy, Object[] constructorArguments)
  Failed DKSKMaui.Tests.Components.Pages.HomeFormPageTests.Home_RendersSaveButton [1 ms]
  Error Message:
   System.ArgumentException : Can not instantiate proxy of class: DKSKMaui.Backend.Services.MyCompanyInfoService.
Could not find a parameterless constructor. (Parameter 'constructorArguments')
---- System.MissingMethodException : Constructor on type 'Castle.Proxies.MyCompanyInfoServiceProxy' not found.
  Stack Trace:
     at Castle.DynamicProxy.ProxyGenerator.CreateClassProxyInstance(Type proxyType, List`1 proxyArguments, Type classToProxy, Object[] constructorArguments)
   at Castle.DynamicProxy.ProxyGenerator.CreateClassProxy(Type classToProxy, Type[] additionalInterfacesToProxy, ProxyGenerationOptions options, Object[] constructorArguments, IInterceptor[] interceptors)
   at Moq.CastleProxyFactory.CreateProxy(Type mockType, IInterceptor interceptor, Type[] interfaces, Object[] arguments) in /_/src/Moq/Interception/CastleProxyFactory.cs:line 110
   at Moq.Mock`1.InitializeInstance() in /_/src/Moq/Mock`1.cs:line 502
   at Moq.Mock`1.OnGetObject() in /_/src/Moq/Mock`1.cs:line 516
   at Moq.Mock.get_Object() in /_/src/Moq/Mock.cs:line 180
   at Moq.Mock`1.get_Object() in /_/src/Moq/Mock`1.cs:line 453
   at DKSKMaui.Tests.Components.Base.FormPageTestBase`1.<.ctor>b__12_0(IServiceProvider _) in C:\Users\kimri\OneDrive\Desktop\DKSKMaui\DKSKMaui.Tests\Components\Base\FormPageTestBase.cs:line 34
   at Microsoft.Extensions.DependencyInjection.ServiceLookup.CallSiteVisitor`2.VisitCallSiteMain(ServiceCallSite callSite, TArgument argument)
   at Microsoft.Extensions.DependencyInjection.ServiceLookup.CallSiteRuntimeResolver.VisitCache(ServiceCallSite callSite, RuntimeResolverContext context, ServiceProviderEngineScope serviceProviderEngine, RuntimeResolverLock lockType)
   at Microsoft.Extensions.DependencyInjection.ServiceLookup.CallSiteRuntimeResolver.VisitScopeCache(ServiceCallSite callSite, RuntimeResolverContext context)
   at Microsoft.Extensions.DependencyInjection.ServiceLookup.CallSiteVisitor`2.VisitCallSite(ServiceCallSite callSite, TArgument argument)
   at Microsoft.Extensions.DependencyInjection.ServiceLookup.CallSiteRuntimeResolver.Resolve(ServiceCallSite callSite, ServiceProviderEngineScope scope)
   at Microsoft.Extensions.DependencyInjection.ServiceLookup.DynamicServiceProviderEngine.<>c__DisplayClass2_0.<RealizeService>b__0(ServiceProviderEngineScope scope)
   at Microsoft.Extensions.DependencyInjection.ServiceProvider.GetService(ServiceIdentifier serviceIdentifier, ServiceProviderEngineScope serviceProviderEngineScope)
   at Microsoft.Extensions.DependencyInjection.ServiceLookup.ServiceProviderEngineScope.GetService(Type serviceType)
   at Bunit.TestServiceProvider.GetServiceInternal(Type serviceType) in /_/src/bunit.core/TestServiceProvider.cs:line 155
   at Bunit.TestServiceProvider.GetService(Type serviceType) in /_/src/bunit.core/TestServiceProvider.cs:line 147
   at Microsoft.AspNetCore.Components.ComponentFactory.<>c__DisplayClass9_0.<CreatePropertyInjector>g__Initialize|1(IServiceProvider serviceProvider, IComponent component)
   at Microsoft.AspNetCore.Components.ComponentFactory.InstantiateComponent(IServiceProvider serviceProvider, Type componentType, IComponentRenderMode callerSpecifiedRenderMode, Nullable`1 parentComponentId)
   at Microsoft.AspNetCore.Components.RenderTree.Renderer.InstantiateChildComponentOnFrame(RenderTreeFrame[] frames, Int32 frameIndex, Int32 parentComponentId)
   at Microsoft.AspNetCore.Components.RenderTree.RenderTreeDiffBuilder.InitializeNewComponentFrame(DiffContext& diffContext, Int32 frameIndex)
   at Microsoft.AspNetCore.Components.RenderTree.RenderTreeDiffBuilder.InitializeNewSubtree(DiffContext& diffContext, Int32 frameIndex)
   at Microsoft.AspNetCore.Components.RenderTree.RenderTreeDiffBuilder.InsertNewFrame(DiffContext& diffContext, Int32 newFrameIndex)
   at Microsoft.AspNetCore.Components.RenderTree.RenderTreeDiffBuilder.AppendDiffEntriesForRange(DiffContext& diffContext, Int32 oldStartIndex, Int32 oldEndIndexExcl, Int32 newStartIndex, Int32 newEndIndexExcl)
   at Microsoft.AspNetCore.Components.RenderTree.RenderTreeDiffBuilder.ComputeDiff(Renderer renderer, RenderBatchBuilder batchBuilder, Int32 componentId, ArrayRange`1 oldTree, ArrayRange`1 newTree)
   at Microsoft.AspNetCore.Components.Rendering.ComponentState.RenderIntoBatch(RenderBatchBuilder batchBuilder, RenderFragment renderFragment, Exception& renderFragmentException)
   at Microsoft.AspNetCore.Components.RenderTree.Renderer.ProcessRenderQueue()
--- End of stack trace from previous location ---
   at Bunit.Rendering.TestRenderer.AssertNoUnhandledExceptions() in /_/src/bunit.core/Rendering/TestRenderer.cs:line 629
   at Bunit.Rendering.TestRenderer.Render[TResult](RenderFragment renderFragment, Func`2 activator) in /_/src/bunit.core/Rendering/TestRenderer.cs:line 480
   at Bunit.Rendering.TestRenderer.RenderFragment(RenderFragment renderFragment) in /_/src/bunit.core/Rendering/TestRenderer.cs:line 101
   at Bunit.Extensions.TestContextBaseRenderExtensions.RenderInsideRenderTree(TestContextBase testContext, RenderFragment renderFragment) in /_/src/bunit.core/Extensions/TestContextBaseRenderExtensions.cs:line 43
   at Bunit.Extensions.TestContextBaseRenderExtensions.RenderInsideRenderTree[TComponent](TestContextBase testContext, RenderFragment renderFragment) in /_/src/bunit.core/Extensions/TestContextBaseRenderExtensions.cs:line 23
   at Bunit.TestContext.Render[TComponent](RenderFragment renderFragment) in /_/src/bunit.web/TestContext.cs:line 66
   at Bunit.TestContext.RenderComponent[TComponent](ComponentParameter[] parameters) in /_/src/bunit.web/TestContext.cs:line 36
   at DKSKMaui.Tests.Infrastructure.BlazorTestBase.RenderComponent[TComponent](ComponentParameter[] parameters) in C:\Users\kimri\OneDrive\Desktop\DKSKMaui\DKSKMaui.Tests\Infrastructure\BlazorTestBase.cs:line 100
   at DKSKMaui.Tests.Components.Pages.HomeFormPageTests.Home_RendersSaveButton() in C:\Users\kimri\OneDrive\Desktop\DKSKMaui\DKSKMaui.Tests\Components\Pages\HomeFormPageTests.cs:line 85
--- End of stack trace from previous location ---
----- Inner Stack Trace -----
   at System.RuntimeType.CreateInstanceImpl(BindingFlags bindingAttr, Binder binder, Object[] args, CultureInfo culture)
   at Castle.DynamicProxy.ProxyGenerator.CreateClassProxyInstance(Type proxyType, List`1 proxyArguments, Type classToProxy, Object[] constructorArguments)
  Failed DKSKMaui.Tests.Components.Pages.HomeFormPageTests.Home_RendersHorizontalRule [1 ms]
  Error Message:
   System.ArgumentException : Can not instantiate proxy of class: DKSKMaui.Backend.Services.MyCompanyInfoService.
Could not find a parameterless constructor. (Parameter 'constructorArguments')
---- System.MissingMethodException : Constructor on type 'Castle.Proxies.MyCompanyInfoServiceProxy' not found.
  Stack Trace:
     at Castle.DynamicProxy.ProxyGenerator.CreateClassProxyInstance(Type proxyType, List`1 proxyArguments, Type classToProxy, Object[] constructorArguments)
   at Castle.DynamicProxy.ProxyGenerator.CreateClassProxy(Type classToProxy, Type[] additionalInterfacesToProxy, ProxyGenerationOptions options, Object[] constructorArguments, IInterceptor[] interceptors)
   at Moq.CastleProxyFactory.CreateProxy(Type mockType, IInterceptor interceptor, Type[] interfaces, Object[] arguments) in /_/src/Moq/Interception/CastleProxyFactory.cs:line 110
   at Moq.Mock`1.InitializeInstance() in /_/src/Moq/Mock`1.cs:line 502
   at Moq.Mock`1.OnGetObject() in /_/src/Moq/Mock`1.cs:line 516
   at Moq.Mock.get_Object() in /_/src/Moq/Mock.cs:line 180
   at Moq.Mock`1.get_Object() in /_/src/Moq/Mock`1.cs:line 453
   at DKSKMaui.Tests.Components.Base.FormPageTestBase`1.<.ctor>b__12_0(IServiceProvider _) in C:\Users\kimri\OneDrive\Desktop\DKSKMaui\DKSKMaui.Tests\Components\Base\FormPageTestBase.cs:line 34
   at Microsoft.Extensions.DependencyInjection.ServiceLookup.CallSiteVisitor`2.VisitCallSiteMain(ServiceCallSite callSite, TArgument argument)
   at Microsoft.Extensions.DependencyInjection.ServiceLookup.CallSiteRuntimeResolver.VisitCache(ServiceCallSite callSite, RuntimeResolverContext context, ServiceProviderEngineScope serviceProviderEngine, RuntimeResolverLock lockType)
   at Microsoft.Extensions.DependencyInjection.ServiceLookup.CallSiteRuntimeResolver.VisitScopeCache(ServiceCallSite callSite, RuntimeResolverContext context)
   at Microsoft.Extensions.DependencyInjection.ServiceLookup.CallSiteVisitor`2.VisitCallSite(ServiceCallSite callSite, TArgument argument)
   at Microsoft.Extensions.DependencyInjection.ServiceLookup.CallSiteRuntimeResolver.Resolve(ServiceCallSite callSite, ServiceProviderEngineScope scope)
   at Microsoft.Extensions.DependencyInjection.ServiceLookup.DynamicServiceProviderEngine.<>c__DisplayClass2_0.<RealizeService>b__0(ServiceProviderEngineScope scope)
   at Microsoft.Extensions.DependencyInjection.ServiceProvider.GetService(ServiceIdentifier serviceIdentifier, ServiceProviderEngineScope serviceProviderEngineScope)
   at Microsoft.Extensions.DependencyInjection.ServiceLookup.ServiceProviderEngineScope.GetService(Type serviceType)
   at Bunit.TestServiceProvider.GetServiceInternal(Type serviceType) in /_/src/bunit.core/TestServiceProvider.cs:line 155
   at Bunit.TestServiceProvider.GetService(Type serviceType) in /_/src/bunit.core/TestServiceProvider.cs:line 147
   at Microsoft.AspNetCore.Components.ComponentFactory.<>c__DisplayClass9_0.<CreatePropertyInjector>g__Initialize|1(IServiceProvider serviceProvider, IComponent component)
   at Microsoft.AspNetCore.Components.ComponentFactory.InstantiateComponent(IServiceProvider serviceProvider, Type componentType, IComponentRenderMode callerSpecifiedRenderMode, Nullable`1 parentComponentId)
   at Microsoft.AspNetCore.Components.RenderTree.Renderer.InstantiateChildComponentOnFrame(RenderTreeFrame[] frames, Int32 frameIndex, Int32 parentComponentId)
   at Microsoft.AspNetCore.Components.RenderTree.RenderTreeDiffBuilder.InitializeNewComponentFrame(DiffContext& diffContext, Int32 frameIndex)
   at Microsoft.AspNetCore.Components.RenderTree.RenderTreeDiffBuilder.InitializeNewSubtree(DiffContext& diffContext, Int32 frameIndex)
   at Microsoft.AspNetCore.Components.RenderTree.RenderTreeDiffBuilder.InsertNewFrame(DiffContext& diffContext, Int32 newFrameIndex)
   at Microsoft.AspNetCore.Components.RenderTree.RenderTreeDiffBuilder.AppendDiffEntriesForRange(DiffContext& diffContext, Int32 oldStartIndex, Int32 oldEndIndexExcl, Int32 newStartIndex, Int32 newEndIndexExcl)
   at Microsoft.AspNetCore.Components.RenderTree.RenderTreeDiffBuilder.ComputeDiff(Renderer renderer, RenderBatchBuilder batchBuilder, Int32 componentId, ArrayRange`1 oldTree, ArrayRange`1 newTree)
   at Microsoft.AspNetCore.Components.Rendering.ComponentState.RenderIntoBatch(RenderBatchBuilder batchBuilder, RenderFragment renderFragment, Exception& renderFragmentException)
   at Microsoft.AspNetCore.Components.RenderTree.Renderer.ProcessRenderQueue()
--- End of stack trace from previous location ---
   at Bunit.Rendering.TestRenderer.AssertNoUnhandledExceptions() in /_/src/bunit.core/Rendering/TestRenderer.cs:line 629
   at Bunit.Rendering.TestRenderer.Render[TResult](RenderFragment renderFragment, Func`2 activator) in /_/src/bunit.core/Rendering/TestRenderer.cs:line 480
   at Bunit.Rendering.TestRenderer.RenderFragment(RenderFragment renderFragment) in /_/src/bunit.core/Rendering/TestRenderer.cs:line 101
   at Bunit.Extensions.TestContextBaseRenderExtensions.RenderInsideRenderTree(TestContextBase testContext, RenderFragment renderFragment) in /_/src/bunit.core/Extensions/TestContextBaseRenderExtensions.cs:line 43
   at Bunit.Extensions.TestContextBaseRenderExtensions.RenderInsideRenderTree[TComponent](TestContextBase testContext, RenderFragment renderFragment) in /_/src/bunit.core/Extensions/TestContextBaseRenderExtensions.cs:line 23
   at Bunit.TestContext.Render[TComponent](RenderFragment renderFragment) in /_/src/bunit.web/TestContext.cs:line 66
   at Bunit.TestContext.RenderComponent[TComponent](ComponentParameter[] parameters) in /_/src/bunit.web/TestContext.cs:line 36
   at DKSKMaui.Tests.Infrastructure.BlazorTestBase.RenderComponent[TComponent](ComponentParameter[] parameters) in C:\Users\kimri\OneDrive\Desktop\DKSKMaui\DKSKMaui.Tests\Infrastructure\BlazorTestBase.cs:line 100
   at DKSKMaui.Tests.Components.Pages.HomeFormPageTests.Home_RendersHorizontalRule() in C:\Users\kimri\OneDrive\Desktop\DKSKMaui\DKSKMaui.Tests\Components\Pages\HomeFormPageTests.cs:line 276
--- End of stack trace from previous location ---
----- Inner Stack Trace -----
   at System.RuntimeType.CreateInstanceImpl(BindingFlags bindingAttr, Binder binder, Object[] args, CultureInfo culture)
   at Castle.DynamicProxy.ProxyGenerator.CreateClassProxyInstance(Type proxyType, List`1 proxyArguments, Type classToProxy, Object[] constructorArguments)
[xUnit.net 00:00:01.89]     DKSKMaui.Tests.Components.Pages.HomeFormPageTests.Home_SaveButton_UpdatesDatabase [FAIL]
[xUnit.net 00:00:01.90]     DKSKMaui.Tests.Components.Pages.HomeFormPageTests.Home_Save_ShowsSuccessNotification [FAIL]
[xUnit.net 00:00:01.90]     DKSKMaui.Tests.Components.Pages.HomeFormPageTests.Home_HandlesNullCompanyInfo [FAIL]
[xUnit.net 00:00:01.90]     DKSKMaui.Tests.Components.Pages.HomeFormPageTests.Home_RendersCompanyInfoForm [FAIL]
[xUnit.net 00:00:01.91]     DKSKMaui.Tests.Components.Pages.HomeFormPageTests.Home_GlobalStateService_IsAvailable 
[FAIL]
[xUnit.net 00:00:01.91]     DKSKMaui.Tests.Components.Pages.HomeFormPageTests.Home_ComponentLifecycle_WorksCorrectly 
[FAIL]
[xUnit.net 00:00:01.92]     DKSKMaui.Tests.Components.Pages.HomeFormPageTests.Home_RequiredServices_AreInjected [FAIL]
[xUnit.net 00:00:01.92]     DKSKMaui.Tests.Components.Pages.HomeFormPageTests.Home_HasProperPageStructure [FAIL]
[xUnit.net 00:00:01.92]     DKSKMaui.Tests.Components.Pages.HomeFormPageTests.Home_FormLayout_IsResponsive [FAIL]
  Failed DKSKMaui.Tests.Components.Pages.HomeFormPageTests.Home_SaveButton_UpdatesDatabase [1 ms]
  Error Message:
   System.ArgumentException : Can not instantiate proxy of class: DKSKMaui.Backend.Services.MyCompanyInfoService.
Could not find a parameterless constructor. (Parameter 'constructorArguments')
---- System.MissingMethodException : Constructor on type 'Castle.Proxies.MyCompanyInfoServiceProxy' not found.
  Stack Trace:
     at Castle.DynamicProxy.ProxyGenerator.CreateClassProxyInstance(Type proxyType, List`1 proxyArguments, Type classToProxy, Object[] constructorArguments)
   at Castle.DynamicProxy.ProxyGenerator.CreateClassProxy(Type classToProxy, Type[] additionalInterfacesToProxy, ProxyGenerationOptions options, Object[] constructorArguments, IInterceptor[] interceptors)
   at Moq.CastleProxyFactory.CreateProxy(Type mockType, IInterceptor interceptor, Type[] interfaces, Object[] arguments) in /_/src/Moq/Interception/CastleProxyFactory.cs:line 110
   at Moq.Mock`1.InitializeInstance() in /_/src/Moq/Mock`1.cs:line 502
   at Moq.Mock`1.OnGetObject() in /_/src/Moq/Mock`1.cs:line 516
   at Moq.Mock.get_Object() in /_/src/Moq/Mock.cs:line 180
   at Moq.Mock`1.get_Object() in /_/src/Moq/Mock`1.cs:line 453
   at DKSKMaui.Tests.Components.Base.FormPageTestBase`1.<.ctor>b__12_0(IServiceProvider _) in C:\Users\kimri\OneDrive\Desktop\DKSKMaui\DKSKMaui.Tests\Components\Base\FormPageTestBase.cs:line 34
   at Microsoft.Extensions.DependencyInjection.ServiceLookup.CallSiteVisitor`2.VisitCallSiteMain(ServiceCallSite callSite, TArgument argument)
   at Microsoft.Extensions.DependencyInjection.ServiceLookup.CallSiteRuntimeResolver.VisitCache(ServiceCallSite callSite, RuntimeResolverContext context, ServiceProviderEngineScope serviceProviderEngine, RuntimeResolverLock lockType)
   at Microsoft.Extensions.DependencyInjection.ServiceLookup.CallSiteRuntimeResolver.VisitScopeCache(ServiceCallSite callSite, RuntimeResolverContext context)
   at Microsoft.Extensions.DependencyInjection.ServiceLookup.CallSiteVisitor`2.VisitCallSite(ServiceCallSite callSite, TArgument argument)
   at Microsoft.Extensions.DependencyInjection.ServiceLookup.CallSiteRuntimeResolver.Resolve(ServiceCallSite callSite, ServiceProviderEngineScope scope)
   at Microsoft.Extensions.DependencyInjection.ServiceLookup.DynamicServiceProviderEngine.<>c__DisplayClass2_0.<RealizeService>b__0(ServiceProviderEngineScope scope)
   at Microsoft.Extensions.DependencyInjection.ServiceProvider.GetService(ServiceIdentifier serviceIdentifier, ServiceProviderEngineScope serviceProviderEngineScope)
   at Microsoft.Extensions.DependencyInjection.ServiceLookup.ServiceProviderEngineScope.GetService(Type serviceType)
   at Bunit.TestServiceProvider.GetServiceInternal(Type serviceType) in /_/src/bunit.core/TestServiceProvider.cs:line 155
   at Bunit.TestServiceProvider.GetService(Type serviceType) in /_/src/bunit.core/TestServiceProvider.cs:line 147
   at Microsoft.AspNetCore.Components.ComponentFactory.<>c__DisplayClass9_0.<CreatePropertyInjector>g__Initialize|1(IServiceProvider serviceProvider, IComponent component)
   at Microsoft.AspNetCore.Components.ComponentFactory.InstantiateComponent(IServiceProvider serviceProvider, Type componentType, IComponentRenderMode callerSpecifiedRenderMode, Nullable`1 parentComponentId)
   at Microsoft.AspNetCore.Components.RenderTree.Renderer.InstantiateChildComponentOnFrame(RenderTreeFrame[] frames, Int32 frameIndex, Int32 parentComponentId)
   at Microsoft.AspNetCore.Components.RenderTree.RenderTreeDiffBuilder.InitializeNewComponentFrame(DiffContext& diffContext, Int32 frameIndex)
   at Microsoft.AspNetCore.Components.RenderTree.RenderTreeDiffBuilder.InitializeNewSubtree(DiffContext& diffContext, Int32 frameIndex)
   at Microsoft.AspNetCore.Components.RenderTree.RenderTreeDiffBuilder.InsertNewFrame(DiffContext& diffContext, Int32 newFrameIndex)
   at Microsoft.AspNetCore.Components.RenderTree.RenderTreeDiffBuilder.AppendDiffEntriesForRange(DiffContext& diffContext, Int32 oldStartIndex, Int32 oldEndIndexExcl, Int32 newStartIndex, Int32 newEndIndexExcl)
   at Microsoft.AspNetCore.Components.RenderTree.RenderTreeDiffBuilder.ComputeDiff(Renderer renderer, RenderBatchBuilder batchBuilder, Int32 componentId, ArrayRange`1 oldTree, ArrayRange`1 newTree)
   at Microsoft.AspNetCore.Components.Rendering.ComponentState.RenderIntoBatch(RenderBatchBuilder batchBuilder, RenderFragment renderFragment, Exception& renderFragmentException)
   at Microsoft.AspNetCore.Components.RenderTree.Renderer.ProcessRenderQueue()
--- End of stack trace from previous location ---
   at Bunit.Rendering.TestRenderer.AssertNoUnhandledExceptions() in /_/src/bunit.core/Rendering/TestRenderer.cs:line 629
   at Bunit.Rendering.TestRenderer.Render[TResult](RenderFragment renderFragment, Func`2 activator) in /_/src/bunit.core/Rendering/TestRenderer.cs:line 480
   at Bunit.Rendering.TestRenderer.RenderFragment(RenderFragment renderFragment) in /_/src/bunit.core/Rendering/TestRenderer.cs:line 101
   at Bunit.Extensions.TestContextBaseRenderExtensions.RenderInsideRenderTree(TestContextBase testContext, RenderFragment renderFragment) in /_/src/bunit.core/Extensions/TestContextBaseRenderExtensions.cs:line 43
   at Bunit.Extensions.TestContextBaseRenderExtensions.RenderInsideRenderTree[TComponent](TestContextBase testContext, RenderFragment renderFragment) in /_/src/bunit.core/Extensions/TestContextBaseRenderExtensions.cs:line 23
   at Bunit.TestContext.Render[TComponent](RenderFragment renderFragment) in /_/src/bunit.web/TestContext.cs:line 66
   at Bunit.TestContext.RenderComponent[TComponent](ComponentParameter[] parameters) in /_/src/bunit.web/TestContext.cs:line 36
   at DKSKMaui.Tests.Infrastructure.BlazorTestBase.RenderComponent[TComponent](ComponentParameter[] parameters) in C:\Users\kimri\OneDrive\Desktop\DKSKMaui\DKSKMaui.Tests\Infrastructure\BlazorTestBase.cs:line 100
   at DKSKMaui.Tests.Components.Pages.HomeFormPageTests.Home_SaveButton_UpdatesDatabase() in C:\Users\kimri\OneDrive\Desktop\DKSKMaui\DKSKMaui.Tests\Components\Pages\HomeFormPageTests.cs:line 101
--- End of stack trace from previous location ---
----- Inner Stack Trace -----
   at System.RuntimeType.CreateInstanceImpl(BindingFlags bindingAttr, Binder binder, Object[] args, CultureInfo culture)
   at Castle.DynamicProxy.ProxyGenerator.CreateClassProxyInstance(Type proxyType, List`1 proxyArguments, Type classToProxy, Object[] constructorArguments)
  Failed DKSKMaui.Tests.Components.Pages.HomeFormPageTests.Home_Save_ShowsSuccessNotification [1 ms]
  Error Message:
   System.ArgumentException : Can not instantiate proxy of class: DKSKMaui.Backend.Services.MyCompanyInfoService.
Could not find a parameterless constructor. (Parameter 'constructorArguments')
---- System.MissingMethodException : Constructor on type 'Castle.Proxies.MyCompanyInfoServiceProxy' not found.
  Stack Trace:
     at Castle.DynamicProxy.ProxyGenerator.CreateClassProxyInstance(Type proxyType, List`1 proxyArguments, Type classToProxy, Object[] constructorArguments)
   at Castle.DynamicProxy.ProxyGenerator.CreateClassProxy(Type classToProxy, Type[] additionalInterfacesToProxy, ProxyGenerationOptions options, Object[] constructorArguments, IInterceptor[] interceptors)
   at Moq.CastleProxyFactory.CreateProxy(Type mockType, IInterceptor interceptor, Type[] interfaces, Object[] arguments) in /_/src/Moq/Interception/CastleProxyFactory.cs:line 110
   at Moq.Mock`1.InitializeInstance() in /_/src/Moq/Mock`1.cs:line 502
   at Moq.Mock`1.OnGetObject() in /_/src/Moq/Mock`1.cs:line 516
   at Moq.Mock.get_Object() in /_/src/Moq/Mock.cs:line 180
   at Moq.Mock`1.get_Object() in /_/src/Moq/Mock`1.cs:line 453
   at DKSKMaui.Tests.Components.Base.FormPageTestBase`1.<.ctor>b__12_0(IServiceProvider _) in C:\Users\kimri\OneDrive\Desktop\DKSKMaui\DKSKMaui.Tests\Components\Base\FormPageTestBase.cs:line 34
   at Microsoft.Extensions.DependencyInjection.ServiceLookup.CallSiteVisitor`2.VisitCallSiteMain(ServiceCallSite callSite, TArgument argument)
   at Microsoft.Extensions.DependencyInjection.ServiceLookup.CallSiteRuntimeResolver.VisitCache(ServiceCallSite callSite, RuntimeResolverContext context, ServiceProviderEngineScope serviceProviderEngine, RuntimeResolverLock lockType)
   at Microsoft.Extensions.DependencyInjection.ServiceLookup.CallSiteRuntimeResolver.VisitScopeCache(ServiceCallSite callSite, RuntimeResolverContext context)
   at Microsoft.Extensions.DependencyInjection.ServiceLookup.CallSiteVisitor`2.VisitCallSite(ServiceCallSite callSite, TArgument argument)
   at Microsoft.Extensions.DependencyInjection.ServiceLookup.CallSiteRuntimeResolver.Resolve(ServiceCallSite callSite, ServiceProviderEngineScope scope)
   at Microsoft.Extensions.DependencyInjection.ServiceLookup.DynamicServiceProviderEngine.<>c__DisplayClass2_0.<RealizeService>b__0(ServiceProviderEngineScope scope)
   at Microsoft.Extensions.DependencyInjection.ServiceProvider.GetService(ServiceIdentifier serviceIdentifier, ServiceProviderEngineScope serviceProviderEngineScope)
   at Microsoft.Extensions.DependencyInjection.ServiceLookup.ServiceProviderEngineScope.GetService(Type serviceType)
   at Bunit.TestServiceProvider.GetServiceInternal(Type serviceType) in /_/src/bunit.core/TestServiceProvider.cs:line 155
   at Bunit.TestServiceProvider.GetService(Type serviceType) in /_/src/bunit.core/TestServiceProvider.cs:line 147
   at Microsoft.AspNetCore.Components.ComponentFactory.<>c__DisplayClass9_0.<CreatePropertyInjector>g__Initialize|1(IServiceProvider serviceProvider, IComponent component)
   at Microsoft.AspNetCore.Components.ComponentFactory.InstantiateComponent(IServiceProvider serviceProvider, Type componentType, IComponentRenderMode callerSpecifiedRenderMode, Nullable`1 parentComponentId)
   at Microsoft.AspNetCore.Components.RenderTree.Renderer.InstantiateChildComponentOnFrame(RenderTreeFrame[] frames, Int32 frameIndex, Int32 parentComponentId)
   at Microsoft.AspNetCore.Components.RenderTree.RenderTreeDiffBuilder.InitializeNewComponentFrame(DiffContext& diffContext, Int32 frameIndex)
   at Microsoft.AspNetCore.Components.RenderTree.RenderTreeDiffBuilder.InitializeNewSubtree(DiffContext& diffContext, Int32 frameIndex)
   at Microsoft.AspNetCore.Components.RenderTree.RenderTreeDiffBuilder.InsertNewFrame(DiffContext& diffContext, Int32 newFrameIndex)
   at Microsoft.AspNetCore.Components.RenderTree.RenderTreeDiffBuilder.AppendDiffEntriesForRange(DiffContext& diffContext, Int32 oldStartIndex, Int32 oldEndIndexExcl, Int32 newStartIndex, Int32 newEndIndexExcl)
   at Microsoft.AspNetCore.Components.RenderTree.RenderTreeDiffBuilder.ComputeDiff(Renderer renderer, RenderBatchBuilder batchBuilder, Int32 componentId, ArrayRange`1 oldTree, ArrayRange`1 newTree)
   at Microsoft.AspNetCore.Components.Rendering.ComponentState.RenderIntoBatch(RenderBatchBuilder batchBuilder, RenderFragment renderFragment, Exception& renderFragmentException)
   at Microsoft.AspNetCore.Components.RenderTree.Renderer.ProcessRenderQueue()
--- End of stack trace from previous location ---
   at Bunit.Rendering.TestRenderer.AssertNoUnhandledExceptions() in /_/src/bunit.core/Rendering/TestRenderer.cs:line 629
   at Bunit.Rendering.TestRenderer.Render[TResult](RenderFragment renderFragment, Func`2 activator) in /_/src/bunit.core/Rendering/TestRenderer.cs:line 480
   at Bunit.Rendering.TestRenderer.RenderFragment(RenderFragment renderFragment) in /_/src/bunit.core/Rendering/TestRenderer.cs:line 101
   at Bunit.Extensions.TestContextBaseRenderExtensions.RenderInsideRenderTree(TestContextBase testContext, RenderFragment renderFragment) in /_/src/bunit.core/Extensions/TestContextBaseRenderExtensions.cs:line 43
   at Bunit.Extensions.TestContextBaseRenderExtensions.RenderInsideRenderTree[TComponent](TestContextBase testContext, RenderFragment renderFragment) in /_/src/bunit.core/Extensions/TestContextBaseRenderExtensions.cs:line 23
   at Bunit.TestContext.Render[TComponent](RenderFragment renderFragment) in /_/src/bunit.web/TestContext.cs:line 66
   at Bunit.TestContext.RenderComponent[TComponent](ComponentParameter[] parameters) in /_/src/bunit.web/TestContext.cs:line 36
   at DKSKMaui.Tests.Infrastructure.BlazorTestBase.RenderComponent[TComponent](ComponentParameter[] parameters) in C:\Users\kimri\OneDrive\Desktop\DKSKMaui\DKSKMaui.Tests\Infrastructure\BlazorTestBase.cs:line 100
   at DKSKMaui.Tests.Components.Pages.HomeFormPageTests.Home_Save_ShowsSuccessNotification() in C:\Users\kimri\OneDrive\Desktop\DKSKMaui\DKSKMaui.Tests\Components\Pages\HomeFormPageTests.cs:line 124
--- End of stack trace from previous location ---
----- Inner Stack Trace -----
   at System.RuntimeType.CreateInstanceImpl(BindingFlags bindingAttr, Binder binder, Object[] args, CultureInfo culture)
   at Castle.DynamicProxy.ProxyGenerator.CreateClassProxyInstance(Type proxyType, List`1 proxyArguments, Type classToProxy, Object[] constructorArguments)
  Failed DKSKMaui.Tests.Components.Pages.HomeFormPageTests.Home_HandlesNullCompanyInfo [1 ms]
  Error Message:
   System.ArgumentException : Can not instantiate proxy of class: DKSKMaui.Backend.Services.MyCompanyInfoService.
Could not find a parameterless constructor. (Parameter 'constructorArguments')
---- System.MissingMethodException : Constructor on type 'Castle.Proxies.MyCompanyInfoServiceProxy' not found.
  Stack Trace:
     at Castle.DynamicProxy.ProxyGenerator.CreateClassProxyInstance(Type proxyType, List`1 proxyArguments, Type classToProxy, Object[] constructorArguments)
   at Castle.DynamicProxy.ProxyGenerator.CreateClassProxy(Type classToProxy, Type[] additionalInterfacesToProxy, ProxyGenerationOptions options, Object[] constructorArguments, IInterceptor[] interceptors)
   at Moq.CastleProxyFactory.CreateProxy(Type mockType, IInterceptor interceptor, Type[] interfaces, Object[] arguments) in /_/src/Moq/Interception/CastleProxyFactory.cs:line 110
   at Moq.Mock`1.InitializeInstance() in /_/src/Moq/Mock`1.cs:line 502
   at Moq.Mock`1.OnGetObject() in /_/src/Moq/Mock`1.cs:line 516
   at Moq.Mock.get_Object() in /_/src/Moq/Mock.cs:line 180
   at Moq.Mock`1.get_Object() in /_/src/Moq/Mock`1.cs:line 453
   at DKSKMaui.Tests.Components.Base.FormPageTestBase`1.<.ctor>b__12_0(IServiceProvider _) in C:\Users\kimri\OneDrive\Desktop\DKSKMaui\DKSKMaui.Tests\Components\Base\FormPageTestBase.cs:line 34
   at Microsoft.Extensions.DependencyInjection.ServiceLookup.CallSiteVisitor`2.VisitCallSiteMain(ServiceCallSite callSite, TArgument argument)
   at Microsoft.Extensions.DependencyInjection.ServiceLookup.CallSiteRuntimeResolver.VisitCache(ServiceCallSite callSite, RuntimeResolverContext context, ServiceProviderEngineScope serviceProviderEngine, RuntimeResolverLock lockType)
   at Microsoft.Extensions.DependencyInjection.ServiceLookup.CallSiteRuntimeResolver.VisitScopeCache(ServiceCallSite callSite, RuntimeResolverContext context)
   at Microsoft.Extensions.DependencyInjection.ServiceLookup.CallSiteVisitor`2.VisitCallSite(ServiceCallSite callSite, TArgument argument)
   at Microsoft.Extensions.DependencyInjection.ServiceLookup.CallSiteRuntimeResolver.Resolve(ServiceCallSite callSite, ServiceProviderEngineScope scope)
   at Microsoft.Extensions.DependencyInjection.ServiceLookup.DynamicServiceProviderEngine.<>c__DisplayClass2_0.<RealizeService>b__0(ServiceProviderEngineScope scope)
   at Microsoft.Extensions.DependencyInjection.ServiceProvider.GetService(ServiceIdentifier serviceIdentifier, ServiceProviderEngineScope serviceProviderEngineScope)
   at Microsoft.Extensions.DependencyInjection.ServiceLookup.ServiceProviderEngineScope.GetService(Type serviceType)
   at Bunit.TestServiceProvider.GetServiceInternal(Type serviceType) in /_/src/bunit.core/TestServiceProvider.cs:line 155
   at Bunit.TestServiceProvider.GetService(Type serviceType) in /_/src/bunit.core/TestServiceProvider.cs:line 147
   at Microsoft.AspNetCore.Components.ComponentFactory.<>c__DisplayClass9_0.<CreatePropertyInjector>g__Initialize|1(IServiceProvider serviceProvider, IComponent component)
   at Microsoft.AspNetCore.Components.ComponentFactory.InstantiateComponent(IServiceProvider serviceProvider, Type componentType, IComponentRenderMode callerSpecifiedRenderMode, Nullable`1 parentComponentId)
   at Microsoft.AspNetCore.Components.RenderTree.Renderer.InstantiateChildComponentOnFrame(RenderTreeFrame[] frames, Int32 frameIndex, Int32 parentComponentId)
   at Microsoft.AspNetCore.Components.RenderTree.RenderTreeDiffBuilder.InitializeNewComponentFrame(DiffContext& diffContext, Int32 frameIndex)
   at Microsoft.AspNetCore.Components.RenderTree.RenderTreeDiffBuilder.InitializeNewSubtree(DiffContext& diffContext, Int32 frameIndex)
   at Microsoft.AspNetCore.Components.RenderTree.RenderTreeDiffBuilder.InsertNewFrame(DiffContext& diffContext, Int32 newFrameIndex)
   at Microsoft.AspNetCore.Components.RenderTree.RenderTreeDiffBuilder.AppendDiffEntriesForRange(DiffContext& diffContext, Int32 oldStartIndex, Int32 oldEndIndexExcl, Int32 newStartIndex, Int32 newEndIndexExcl)
   at Microsoft.AspNetCore.Components.RenderTree.RenderTreeDiffBuilder.ComputeDiff(Renderer renderer, RenderBatchBuilder batchBuilder, Int32 componentId, ArrayRange`1 oldTree, ArrayRange`1 newTree)
   at Microsoft.AspNetCore.Components.Rendering.ComponentState.RenderIntoBatch(RenderBatchBuilder batchBuilder, RenderFragment renderFragment, Exception& renderFragmentException)
   at Microsoft.AspNetCore.Components.RenderTree.Renderer.ProcessRenderQueue()
--- End of stack trace from previous location ---
   at Bunit.Rendering.TestRenderer.AssertNoUnhandledExceptions() in /_/src/bunit.core/Rendering/TestRenderer.cs:line 629
   at Bunit.Rendering.TestRenderer.Render[TResult](RenderFragment renderFragment, Func`2 activator) in /_/src/bunit.core/Rendering/TestRenderer.cs:line 480
   at Bunit.Rendering.TestRenderer.RenderFragment(RenderFragment renderFragment) in /_/src/bunit.core/Rendering/TestRenderer.cs:line 101
   at Bunit.Extensions.TestContextBaseRenderExtensions.RenderInsideRenderTree(TestContextBase testContext, RenderFragment renderFragment) in /_/src/bunit.core/Extensions/TestContextBaseRenderExtensions.cs:line 43
   at Bunit.Extensions.TestContextBaseRenderExtensions.RenderInsideRenderTree[TComponent](TestContextBase testContext, RenderFragment renderFragment) in /_/src/bunit.core/Extensions/TestContextBaseRenderExtensions.cs:line 23
   at Bunit.TestContext.Render[TComponent](RenderFragment renderFragment) in /_/src/bunit.web/TestContext.cs:line 66
   at Bunit.TestContext.RenderComponent[TComponent](ComponentParameter[] parameters) in /_/src/bunit.web/TestContext.cs:line 36
   at DKSKMaui.Tests.Infrastructure.BlazorTestBase.RenderComponent[TComponent](ComponentParameter[] parameters) in C:\Users\kimri\OneDrive\Desktop\DKSKMaui\DKSKMaui.Tests\Infrastructure\BlazorTestBase.cs:line 100
   at DKSKMaui.Tests.Components.Pages.HomeFormPageTests.Home_HandlesNullCompanyInfo() in C:\Users\kimri\OneDrive\Desktop\DKSKMaui\DKSKMaui.Tests\Components\Pages\HomeFormPageTests.cs:line 145
--- End of stack trace from previous location ---
----- Inner Stack Trace -----
   at System.RuntimeType.CreateInstanceImpl(BindingFlags bindingAttr, Binder binder, Object[] args, CultureInfo culture)
   at Castle.DynamicProxy.ProxyGenerator.CreateClassProxyInstance(Type proxyType, List`1 proxyArguments, Type classToProxy, Object[] constructorArguments)
  Failed DKSKMaui.Tests.Components.Pages.HomeFormPageTests.Home_RendersCompanyInfoForm [1 ms]
  Error Message:
   System.ArgumentException : Can not instantiate proxy of class: DKSKMaui.Backend.Services.MyCompanyInfoService.
Could not find a parameterless constructor. (Parameter 'constructorArguments')
---- System.MissingMethodException : Constructor on type 'Castle.Proxies.MyCompanyInfoServiceProxy' not found.
  Stack Trace:
     at Castle.DynamicProxy.ProxyGenerator.CreateClassProxyInstance(Type proxyType, List`1 proxyArguments, Type classToProxy, Object[] constructorArguments)
   at Castle.DynamicProxy.ProxyGenerator.CreateClassProxy(Type classToProxy, Type[] additionalInterfacesToProxy, ProxyGenerationOptions options, Object[] constructorArguments, IInterceptor[] interceptors)
   at Moq.CastleProxyFactory.CreateProxy(Type mockType, IInterceptor interceptor, Type[] interfaces, Object[] arguments) in /_/src/Moq/Interception/CastleProxyFactory.cs:line 110
   at Moq.Mock`1.InitializeInstance() in /_/src/Moq/Mock`1.cs:line 502
   at Moq.Mock`1.OnGetObject() in /_/src/Moq/Mock`1.cs:line 516
   at Moq.Mock.get_Object() in /_/src/Moq/Mock.cs:line 180
   at Moq.Mock`1.get_Object() in /_/src/Moq/Mock`1.cs:line 453
   at DKSKMaui.Tests.Components.Base.FormPageTestBase`1.<.ctor>b__12_0(IServiceProvider _) in C:\Users\kimri\OneDrive\Desktop\DKSKMaui\DKSKMaui.Tests\Components\Base\FormPageTestBase.cs:line 34
   at Microsoft.Extensions.DependencyInjection.ServiceLookup.CallSiteVisitor`2.VisitCallSiteMain(ServiceCallSite callSite, TArgument argument)
   at Microsoft.Extensions.DependencyInjection.ServiceLookup.CallSiteRuntimeResolver.VisitCache(ServiceCallSite callSite, RuntimeResolverContext context, ServiceProviderEngineScope serviceProviderEngine, RuntimeResolverLock lockType)
   at Microsoft.Extensions.DependencyInjection.ServiceLookup.CallSiteRuntimeResolver.VisitScopeCache(ServiceCallSite callSite, RuntimeResolverContext context)
   at Microsoft.Extensions.DependencyInjection.ServiceLookup.CallSiteVisitor`2.VisitCallSite(ServiceCallSite callSite, TArgument argument)
   at Microsoft.Extensions.DependencyInjection.ServiceLookup.CallSiteRuntimeResolver.Resolve(ServiceCallSite callSite, ServiceProviderEngineScope scope)
   at Microsoft.Extensions.DependencyInjection.ServiceLookup.DynamicServiceProviderEngine.<>c__DisplayClass2_0.<RealizeService>b__0(ServiceProviderEngineScope scope)
   at Microsoft.Extensions.DependencyInjection.ServiceProvider.GetService(ServiceIdentifier serviceIdentifier, ServiceProviderEngineScope serviceProviderEngineScope)
   at Microsoft.Extensions.DependencyInjection.ServiceLookup.ServiceProviderEngineScope.GetService(Type serviceType)
   at Bunit.TestServiceProvider.GetServiceInternal(Type serviceType) in /_/src/bunit.core/TestServiceProvider.cs:line 155
   at Bunit.TestServiceProvider.GetService(Type serviceType) in /_/src/bunit.core/TestServiceProvider.cs:line 147
   at Microsoft.AspNetCore.Components.ComponentFactory.<>c__DisplayClass9_0.<CreatePropertyInjector>g__Initialize|1(IServiceProvider serviceProvider, IComponent component)
   at Microsoft.AspNetCore.Components.ComponentFactory.InstantiateComponent(IServiceProvider serviceProvider, Type componentType, IComponentRenderMode callerSpecifiedRenderMode, Nullable`1 parentComponentId)
   at Microsoft.AspNetCore.Components.RenderTree.Renderer.InstantiateChildComponentOnFrame(RenderTreeFrame[] frames, Int32 frameIndex, Int32 parentComponentId)
   at Microsoft.AspNetCore.Components.RenderTree.RenderTreeDiffBuilder.InitializeNewComponentFrame(DiffContext& diffContext, Int32 frameIndex)
   at Microsoft.AspNetCore.Components.RenderTree.RenderTreeDiffBuilder.InitializeNewSubtree(DiffContext& diffContext, Int32 frameIndex)
   at Microsoft.AspNetCore.Components.RenderTree.RenderTreeDiffBuilder.InsertNewFrame(DiffContext& diffContext, Int32 newFrameIndex)
   at Microsoft.AspNetCore.Components.RenderTree.RenderTreeDiffBuilder.AppendDiffEntriesForRange(DiffContext& diffContext, Int32 oldStartIndex, Int32 oldEndIndexExcl, Int32 newStartIndex, Int32 newEndIndexExcl)
   at Microsoft.AspNetCore.Components.RenderTree.RenderTreeDiffBuilder.ComputeDiff(Renderer renderer, RenderBatchBuilder batchBuilder, Int32 componentId, ArrayRange`1 oldTree, ArrayRange`1 newTree)
   at Microsoft.AspNetCore.Components.Rendering.ComponentState.RenderIntoBatch(RenderBatchBuilder batchBuilder, RenderFragment renderFragment, Exception& renderFragmentException)
   at Microsoft.AspNetCore.Components.RenderTree.Renderer.ProcessRenderQueue()
--- End of stack trace from previous location ---
   at Bunit.Rendering.TestRenderer.AssertNoUnhandledExceptions() in /_/src/bunit.core/Rendering/TestRenderer.cs:line 629
   at Bunit.Rendering.TestRenderer.Render[TResult](RenderFragment renderFragment, Func`2 activator) in /_/src/bunit.core/Rendering/TestRenderer.cs:line 480
   at Bunit.Rendering.TestRenderer.RenderFragment(RenderFragment renderFragment) in /_/src/bunit.core/Rendering/TestRenderer.cs:line 101
   at Bunit.Extensions.TestContextBaseRenderExtensions.RenderInsideRenderTree(TestContextBase testContext, RenderFragment renderFragment) in /_/src/bunit.core/Extensions/TestContextBaseRenderExtensions.cs:line 43
   at Bunit.Extensions.TestContextBaseRenderExtensions.RenderInsideRenderTree[TComponent](TestContextBase testContext, RenderFragment renderFragment) in /_/src/bunit.core/Extensions/TestContextBaseRenderExtensions.cs:line 23
   at Bunit.TestContext.Render[TComponent](RenderFragment renderFragment) in /_/src/bunit.web/TestContext.cs:line 66
   at Bunit.TestContext.RenderComponent[TComponent](ComponentParameter[] parameters) in /_/src/bunit.web/TestContext.cs:line 36
   at DKSKMaui.Tests.Infrastructure.BlazorTestBase.RenderComponent[TComponent](ComponentParameter[] parameters) in C:\Users\kimri\OneDrive\Desktop\DKSKMaui\DKSKMaui.Tests\Infrastructure\BlazorTestBase.cs:line 100
   at DKSKMaui.Tests.Components.Pages.HomeFormPageTests.Home_RendersCompanyInfoForm() in C:\Users\kimri\OneDrive\Desktop\DKSKMaui\DKSKMaui.Tests\Components\Pages\HomeFormPageTests.cs:line 30
--- End of stack trace from previous location ---
----- Inner Stack Trace -----
   at System.RuntimeType.CreateInstanceImpl(BindingFlags bindingAttr, Binder binder, Object[] args, CultureInfo culture)
   at Castle.DynamicProxy.ProxyGenerator.CreateClassProxyInstance(Type proxyType, List`1 proxyArguments, Type classToProxy, Object[] constructorArguments)
  Failed DKSKMaui.Tests.Components.Pages.HomeFormPageTests.Home_GlobalStateService_IsAvailable [1 ms]
  Error Message:
   System.ArgumentException : Can not instantiate proxy of class: DKSKMaui.Backend.Services.MyCompanyInfoService.
Could not find a parameterless constructor. (Parameter 'constructorArguments')
---- System.MissingMethodException : Constructor on type 'Castle.Proxies.MyCompanyInfoServiceProxy' not found.
  Stack Trace:
     at Castle.DynamicProxy.ProxyGenerator.CreateClassProxyInstance(Type proxyType, List`1 proxyArguments, Type classToProxy, Object[] constructorArguments)
   at Castle.DynamicProxy.ProxyGenerator.CreateClassProxy(Type classToProxy, Type[] additionalInterfacesToProxy, ProxyGenerationOptions options, Object[] constructorArguments, IInterceptor[] interceptors)
   at Moq.CastleProxyFactory.CreateProxy(Type mockType, IInterceptor interceptor, Type[] interfaces, Object[] arguments) in /_/src/Moq/Interception/CastleProxyFactory.cs:line 110
   at Moq.Mock`1.InitializeInstance() in /_/src/Moq/Mock`1.cs:line 502
   at Moq.Mock`1.OnGetObject() in /_/src/Moq/Mock`1.cs:line 516
   at Moq.Mock.get_Object() in /_/src/Moq/Mock.cs:line 180
   at Moq.Mock`1.get_Object() in /_/src/Moq/Mock`1.cs:line 453
   at DKSKMaui.Tests.Components.Base.FormPageTestBase`1.<.ctor>b__12_0(IServiceProvider _) in C:\Users\kimri\OneDrive\Desktop\DKSKMaui\DKSKMaui.Tests\Components\Base\FormPageTestBase.cs:line 34
   at Microsoft.Extensions.DependencyInjection.ServiceLookup.CallSiteVisitor`2.VisitCallSiteMain(ServiceCallSite callSite, TArgument argument)
   at Microsoft.Extensions.DependencyInjection.ServiceLookup.CallSiteRuntimeResolver.VisitCache(ServiceCallSite callSite, RuntimeResolverContext context, ServiceProviderEngineScope serviceProviderEngine, RuntimeResolverLock lockType)
   at Microsoft.Extensions.DependencyInjection.ServiceLookup.CallSiteRuntimeResolver.VisitScopeCache(ServiceCallSite callSite, RuntimeResolverContext context)
   at Microsoft.Extensions.DependencyInjection.ServiceLookup.CallSiteVisitor`2.VisitCallSite(ServiceCallSite callSite, TArgument argument)
   at Microsoft.Extensions.DependencyInjection.ServiceLookup.CallSiteRuntimeResolver.Resolve(ServiceCallSite callSite, ServiceProviderEngineScope scope)
   at Microsoft.Extensions.DependencyInjection.ServiceLookup.DynamicServiceProviderEngine.<>c__DisplayClass2_0.<RealizeService>b__0(ServiceProviderEngineScope scope)
   at Microsoft.Extensions.DependencyInjection.ServiceProvider.GetService(ServiceIdentifier serviceIdentifier, ServiceProviderEngineScope serviceProviderEngineScope)
   at Microsoft.Extensions.DependencyInjection.ServiceLookup.ServiceProviderEngineScope.GetService(Type serviceType)
   at Bunit.TestServiceProvider.GetServiceInternal(Type serviceType) in /_/src/bunit.core/TestServiceProvider.cs:line 155
   at Bunit.TestServiceProvider.GetService(Type serviceType) in /_/src/bunit.core/TestServiceProvider.cs:line 147
   at Microsoft.AspNetCore.Components.ComponentFactory.<>c__DisplayClass9_0.<CreatePropertyInjector>g__Initialize|1(IServiceProvider serviceProvider, IComponent component)
   at Microsoft.AspNetCore.Components.ComponentFactory.InstantiateComponent(IServiceProvider serviceProvider, Type componentType, IComponentRenderMode callerSpecifiedRenderMode, Nullable`1 parentComponentId)
   at Microsoft.AspNetCore.Components.RenderTree.Renderer.InstantiateChildComponentOnFrame(RenderTreeFrame[] frames, Int32 frameIndex, Int32 parentComponentId)
   at Microsoft.AspNetCore.Components.RenderTree.RenderTreeDiffBuilder.InitializeNewComponentFrame(DiffContext& diffContext, Int32 frameIndex)
   at Microsoft.AspNetCore.Components.RenderTree.RenderTreeDiffBuilder.InitializeNewSubtree(DiffContext& diffContext, Int32 frameIndex)
   at Microsoft.AspNetCore.Components.RenderTree.RenderTreeDiffBuilder.InsertNewFrame(DiffContext& diffContext, Int32 newFrameIndex)
   at Microsoft.AspNetCore.Components.RenderTree.RenderTreeDiffBuilder.AppendDiffEntriesForRange(DiffContext& diffContext, Int32 oldStartIndex, Int32 oldEndIndexExcl, Int32 newStartIndex, Int32 newEndIndexExcl)
   at Microsoft.AspNetCore.Components.RenderTree.RenderTreeDiffBuilder.ComputeDiff(Renderer renderer, RenderBatchBuilder batchBuilder, Int32 componentId, ArrayRange`1 oldTree, ArrayRange`1 newTree)
   at Microsoft.AspNetCore.Components.Rendering.ComponentState.RenderIntoBatch(RenderBatchBuilder batchBuilder, RenderFragment renderFragment, Exception& renderFragmentException)
   at Microsoft.AspNetCore.Components.RenderTree.Renderer.ProcessRenderQueue()
--- End of stack trace from previous location ---
   at Bunit.Rendering.TestRenderer.AssertNoUnhandledExceptions() in /_/src/bunit.core/Rendering/TestRenderer.cs:line 629
   at Bunit.Rendering.TestRenderer.Render[TResult](RenderFragment renderFragment, Func`2 activator) in /_/src/bunit.core/Rendering/TestRenderer.cs:line 480
   at Bunit.Rendering.TestRenderer.RenderFragment(RenderFragment renderFragment) in /_/src/bunit.core/Rendering/TestRenderer.cs:line 101
   at Bunit.Extensions.TestContextBaseRenderExtensions.RenderInsideRenderTree(TestContextBase testContext, RenderFragment renderFragment) in /_/src/bunit.core/Extensions/TestContextBaseRenderExtensions.cs:line 43
   at Bunit.Extensions.TestContextBaseRenderExtensions.RenderInsideRenderTree[TComponent](TestContextBase testContext, RenderFragment renderFragment) in /_/src/bunit.core/Extensions/TestContextBaseRenderExtensions.cs:line 23
   at Bunit.TestContext.Render[TComponent](RenderFragment renderFragment) in /_/src/bunit.web/TestContext.cs:line 66
   at Bunit.TestContext.RenderComponent[TComponent](ComponentParameter[] parameters) in /_/src/bunit.web/TestContext.cs:line 36
   at DKSKMaui.Tests.Infrastructure.BlazorTestBase.RenderComponent[TComponent](ComponentParameter[] parameters) in C:\Users\kimri\OneDrive\Desktop\DKSKMaui\DKSKMaui.Tests\Infrastructure\BlazorTestBase.cs:line 100
   at DKSKMaui.Tests.Components.Pages.HomeFormPageTests.Home_GlobalStateService_IsAvailable() in C:\Users\kimri\OneDrive\Desktop\DKSKMaui\DKSKMaui.Tests\Components\Pages\HomeFormPageTests.cs:line 212
--- End of stack trace from previous location ---
----- Inner Stack Trace -----
   at System.RuntimeType.CreateInstanceImpl(BindingFlags bindingAttr, Binder binder, Object[] args, CultureInfo culture)
   at Castle.DynamicProxy.ProxyGenerator.CreateClassProxyInstance(Type proxyType, List`1 proxyArguments, Type classToProxy, Object[] constructorArguments)
  Failed DKSKMaui.Tests.Components.Pages.HomeFormPageTests.Home_ComponentLifecycle_WorksCorrectly [1 ms]
  Error Message:
   System.ArgumentException : Can not instantiate proxy of class: DKSKMaui.Backend.Services.MyCompanyInfoService.
Could not find a parameterless constructor. (Parameter 'constructorArguments')
---- System.MissingMethodException : Constructor on type 'Castle.Proxies.MyCompanyInfoServiceProxy' not found.
  Stack Trace:
     at Castle.DynamicProxy.ProxyGenerator.CreateClassProxyInstance(Type proxyType, List`1 proxyArguments, Type classToProxy, Object[] constructorArguments)
   at Castle.DynamicProxy.ProxyGenerator.CreateClassProxy(Type classToProxy, Type[] additionalInterfacesToProxy, ProxyGenerationOptions options, Object[] constructorArguments, IInterceptor[] interceptors)
   at Moq.CastleProxyFactory.CreateProxy(Type mockType, IInterceptor interceptor, Type[] interfaces, Object[] arguments) in /_/src/Moq/Interception/CastleProxyFactory.cs:line 110
   at Moq.Mock`1.InitializeInstance() in /_/src/Moq/Mock`1.cs:line 502
   at Moq.Mock`1.OnGetObject() in /_/src/Moq/Mock`1.cs:line 516
   at Moq.Mock.get_Object() in /_/src/Moq/Mock.cs:line 180
   at Moq.Mock`1.get_Object() in /_/src/Moq/Mock`1.cs:line 453
   at DKSKMaui.Tests.Components.Base.FormPageTestBase`1.<.ctor>b__12_0(IServiceProvider _) in C:\Users\kimri\OneDrive\Desktop\DKSKMaui\DKSKMaui.Tests\Components\Base\FormPageTestBase.cs:line 34
   at Microsoft.Extensions.DependencyInjection.ServiceLookup.CallSiteVisitor`2.VisitCallSiteMain(ServiceCallSite callSite, TArgument argument)
   at Microsoft.Extensions.DependencyInjection.ServiceLookup.CallSiteRuntimeResolver.VisitCache(ServiceCallSite callSite, RuntimeResolverContext context, ServiceProviderEngineScope serviceProviderEngine, RuntimeResolverLock lockType)
   at Microsoft.Extensions.DependencyInjection.ServiceLookup.CallSiteRuntimeResolver.VisitScopeCache(ServiceCallSite callSite, RuntimeResolverContext context)
   at Microsoft.Extensions.DependencyInjection.ServiceLookup.CallSiteVisitor`2.VisitCallSite(ServiceCallSite callSite, TArgument argument)
   at Microsoft.Extensions.DependencyInjection.ServiceLookup.CallSiteRuntimeResolver.Resolve(ServiceCallSite callSite, ServiceProviderEngineScope scope)
   at Microsoft.Extensions.DependencyInjection.ServiceLookup.DynamicServiceProviderEngine.<>c__DisplayClass2_0.<RealizeService>b__0(ServiceProviderEngineScope scope)
   at Microsoft.Extensions.DependencyInjection.ServiceProvider.GetService(ServiceIdentifier serviceIdentifier, ServiceProviderEngineScope serviceProviderEngineScope)
   at Microsoft.Extensions.DependencyInjection.ServiceLookup.ServiceProviderEngineScope.GetService(Type serviceType)
   at Bunit.TestServiceProvider.GetServiceInternal(Type serviceType) in /_/src/bunit.core/TestServiceProvider.cs:line 155
   at Bunit.TestServiceProvider.GetService(Type serviceType) in /_/src/bunit.core/TestServiceProvider.cs:line 147
   at Microsoft.AspNetCore.Components.ComponentFactory.<>c__DisplayClass9_0.<CreatePropertyInjector>g__Initialize|1(IServiceProvider serviceProvider, IComponent component)
   at Microsoft.AspNetCore.Components.ComponentFactory.InstantiateComponent(IServiceProvider serviceProvider, Type componentType, IComponentRenderMode callerSpecifiedRenderMode, Nullable`1 parentComponentId)
   at Microsoft.AspNetCore.Components.RenderTree.Renderer.InstantiateChildComponentOnFrame(RenderTreeFrame[] frames, Int32 frameIndex, Int32 parentComponentId)
   at Microsoft.AspNetCore.Components.RenderTree.RenderTreeDiffBuilder.InitializeNewComponentFrame(DiffContext& diffContext, Int32 frameIndex)
   at Microsoft.AspNetCore.Components.RenderTree.RenderTreeDiffBuilder.InitializeNewSubtree(DiffContext& diffContext, Int32 frameIndex)
   at Microsoft.AspNetCore.Components.RenderTree.RenderTreeDiffBuilder.InsertNewFrame(DiffContext& diffContext, Int32 newFrameIndex)
   at Microsoft.AspNetCore.Components.RenderTree.RenderTreeDiffBuilder.AppendDiffEntriesForRange(DiffContext& diffContext, Int32 oldStartIndex, Int32 oldEndIndexExcl, Int32 newStartIndex, Int32 newEndIndexExcl)
   at Microsoft.AspNetCore.Components.RenderTree.RenderTreeDiffBuilder.ComputeDiff(Renderer renderer, RenderBatchBuilder batchBuilder, Int32 componentId, ArrayRange`1 oldTree, ArrayRange`1 newTree)
   at Microsoft.AspNetCore.Components.Rendering.ComponentState.RenderIntoBatch(RenderBatchBuilder batchBuilder, RenderFragment renderFragment, Exception& renderFragmentException)
   at Microsoft.AspNetCore.Components.RenderTree.Renderer.ProcessRenderQueue()
--- End of stack trace from previous location ---
   at Bunit.Rendering.TestRenderer.AssertNoUnhandledExceptions() in /_/src/bunit.core/Rendering/TestRenderer.cs:line 629
   at Bunit.Rendering.TestRenderer.Render[TResult](RenderFragment renderFragment, Func`2 activator) in /_/src/bunit.core/Rendering/TestRenderer.cs:line 480
   at Bunit.Rendering.TestRenderer.RenderFragment(RenderFragment renderFragment) in /_/src/bunit.core/Rendering/TestRenderer.cs:line 101
   at Bunit.Extensions.TestContextBaseRenderExtensions.RenderInsideRenderTree(TestContextBase testContext, RenderFragment renderFragment) in /_/src/bunit.core/Extensions/TestContextBaseRenderExtensions.cs:line 43
   at Bunit.Extensions.TestContextBaseRenderExtensions.RenderInsideRenderTree[TComponent](TestContextBase testContext, RenderFragment renderFragment) in /_/src/bunit.core/Extensions/TestContextBaseRenderExtensions.cs:line 23
   at Bunit.TestContext.Render[TComponent](RenderFragment renderFragment) in /_/src/bunit.web/TestContext.cs:line 66
   at Bunit.TestContext.RenderComponent[TComponent](ComponentParameter[] parameters) in /_/src/bunit.web/TestContext.cs:line 36
   at DKSKMaui.Tests.Infrastructure.BlazorTestBase.RenderComponent[TComponent](ComponentParameter[] parameters) in C:\Users\kimri\OneDrive\Desktop\DKSKMaui\DKSKMaui.Tests\Infrastructure\BlazorTestBase.cs:line 100
   at DKSKMaui.Tests.Components.Pages.HomeFormPageTests.Home_ComponentLifecycle_WorksCorrectly() in C:\Users\kimri\OneDrive\Desktop\DKSKMaui\DKSKMaui.Tests\Components\Pages\HomeFormPageTests.cs:line 260
--- End of stack trace from previous location ---
----- Inner Stack Trace -----
   at System.RuntimeType.CreateInstanceImpl(BindingFlags bindingAttr, Binder binder, Object[] args, CultureInfo culture)
   at Castle.DynamicProxy.ProxyGenerator.CreateClassProxyInstance(Type proxyType, List`1 proxyArguments, Type classToProxy, Object[] constructorArguments)
  Failed DKSKMaui.Tests.Components.Pages.HomeFormPageTests.Home_RequiredServices_AreInjected [1 ms]
  Error Message:
   System.ArgumentException : Can not instantiate proxy of class: DKSKMaui.Backend.Services.MyCompanyInfoService.
Could not find a parameterless constructor. (Parameter 'constructorArguments')
---- System.MissingMethodException : Constructor on type 'Castle.Proxies.MyCompanyInfoServiceProxy' not found.
  Stack Trace:
     at Castle.DynamicProxy.ProxyGenerator.CreateClassProxyInstance(Type proxyType, List`1 proxyArguments, Type classToProxy, Object[] constructorArguments)
   at Castle.DynamicProxy.ProxyGenerator.CreateClassProxy(Type classToProxy, Type[] additionalInterfacesToProxy, ProxyGenerationOptions options, Object[] constructorArguments, IInterceptor[] interceptors)
   at Moq.CastleProxyFactory.CreateProxy(Type mockType, IInterceptor interceptor, Type[] interfaces, Object[] arguments) in /_/src/Moq/Interception/CastleProxyFactory.cs:line 110
   at Moq.Mock`1.InitializeInstance() in /_/src/Moq/Mock`1.cs:line 502
   at Moq.Mock`1.OnGetObject() in /_/src/Moq/Mock`1.cs:line 516
   at Moq.Mock.get_Object() in /_/src/Moq/Mock.cs:line 180
   at Moq.Mock`1.get_Object() in /_/src/Moq/Mock`1.cs:line 453
   at DKSKMaui.Tests.Components.Base.FormPageTestBase`1.<.ctor>b__12_0(IServiceProvider _) in C:\Users\kimri\OneDrive\Desktop\DKSKMaui\DKSKMaui.Tests\Components\Base\FormPageTestBase.cs:line 34
   at Microsoft.Extensions.DependencyInjection.ServiceLookup.CallSiteVisitor`2.VisitCallSiteMain(ServiceCallSite callSite, TArgument argument)
   at Microsoft.Extensions.DependencyInjection.ServiceLookup.CallSiteRuntimeResolver.VisitCache(ServiceCallSite callSite, RuntimeResolverContext context, ServiceProviderEngineScope serviceProviderEngine, RuntimeResolverLock lockType)
   at Microsoft.Extensions.DependencyInjection.ServiceLookup.CallSiteRuntimeResolver.VisitScopeCache(ServiceCallSite callSite, RuntimeResolverContext context)
   at Microsoft.Extensions.DependencyInjection.ServiceLookup.CallSiteVisitor`2.VisitCallSite(ServiceCallSite callSite, TArgument argument)
   at Microsoft.Extensions.DependencyInjection.ServiceLookup.CallSiteRuntimeResolver.Resolve(ServiceCallSite callSite, ServiceProviderEngineScope scope)
   at Microsoft.Extensions.DependencyInjection.ServiceLookup.DynamicServiceProviderEngine.<>c__DisplayClass2_0.<RealizeService>b__0(ServiceProviderEngineScope scope)
   at Microsoft.Extensions.DependencyInjection.ServiceProvider.GetService(ServiceIdentifier serviceIdentifier, ServiceProviderEngineScope serviceProviderEngineScope)
   at Microsoft.Extensions.DependencyInjection.ServiceLookup.ServiceProviderEngineScope.GetService(Type serviceType)
   at Bunit.TestServiceProvider.GetServiceInternal(Type serviceType) in /_/src/bunit.core/TestServiceProvider.cs:line 155
   at Bunit.TestServiceProvider.GetService(Type serviceType) in /_/src/bunit.core/TestServiceProvider.cs:line 147
   at Microsoft.AspNetCore.Components.ComponentFactory.<>c__DisplayClass9_0.<CreatePropertyInjector>g__Initialize|1(IServiceProvider serviceProvider, IComponent component)
   at Microsoft.AspNetCore.Components.ComponentFactory.InstantiateComponent(IServiceProvider serviceProvider, Type componentType, IComponentRenderMode callerSpecifiedRenderMode, Nullable`1 parentComponentId)
   at Microsoft.AspNetCore.Components.RenderTree.Renderer.InstantiateChildComponentOnFrame(RenderTreeFrame[] frames, Int32 frameIndex, Int32 parentComponentId)
   at Microsoft.AspNetCore.Components.RenderTree.RenderTreeDiffBuilder.InitializeNewComponentFrame(DiffContext& diffContext, Int32 frameIndex)
   at Microsoft.AspNetCore.Components.RenderTree.RenderTreeDiffBuilder.InitializeNewSubtree(DiffContext& diffContext, Int32 frameIndex)
   at Microsoft.AspNetCore.Components.RenderTree.RenderTreeDiffBuilder.InsertNewFrame(DiffContext& diffContext, Int32 newFrameIndex)
   at Microsoft.AspNetCore.Components.RenderTree.RenderTreeDiffBuilder.AppendDiffEntriesForRange(DiffContext& diffContext, Int32 oldStartIndex, Int32 oldEndIndexExcl, Int32 newStartIndex, Int32 newEndIndexExcl)
   at Microsoft.AspNetCore.Components.RenderTree.RenderTreeDiffBuilder.ComputeDiff(Renderer renderer, RenderBatchBuilder batchBuilder, Int32 componentId, ArrayRange`1 oldTree, ArrayRange`1 newTree)
   at Microsoft.AspNetCore.Components.Rendering.ComponentState.RenderIntoBatch(RenderBatchBuilder batchBuilder, RenderFragment renderFragment, Exception& renderFragmentException)
   at Microsoft.AspNetCore.Components.RenderTree.Renderer.ProcessRenderQueue()
--- End of stack trace from previous location ---
   at Bunit.Rendering.TestRenderer.AssertNoUnhandledExceptions() in /_/src/bunit.core/Rendering/TestRenderer.cs:line 629
   at Bunit.Rendering.TestRenderer.Render[TResult](RenderFragment renderFragment, Func`2 activator) in /_/src/bunit.core/Rendering/TestRenderer.cs:line 480
   at Bunit.Rendering.TestRenderer.RenderFragment(RenderFragment renderFragment) in /_/src/bunit.core/Rendering/TestRenderer.cs:line 101
   at Bunit.Extensions.TestContextBaseRenderExtensions.RenderInsideRenderTree(TestContextBase testContext, RenderFragment renderFragment) in /_/src/bunit.core/Extensions/TestContextBaseRenderExtensions.cs:line 43
   at Bunit.Extensions.TestContextBaseRenderExtensions.RenderInsideRenderTree[TComponent](TestContextBase testContext, RenderFragment renderFragment) in /_/src/bunit.core/Extensions/TestContextBaseRenderExtensions.cs:line 23
   at Bunit.TestContext.Render[TComponent](RenderFragment renderFragment) in /_/src/bunit.web/TestContext.cs:line 66
   at Bunit.TestContext.RenderComponent[TComponent](ComponentParameter[] parameters) in /_/src/bunit.web/TestContext.cs:line 36
   at DKSKMaui.Tests.Infrastructure.BlazorTestBase.RenderComponent[TComponent](ComponentParameter[] parameters) in C:\Users\kimri\OneDrive\Desktop\DKSKMaui\DKSKMaui.Tests\Infrastructure\BlazorTestBase.cs:line 100
   at DKSKMaui.Tests.Components.Pages.HomeFormPageTests.Home_RequiredServices_AreInjected() in C:\Users\kimri\OneDrive\Desktop\DKSKMaui\DKSKMaui.Tests\Components\Pages\HomeFormPageTests.cs:line 243
--- End of stack trace from previous location ---
----- Inner Stack Trace -----
   at System.RuntimeType.CreateInstanceImpl(BindingFlags bindingAttr, Binder binder, Object[] args, CultureInfo culture)
   at Castle.DynamicProxy.ProxyGenerator.CreateClassProxyInstance(Type proxyType, List`1 proxyArguments, Type classToProxy, Object[] constructorArguments)
  Failed DKSKMaui.Tests.Components.Pages.HomeFormPageTests.Home_HasProperPageStructure [1 ms]
  Error Message:
   System.ArgumentException : Can not instantiate proxy of class: DKSKMaui.Backend.Services.MyCompanyInfoService.
Could not find a parameterless constructor. (Parameter 'constructorArguments')
---- System.MissingMethodException : Constructor on type 'Castle.Proxies.MyCompanyInfoServiceProxy' not found.
  Stack Trace:
     at Castle.DynamicProxy.ProxyGenerator.CreateClassProxyInstance(Type proxyType, List`1 proxyArguments, Type classToProxy, Object[] constructorArguments)
   at Castle.DynamicProxy.ProxyGenerator.CreateClassProxy(Type classToProxy, Type[] additionalInterfacesToProxy, ProxyGenerationOptions options, Object[] constructorArguments, IInterceptor[] interceptors)
   at Moq.CastleProxyFactory.CreateProxy(Type mockType, IInterceptor interceptor, Type[] interfaces, Object[] arguments) in /_/src/Moq/Interception/CastleProxyFactory.cs:line 110
   at Moq.Mock`1.InitializeInstance() in /_/src/Moq/Mock`1.cs:line 502
   at Moq.Mock`1.OnGetObject() in /_/src/Moq/Mock`1.cs:line 516
   at Moq.Mock.get_Object() in /_/src/Moq/Mock.cs:line 180
   at Moq.Mock`1.get_Object() in /_/src/Moq/Mock`1.cs:line 453
   at DKSKMaui.Tests.Components.Base.FormPageTestBase`1.<.ctor>b__12_0(IServiceProvider _) in C:\Users\kimri\OneDrive\Desktop\DKSKMaui\DKSKMaui.Tests\Components\Base\FormPageTestBase.cs:line 34
   at Microsoft.Extensions.DependencyInjection.ServiceLookup.CallSiteVisitor`2.VisitCallSiteMain(ServiceCallSite callSite, TArgument argument)
   at Microsoft.Extensions.DependencyInjection.ServiceLookup.CallSiteRuntimeResolver.VisitCache(ServiceCallSite callSite, RuntimeResolverContext context, ServiceProviderEngineScope serviceProviderEngine, RuntimeResolverLock lockType)
   at Microsoft.Extensions.DependencyInjection.ServiceLookup.CallSiteRuntimeResolver.VisitScopeCache(ServiceCallSite callSite, RuntimeResolverContext context)
   at Microsoft.Extensions.DependencyInjection.ServiceLookup.CallSiteVisitor`2.VisitCallSite(ServiceCallSite callSite, TArgument argument)
   at Microsoft.Extensions.DependencyInjection.ServiceLookup.CallSiteRuntimeResolver.Resolve(ServiceCallSite callSite, ServiceProviderEngineScope scope)
   at Microsoft.Extensions.DependencyInjection.ServiceLookup.DynamicServiceProviderEngine.<>c__DisplayClass2_0.<RealizeService>b__0(ServiceProviderEngineScope scope)
   at Microsoft.Extensions.DependencyInjection.ServiceProvider.GetService(ServiceIdentifier serviceIdentifier, ServiceProviderEngineScope serviceProviderEngineScope)
   at Microsoft.Extensions.DependencyInjection.ServiceLookup.ServiceProviderEngineScope.GetService(Type serviceType)
   at Bunit.TestServiceProvider.GetServiceInternal(Type serviceType) in /_/src/bunit.core/TestServiceProvider.cs:line 155
   at Bunit.TestServiceProvider.GetService(Type serviceType) in /_/src/bunit.core/TestServiceProvider.cs:line 147
   at Microsoft.AspNetCore.Components.ComponentFactory.<>c__DisplayClass9_0.<CreatePropertyInjector>g__Initialize|1(IServiceProvider serviceProvider, IComponent component)
   at Microsoft.AspNetCore.Components.ComponentFactory.InstantiateComponent(IServiceProvider serviceProvider, Type componentType, IComponentRenderMode callerSpecifiedRenderMode, Nullable`1 parentComponentId)
   at Microsoft.AspNetCore.Components.RenderTree.Renderer.InstantiateChildComponentOnFrame(RenderTreeFrame[] frames, Int32 frameIndex, Int32 parentComponentId)
   at Microsoft.AspNetCore.Components.RenderTree.RenderTreeDiffBuilder.InitializeNewComponentFrame(DiffContext& diffContext, Int32 frameIndex)
   at Microsoft.AspNetCore.Components.RenderTree.RenderTreeDiffBuilder.InitializeNewSubtree(DiffContext& diffContext, Int32 frameIndex)
   at Microsoft.AspNetCore.Components.RenderTree.RenderTreeDiffBuilder.InsertNewFrame(DiffContext& diffContext, Int32 newFrameIndex)
   at Microsoft.AspNetCore.Components.RenderTree.RenderTreeDiffBuilder.AppendDiffEntriesForRange(DiffContext& diffContext, Int32 oldStartIndex, Int32 oldEndIndexExcl, Int32 newStartIndex, Int32 newEndIndexExcl)
   at Microsoft.AspNetCore.Components.RenderTree.RenderTreeDiffBuilder.ComputeDiff(Renderer renderer, RenderBatchBuilder batchBuilder, Int32 componentId, ArrayRange`1 oldTree, ArrayRange`1 newTree)
   at Microsoft.AspNetCore.Components.Rendering.ComponentState.RenderIntoBatch(RenderBatchBuilder batchBuilder, RenderFragment renderFragment, Exception& renderFragmentException)
   at Microsoft.AspNetCore.Components.RenderTree.Renderer.ProcessRenderQueue()
--- End of stack trace from previous location ---
   at Bunit.Rendering.TestRenderer.AssertNoUnhandledExceptions() in /_/src/bunit.core/Rendering/TestRenderer.cs:line 629
   at Bunit.Rendering.TestRenderer.Render[TResult](RenderFragment renderFragment, Func`2 activator) in /_/src/bunit.core/Rendering/TestRenderer.cs:line 480
   at Bunit.Rendering.TestRenderer.RenderFragment(RenderFragment renderFragment) in /_/src/bunit.core/Rendering/TestRenderer.cs:line 101
   at Bunit.Extensions.TestContextBaseRenderExtensions.RenderInsideRenderTree(TestContextBase testContext, RenderFragment renderFragment) in /_/src/bunit.core/Extensions/TestContextBaseRenderExtensions.cs:line 43
   at Bunit.Extensions.TestContextBaseRenderExtensions.RenderInsideRenderTree[TComponent](TestContextBase testContext, RenderFragment renderFragment) in /_/src/bunit.core/Extensions/TestContextBaseRenderExtensions.cs:line 23
   at Bunit.TestContext.Render[TComponent](RenderFragment renderFragment) in /_/src/bunit.web/TestContext.cs:line 66
   at Bunit.TestContext.RenderComponent[TComponent](ComponentParameter[] parameters) in /_/src/bunit.web/TestContext.cs:line 36
   at DKSKMaui.Tests.Infrastructure.BlazorTestBase.RenderComponent[TComponent](ComponentParameter[] parameters) in C:\Users\kimri\OneDrive\Desktop\DKSKMaui\DKSKMaui.Tests\Infrastructure\BlazorTestBase.cs:line 100
   at DKSKMaui.Tests.Components.Pages.HomeFormPageTests.Home_HasProperPageStructure() in C:\Users\kimri\OneDrive\Desktop\DKSKMaui\DKSKMaui.Tests\Components\Pages\HomeFormPageTests.cs:line 196
--- End of stack trace from previous location ---
----- Inner Stack Trace -----
   at System.RuntimeType.CreateInstanceImpl(BindingFlags bindingAttr, Binder binder, Object[] args, CultureInfo culture)
   at Castle.DynamicProxy.ProxyGenerator.CreateClassProxyInstance(Type proxyType, List`1 proxyArguments, Type classToProxy, Object[] constructorArguments)
  Failed DKSKMaui.Tests.Components.Pages.HomeFormPageTests.Home_FormLayout_IsResponsive [1 ms]
  Error Message:
   System.ArgumentException : Can not instantiate proxy of class: DKSKMaui.Backend.Services.MyCompanyInfoService.
Could not find a parameterless constructor. (Parameter 'constructorArguments')
---- System.MissingMethodException : Constructor on type 'Castle.Proxies.MyCompanyInfoServiceProxy' not found.
  Stack Trace:
     at Castle.DynamicProxy.ProxyGenerator.CreateClassProxyInstance(Type proxyType, List`1 proxyArguments, Type classToProxy, Object[] constructorArguments)
   at Castle.DynamicProxy.ProxyGenerator.CreateClassProxy(Type classToProxy, Type[] additionalInterfacesToProxy, ProxyGenerationOptions options, Object[] constructorArguments, IInterceptor[] interceptors)
   at Moq.CastleProxyFactory.CreateProxy(Type mockType, IInterceptor interceptor, Type[] interfaces, Object[] arguments) in /_/src/Moq/Interception/CastleProxyFactory.cs:line 110
   at Moq.Mock`1.InitializeInstance() in /_/src/Moq/Mock`1.cs:line 502
   at Moq.Mock`1.OnGetObject() in /_/src/Moq/Mock`1.cs:line 516
   at Moq.Mock.get_Object() in /_/src/Moq/Mock.cs:line 180
   at Moq.Mock`1.get_Object() in /_/src/Moq/Mock`1.cs:line 453
   at DKSKMaui.Tests.Components.Base.FormPageTestBase`1.<.ctor>b__12_0(IServiceProvider _) in C:\Users\kimri\OneDrive\Desktop\DKSKMaui\DKSKMaui.Tests\Components\Base\FormPageTestBase.cs:line 34
   at Microsoft.Extensions.DependencyInjection.ServiceLookup.CallSiteVisitor`2.VisitCallSiteMain(ServiceCallSite callSite, TArgument argument)
   at Microsoft.Extensions.DependencyInjection.ServiceLookup.CallSiteRuntimeResolver.VisitCache(ServiceCallSite callSite, RuntimeResolverContext context, ServiceProviderEngineScope serviceProviderEngine, RuntimeResolverLock lockType)
   at Microsoft.Extensions.DependencyInjection.ServiceLookup.CallSiteRuntimeResolver.VisitScopeCache(ServiceCallSite callSite, RuntimeResolverContext context)
   at Microsoft.Extensions.DependencyInjection.ServiceLookup.CallSiteVisitor`2.VisitCallSite(ServiceCallSite callSite, TArgument argument)
   at Microsoft.Extensions.DependencyInjection.ServiceLookup.CallSiteRuntimeResolver.Resolve(ServiceCallSite callSite, ServiceProviderEngineScope scope)
   at Microsoft.Extensions.DependencyInjection.ServiceLookup.DynamicServiceProviderEngine.<>c__DisplayClass2_0.<RealizeService>b__0(ServiceProviderEngineScope scope)
   at Microsoft.Extensions.DependencyInjection.ServiceProvider.GetService(ServiceIdentifier serviceIdentifier, ServiceProviderEngineScope serviceProviderEngineScope)
   at Microsoft.Extensions.DependencyInjection.ServiceLookup.ServiceProviderEngineScope.GetService(Type serviceType)
   at Bunit.TestServiceProvider.GetServiceInternal(Type serviceType) in /_/src/bunit.core/TestServiceProvider.cs:line 155
   at Bunit.TestServiceProvider.GetService(Type serviceType) in /_/src/bunit.core/TestServiceProvider.cs:line 147
   at Microsoft.AspNetCore.Components.ComponentFactory.<>c__DisplayClass9_0.<CreatePropertyInjector>g__Initialize|1(IServiceProvider serviceProvider, IComponent component)
   at Microsoft.AspNetCore.Components.ComponentFactory.InstantiateComponent(IServiceProvider serviceProvider, Type componentType, IComponentRenderMode callerSpecifiedRenderMode, Nullable`1 parentComponentId)
   at Microsoft.AspNetCore.Components.RenderTree.Renderer.InstantiateChildComponentOnFrame(RenderTreeFrame[] frames, Int32 frameIndex, Int32 parentComponentId)
   at Microsoft.AspNetCore.Components.RenderTree.RenderTreeDiffBuilder.InitializeNewComponentFrame(DiffContext& diffContext, Int32 frameIndex)
   at Microsoft.AspNetCore.Components.RenderTree.RenderTreeDiffBuilder.InitializeNewSubtree(DiffContext& diffContext, Int32 frameIndex)
   at Microsoft.AspNetCore.Components.RenderTree.RenderTreeDiffBuilder.InsertNewFrame(DiffContext& diffContext, Int32 newFrameIndex)
   at Microsoft.AspNetCore.Components.RenderTree.RenderTreeDiffBuilder.AppendDiffEntriesForRange(DiffContext& diffContext, Int32 oldStartIndex, Int32 oldEndIndexExcl, Int32 newStartIndex, Int32 newEndIndexExcl)
   at Microsoft.AspNetCore.Components.RenderTree.RenderTreeDiffBuilder.ComputeDiff(Renderer renderer, RenderBatchBuilder batchBuilder, Int32 componentId, ArrayRange`1 oldTree, ArrayRange`1 newTree)
   at Microsoft.AspNetCore.Components.Rendering.ComponentState.RenderIntoBatch(RenderBatchBuilder batchBuilder, RenderFragment renderFragment, Exception& renderFragmentException)
   at Microsoft.AspNetCore.Components.RenderTree.Renderer.ProcessRenderQueue()
--- End of stack trace from previous location ---
   at Bunit.Rendering.TestRenderer.AssertNoUnhandledExceptions() in /_/src/bunit.core/Rendering/TestRenderer.cs:line 629
   at Bunit.Rendering.TestRenderer.Render[TResult](RenderFragment renderFragment, Func`2 activator) in /_/src/bunit.core/Rendering/TestRenderer.cs:line 480
   at Bunit.Rendering.TestRenderer.RenderFragment(RenderFragment renderFragment) in /_/src/bunit.core/Rendering/TestRenderer.cs:line 101
   at Bunit.Extensions.TestContextBaseRenderExtensions.RenderInsideRenderTree(TestContextBase testContext, RenderFragment renderFragment) in /_/src/bunit.core/Extensions/TestContextBaseRenderExtensions.cs:line 43
   at Bunit.Extensions.TestContextBaseRenderExtensions.RenderInsideRenderTree[TComponent](TestContextBase testContext, RenderFragment renderFragment) in /_/src/bunit.core/Extensions/TestContextBaseRenderExtensions.cs:line 23
   at Bunit.TestContext.Render[TComponent](RenderFragment renderFragment) in /_/src/bunit.web/TestContext.cs:line 66
   at Bunit.TestContext.RenderComponent[TComponent](ComponentParameter[] parameters) in /_/src/bunit.web/TestContext.cs:line 36
   at DKSKMaui.Tests.Infrastructure.BlazorTestBase.RenderComponent[TComponent](ComponentParameter[] parameters) in C:\Users\kimri\OneDrive\Desktop\DKSKMaui\DKSKMaui.Tests\Infrastructure\BlazorTestBase.cs:line 100
   at DKSKMaui.Tests.Components.Pages.HomeFormPageTests.Home_FormLayout_IsResponsive() in C:\Users\kimri\OneDrive\Desktop\DKSKMaui\DKSKMaui.Tests\Components\Pages\HomeFormPageTests.cs:line 181
--- End of stack trace from previous location ---
----- Inner Stack Trace -----
   at System.RuntimeType.CreateInstanceImpl(BindingFlags bindingAttr, Binder binder, Object[] args, CultureInfo culture)
   at Castle.DynamicProxy.ProxyGenerator.CreateClassProxyInstance(Type proxyType, List`1 proxyArguments, Type classToProxy, Object[] constructorArguments)
[xUnit.net 00:00:01.93]     DKSKMaui.Tests.Components.Pages.HomeFormPageTests.Home_DisplaysAllRequiredFields [FAIL]
[xUnit.net 00:00:01.94]     
DKSKMaui.Tests.Components.Pages.AddContactFolder.AddcontractorTests.Addcontractor_CancelButton_RemainsInFormView [FAIL]
  Failed DKSKMaui.Tests.Components.Pages.HomeFormPageTests.Home_DisplaysAllRequiredFields [1 ms]
  Error Message:
   System.ArgumentException : Can not instantiate proxy of class: DKSKMaui.Backend.Services.MyCompanyInfoService.
Could not find a parameterless constructor. (Parameter 'constructorArguments')
---- System.MissingMethodException : Constructor on type 'Castle.Proxies.MyCompanyInfoServiceProxy' not found.
  Stack Trace:
     at Castle.DynamicProxy.ProxyGenerator.CreateClassProxyInstance(Type proxyType, List`1 proxyArguments, Type classToProxy, Object[] constructorArguments)
   at Castle.DynamicProxy.ProxyGenerator.CreateClassProxy(Type classToProxy, Type[] additionalInterfacesToProxy, ProxyGenerationOptions options, Object[] constructorArguments, IInterceptor[] interceptors)
   at Moq.CastleProxyFactory.CreateProxy(Type mockType, IInterceptor interceptor, Type[] interfaces, Object[] arguments) in /_/src/Moq/Interception/CastleProxyFactory.cs:line 110
   at Moq.Mock`1.InitializeInstance() in /_/src/Moq/Mock`1.cs:line 502
   at Moq.Mock`1.OnGetObject() in /_/src/Moq/Mock`1.cs:line 516
   at Moq.Mock.get_Object() in /_/src/Moq/Mock.cs:line 180
   at Moq.Mock`1.get_Object() in /_/src/Moq/Mock`1.cs:line 453
   at DKSKMaui.Tests.Components.Base.FormPageTestBase`1.<.ctor>b__12_0(IServiceProvider _) in C:\Users\kimri\OneDrive\Desktop\DKSKMaui\DKSKMaui.Tests\Components\Base\FormPageTestBase.cs:line 34
   at Microsoft.Extensions.DependencyInjection.ServiceLookup.CallSiteVisitor`2.VisitCallSiteMain(ServiceCallSite callSite, TArgument argument)
   at Microsoft.Extensions.DependencyInjection.ServiceLookup.CallSiteRuntimeResolver.VisitCache(ServiceCallSite callSite, RuntimeResolverContext context, ServiceProviderEngineScope serviceProviderEngine, RuntimeResolverLock lockType)
   at Microsoft.Extensions.DependencyInjection.ServiceLookup.CallSiteRuntimeResolver.VisitScopeCache(ServiceCallSite callSite, RuntimeResolverContext context)
   at Microsoft.Extensions.DependencyInjection.ServiceLookup.CallSiteVisitor`2.VisitCallSite(ServiceCallSite callSite, TArgument argument)
   at Microsoft.Extensions.DependencyInjection.ServiceLookup.CallSiteRuntimeResolver.Resolve(ServiceCallSite callSite, ServiceProviderEngineScope scope)
   at Microsoft.Extensions.DependencyInjection.ServiceLookup.DynamicServiceProviderEngine.<>c__DisplayClass2_0.<RealizeService>b__0(ServiceProviderEngineScope scope)
   at Microsoft.Extensions.DependencyInjection.ServiceProvider.GetService(ServiceIdentifier serviceIdentifier, ServiceProviderEngineScope serviceProviderEngineScope)
   at Microsoft.Extensions.DependencyInjection.ServiceLookup.ServiceProviderEngineScope.GetService(Type serviceType)
   at Bunit.TestServiceProvider.GetServiceInternal(Type serviceType) in /_/src/bunit.core/TestServiceProvider.cs:line 155
   at Bunit.TestServiceProvider.GetService(Type serviceType) in /_/src/bunit.core/TestServiceProvider.cs:line 147
   at Microsoft.AspNetCore.Components.ComponentFactory.<>c__DisplayClass9_0.<CreatePropertyInjector>g__Initialize|1(IServiceProvider serviceProvider, IComponent component)
   at Microsoft.AspNetCore.Components.ComponentFactory.InstantiateComponent(IServiceProvider serviceProvider, Type componentType, IComponentRenderMode callerSpecifiedRenderMode, Nullable`1 parentComponentId)
   at Microsoft.AspNetCore.Components.RenderTree.Renderer.InstantiateChildComponentOnFrame(RenderTreeFrame[] frames, Int32 frameIndex, Int32 parentComponentId)
   at Microsoft.AspNetCore.Components.RenderTree.RenderTreeDiffBuilder.InitializeNewComponentFrame(DiffContext& diffContext, Int32 frameIndex)
   at Microsoft.AspNetCore.Components.RenderTree.RenderTreeDiffBuilder.InitializeNewSubtree(DiffContext& diffContext, Int32 frameIndex)
   at Microsoft.AspNetCore.Components.RenderTree.RenderTreeDiffBuilder.InsertNewFrame(DiffContext& diffContext, Int32 newFrameIndex)
   at Microsoft.AspNetCore.Components.RenderTree.RenderTreeDiffBuilder.AppendDiffEntriesForRange(DiffContext& diffContext, Int32 oldStartIndex, Int32 oldEndIndexExcl, Int32 newStartIndex, Int32 newEndIndexExcl)
   at Microsoft.AspNetCore.Components.RenderTree.RenderTreeDiffBuilder.ComputeDiff(Renderer renderer, RenderBatchBuilder batchBuilder, Int32 componentId, ArrayRange`1 oldTree, ArrayRange`1 newTree)
   at Microsoft.AspNetCore.Components.Rendering.ComponentState.RenderIntoBatch(RenderBatchBuilder batchBuilder, RenderFragment renderFragment, Exception& renderFragmentException)
   at Microsoft.AspNetCore.Components.RenderTree.Renderer.ProcessRenderQueue()
--- End of stack trace from previous location ---
   at Bunit.Rendering.TestRenderer.AssertNoUnhandledExceptions() in /_/src/bunit.core/Rendering/TestRenderer.cs:line 629
   at Bunit.Rendering.TestRenderer.Render[TResult](RenderFragment renderFragment, Func`2 activator) in /_/src/bunit.core/Rendering/TestRenderer.cs:line 480
   at Bunit.Rendering.TestRenderer.RenderFragment(RenderFragment renderFragment) in /_/src/bunit.core/Rendering/TestRenderer.cs:line 101
   at Bunit.Extensions.TestContextBaseRenderExtensions.RenderInsideRenderTree(TestContextBase testContext, RenderFragment renderFragment) in /_/src/bunit.core/Extensions/TestContextBaseRenderExtensions.cs:line 43
   at Bunit.Extensions.TestContextBaseRenderExtensions.RenderInsideRenderTree[TComponent](TestContextBase testContext, RenderFragment renderFragment) in /_/src/bunit.core/Extensions/TestContextBaseRenderExtensions.cs:line 23
   at Bunit.TestContext.Render[TComponent](RenderFragment renderFragment) in /_/src/bunit.web/TestContext.cs:line 66
   at Bunit.TestContext.RenderComponent[TComponent](ComponentParameter[] parameters) in /_/src/bunit.web/TestContext.cs:line 36
   at DKSKMaui.Tests.Infrastructure.BlazorTestBase.RenderComponent[TComponent](ComponentParameter[] parameters) in C:\Users\kimri\OneDrive\Desktop\DKSKMaui\DKSKMaui.Tests\Infrastructure\BlazorTestBase.cs:line 100
   at DKSKMaui.Tests.Components.Pages.HomeFormPageTests.Home_DisplaysAllRequiredFields() in C:\Users\kimri\OneDrive\Desktop\DKSKMaui\DKSKMaui.Tests\Components\Pages\HomeFormPageTests.cs:line 62
--- End of stack trace from previous location ---
----- Inner Stack Trace -----
   at System.RuntimeType.CreateInstanceImpl(BindingFlags bindingAttr, Binder binder, Object[] args, CultureInfo culture)
   at Castle.DynamicProxy.ProxyGenerator.CreateClassProxyInstance(Type proxyType, List`1 proxyArguments, Type classToProxy, Object[] constructorArguments)
  Failed DKSKMaui.Tests.Components.Pages.AddContactFolder.AddcontractorTests.Addcontractor_CancelButton_RemainsInFormView [1 ms]
  Error Message:
   Bunit.MissingEventHandlerException : The element does not have an event handler for the event 'onclick', nor any other events.
  Stack Trace:
     at Bunit.TriggerEventDispatchExtensions.TriggerBubblingEventAsync(ITestRenderer renderer, IElement element, String eventName, EventArgs eventArgs) in /_/src/bunit.web/EventDispatchExtensions/TriggerEventDispatchExtensions.cs:line 121
   at Bunit.TriggerEventDispatchExtensions.TriggerEventsAsync(ITestRenderer renderer, IElement element, String eventName, EventArgs eventArgs) in /_/src/bunit.web/EventDispatchExtensions/TriggerEventDispatchExtensions.cs:line 93
   at Bunit.TriggerEventDispatchExtensions.<>c__DisplayClass3_0.<TriggerEventAsync>b__0() in /_/src/bunit.web/EventDispatchExtensions/TriggerEventDispatchExtensions.cs:line 80
   at Microsoft.AspNetCore.Components.Rendering.RendererSynchronizationContext.<>c.<<InvokeAsync>b__10_0>d.MoveNext()
--- End of stack trace from previous location ---
   at Bunit.TriggerEventDispatchExtensions.ThrowIfFailedSynchronously(Task result) in /_/src/bunit.web/EventDispatchExtensions/TriggerEventDispatchExtensions.cs:line 215
   at Bunit.TriggerEventDispatchExtensions.TriggerEventAsync(IElement element, String eventName, EventArgs eventArgs) in /_/src/bunit.web/EventDispatchExtensions/TriggerEventDispatchExtensions.cs:line 82
   at Bunit.MouseEventDispatchExtensions.ClickAsync(IElement element, MouseEventArgs eventArgs) in /_/src/bunit.web/EventDispatchExtensions/MouseEventDispatchExtensions.cs:line 373
   at Bunit.MouseEventDispatchExtensions.Click(IElement element, Int64 detail, Double screenX, Double screenY, Double clientX, Double clientY, Double pageX, Double pageY, Double offsetX, Double offsetY, Int64 button, Int64 buttons, Boolean ctrlKey, Boolean shiftKey, Boolean altKey, Boolean metaKey, String type) in /_/src/bunit.web/EventDispatchExtensions/MouseEventDispatchExtensions.cs:line 289
   at DKSKMaui.Tests.Components.Pages.AddContactFolder.AddcontractorTests.Addcontractor_CancelButton_RemainsInFormView() in C:\Users\kimri\OneDrive\Desktop\DKSKMaui\DKSKMaui.Tests\Components\Pages\AddContactFolder\AddcontractorTests.cs:line 114
   at System.RuntimeMethodHandle.InvokeMethod(Object target, Void** arguments, Signature sig, Boolean isConstructor)
   at System.Reflection.MethodBaseInvoker.InvokeWithNoArgs(Object obj, BindingFlags invokeAttr)
[xUnit.net 00:00:01.99]     
DKSKMaui.Tests.Services.MyCompanyInfoServiceTests.GetInfoAsync_WhenExceptionOccurs_LogsErrorAndReturnsNewInstance 
[FAIL]
  Failed DKSKMaui.Tests.Services.MyCompanyInfoServiceTests.GetInfoAsync_WhenExceptionOccurs_LogsErrorAndReturnsNewInstance [3 ms]
  Error Message:
   Expected result not to be <null>.
  Stack Trace:
     at FluentAssertions.Execution.XUnit2TestFramework.Throw(String message)
   at FluentAssertions.Execution.TestFrameworkProvider.Throw(String message)
   at FluentAssertions.Execution.DefaultAssertionStrategy.HandleFailure(String message)
   at FluentAssertions.Execution.AssertionScope.FailWith(Func`1 failReasonFunc)
   at FluentAssertions.Execution.AssertionScope.FailWith(Func`1 failReasonFunc)
   at FluentAssertions.Execution.AssertionScope.FailWith(String message)
   at FluentAssertions.Primitives.ReferenceTypeAssertions`2.NotBeNull(String because, Object[] becauseArgs)
   at DKSKMaui.Tests.Services.MyCompanyInfoServiceTests.GetInfoAsync_WhenExceptionOccurs_LogsErrorAndReturnsNewInstance() in C:\Users\kimri\OneDrive\Desktop\DKSKMaui\DKSKMaui.Tests\Services\MyCompanyInfoServiceTests.cs:line 68
--- End of stack trace from previous location ---
[xUnit.net 00:00:08.84]     DKSKMaui.Tests.Components.Pages.SalesPageTests.Sales_MyCompanyInfoService_LoadsData [FAIL]
[xUnit.net 00:00:08.85]     DKSKMaui.Tests.Components.Pages.SalesPageTests.Sales_PDFDownload_InvokesJavaScript [FAIL]
[xUnit.net 00:00:08.86]     DKSKMaui.Tests.Components.Pages.SalesPageTests.Sales_GridColumnReorder_Enabled [FAIL]
[xUnit.net 00:00:08.86]     DKSKMaui.Tests.Components.Pages.SalesPageTests.Sales_RendersActionButtons [FAIL]
[xUnit.net 00:00:08.86]     DKSKMaui.Tests.Components.Pages.SalesPageTests.Sales_DisplaysInvoicesInGrid [FAIL]
[xUnit.net 00:00:08.87]     DKSKMaui.Tests.Components.Pages.SalesPageTests.Sales_GridPagination_Enabled [FAIL]
  Failed DKSKMaui.Tests.Components.Pages.SalesPageTests.Sales_MyCompanyInfoService_LoadsData [4 ms]
  Error Message:
   System.ArgumentException : An item with the same key has already been added. Key: 1
  Stack Trace:
     at System.Collections.Generic.Dictionary`2.TryInsert(TKey key, TValue value, InsertionBehavior behavior)
   at System.Collections.Generic.Dictionary`2.Add(TKey key, TValue value)
   at Microsoft.EntityFrameworkCore.InMemory.Storage.Internal.InMemoryTable`1.Create(IUpdateEntry entry, IDiagnosticsLogger`1 updateLogger)
   at Microsoft.EntityFrameworkCore.InMemory.Storage.Internal.InMemoryStore.ExecuteTransaction(IList`1 entries, IDiagnosticsLogger`1 updateLogger)
   at Microsoft.EntityFrameworkCore.InMemory.Storage.Internal.InMemoryDatabase.SaveChangesAsync(IList`1 entries, CancellationToken cancellationToken)
   at Microsoft.EntityFrameworkCore.ChangeTracking.Internal.StateManager.SaveChangesAsync(IList`1 entriesToSave, CancellationToken cancellationToken)
   at Microsoft.EntityFrameworkCore.ChangeTracking.Internal.StateManager.SaveChangesAsync(StateManager stateManager, Boolean acceptAllChangesOnSuccess, CancellationToken cancellationToken)
   at Microsoft.EntityFrameworkCore.DbContext.SaveChangesAsync(Boolean acceptAllChangesOnSuccess, CancellationToken cancellationToken)
   at Microsoft.EntityFrameworkCore.DbContext.SaveChangesAsync(Boolean acceptAllChangesOnSuccess, CancellationToken cancellationToken)
   at DKSKMaui.Tests.Components.Base.DataGridPageTestBase`1.SeedTestData(List`1 invoices) in C:\Users\kimri\OneDrive\Desktop\DKSKMaui\DKSKMaui.Tests\Components\Base\DataGridPageTestBase.cs:line 201
   at DKSKMaui.Tests.Components.Pages.SalesPageTests.Sales_MyCompanyInfoService_LoadsData() in C:\Users\kimri\OneDrive\Desktop\DKSKMaui\DKSKMaui.Tests\Components\Pages\SalesPageTests.cs:line 345
--- End of stack trace from previous location ---
  Failed DKSKMaui.Tests.Components.Pages.SalesPageTests.Sales_PDFDownload_InvokesJavaScript [3 ms]
  Error Message:
   System.ArgumentException : Can not instantiate proxy of class: Radzen.DialogService.
Could not find a parameterless constructor. (Parameter 'constructorArguments')
---- System.MissingMethodException : Constructor on type 'Castle.Proxies.DialogServiceProxy' not found.
  Stack Trace:
     at Castle.DynamicProxy.ProxyGenerator.CreateClassProxyInstance(Type proxyType, List`1 proxyArguments, Type classToProxy, Object[] constructorArguments)
   at Castle.DynamicProxy.ProxyGenerator.CreateClassProxy(Type classToProxy, Type[] additionalInterfacesToProxy, ProxyGenerationOptions options, Object[] constructorArguments, IInterceptor[] interceptors)
   at Moq.CastleProxyFactory.CreateProxy(Type mockType, IInterceptor interceptor, Type[] interfaces, Object[] arguments) in /_/src/Moq/Interception/CastleProxyFactory.cs:line 110
   at Moq.Mock`1.InitializeInstance() in /_/src/Moq/Mock`1.cs:line 502
   at Moq.Mock`1.OnGetObject() in /_/src/Moq/Mock`1.cs:line 516
   at Moq.Mock.get_Object() in /_/src/Moq/Mock.cs:line 180
   at Moq.Mock`1.get_Object() in /_/src/Moq/Mock`1.cs:line 453
   at DKSKMaui.Tests.Components.Base.DataGridPageTestBase`1.<.ctor>b__32_1(IServiceProvider _) in C:\Users\kimri\OneDrive\Desktop\DKSKMaui\DKSKMaui.Tests\Components\Base\DataGridPageTestBase.cs:line 49
   at Microsoft.Extensions.DependencyInjection.ServiceLookup.CallSiteVisitor`2.VisitCallSiteMain(ServiceCallSite callSite, TArgument argument)
   at Microsoft.Extensions.DependencyInjection.ServiceLookup.CallSiteRuntimeResolver.VisitCache(ServiceCallSite callSite, RuntimeResolverContext context, ServiceProviderEngineScope serviceProviderEngine, RuntimeResolverLock lockType)
   at Microsoft.Extensions.DependencyInjection.ServiceLookup.CallSiteRuntimeResolver.VisitScopeCache(ServiceCallSite callSite, RuntimeResolverContext context)
   at Microsoft.Extensions.DependencyInjection.ServiceLookup.CallSiteVisitor`2.VisitCallSite(ServiceCallSite callSite, TArgument argument)
   at Microsoft.Extensions.DependencyInjection.ServiceLookup.CallSiteRuntimeResolver.Resolve(ServiceCallSite callSite, ServiceProviderEngineScope scope)
   at Microsoft.Extensions.DependencyInjection.ServiceLookup.DynamicServiceProviderEngine.<>c__DisplayClass2_0.<RealizeService>b__0(ServiceProviderEngineScope scope)
   at Microsoft.Extensions.DependencyInjection.ServiceLookup.ServiceProviderEngineScope.GetService(Type serviceType)
   at Bunit.TestServiceProvider.GetServiceInternal(Type serviceType) in /_/src/bunit.core/TestServiceProvider.cs:line 155
   at Bunit.TestServiceProvider.GetService(Type serviceType) in /_/src/bunit.core/TestServiceProvider.cs:line 147
   at Microsoft.AspNetCore.Components.ComponentFactory.<>c__DisplayClass9_0.<CreatePropertyInjector>g__Initialize|1(IServiceProvider serviceProvider, IComponent component)
   at Microsoft.AspNetCore.Components.ComponentFactory.InstantiateComponent(IServiceProvider serviceProvider, Type componentType, IComponentRenderMode callerSpecifiedRenderMode, Nullable`1 parentComponentId)
   at Microsoft.AspNetCore.Components.RenderTree.Renderer.InstantiateChildComponentOnFrame(RenderTreeFrame[] frames, Int32 frameIndex, Int32 parentComponentId)
   at Microsoft.AspNetCore.Components.RenderTree.RenderTreeDiffBuilder.InitializeNewComponentFrame(DiffContext& diffContext, Int32 frameIndex)
   at Microsoft.AspNetCore.Components.RenderTree.RenderTreeDiffBuilder.InitializeNewSubtree(DiffContext& diffContext, Int32 frameIndex)
   at Microsoft.AspNetCore.Components.RenderTree.RenderTreeDiffBuilder.InsertNewFrame(DiffContext& diffContext, Int32 newFrameIndex)
   at Microsoft.AspNetCore.Components.RenderTree.RenderTreeDiffBuilder.AppendDiffEntriesForRange(DiffContext& diffContext, Int32 oldStartIndex, Int32 oldEndIndexExcl, Int32 newStartIndex, Int32 newEndIndexExcl)
   at Microsoft.AspNetCore.Components.Rendering.ComponentState.RenderIntoBatch(RenderBatchBuilder batchBuilder, RenderFragment renderFragment, Exception& renderFragmentException)
   at Microsoft.AspNetCore.Components.RenderTree.Renderer.ProcessRenderQueue()
--- End of stack trace from previous location ---
   at Bunit.Rendering.TestRenderer.AssertNoUnhandledExceptions() in /_/src/bunit.core/Rendering/TestRenderer.cs:line 629
   at Bunit.Rendering.TestRenderer.Render[TResult](RenderFragment renderFragment, Func`2 activator) in /_/src/bunit.core/Rendering/TestRenderer.cs:line 480
   at Bunit.Rendering.TestRenderer.RenderFragment(RenderFragment renderFragment) in /_/src/bunit.core/Rendering/TestRenderer.cs:line 101
   at Bunit.Extensions.TestContextBaseRenderExtensions.RenderInsideRenderTree(TestContextBase testContext, RenderFragment renderFragment) in /_/src/bunit.core/Extensions/TestContextBaseRenderExtensions.cs:line 43
   at Bunit.Extensions.TestContextBaseRenderExtensions.RenderInsideRenderTree[TComponent](TestContextBase testContext, RenderFragment renderFragment) in /_/src/bunit.core/Extensions/TestContextBaseRenderExtensions.cs:line 23
   at Bunit.TestContext.Render[TComponent](RenderFragment renderFragment) in /_/src/bunit.web/TestContext.cs:line 66
   at Bunit.TestContext.RenderComponent[TComponent](Action`1 parameterBuilder) in /_/src/bunit.web/TestContext.cs:line 52
   at DKSKMaui.Tests.Components.Pages.SalesPageTests.Sales_PDFDownload_InvokesJavaScript() in C:\Users\kimri\OneDrive\Desktop\DKSKMaui\DKSKMaui.Tests\Components\Pages\SalesPageTests.cs:line 144
--- End of stack trace from previous location ---
----- Inner Stack Trace -----
   at System.RuntimeType.CreateInstanceImpl(BindingFlags bindingAttr, Binder binder, Object[] args, CultureInfo culture)
   at Castle.DynamicProxy.ProxyGenerator.CreateClassProxyInstance(Type proxyType, List`1 proxyArguments, Type classToProxy, Object[] constructorArguments)
  Failed DKSKMaui.Tests.Components.Pages.SalesPageTests.Sales_GridColumnReorder_Enabled [3 ms]
  Error Message:
   System.ArgumentException : Can not instantiate proxy of class: Radzen.DialogService.
Could not find a parameterless constructor. (Parameter 'constructorArguments')
---- System.MissingMethodException : Constructor on type 'Castle.Proxies.DialogServiceProxy' not found.
  Stack Trace:
     at Castle.DynamicProxy.ProxyGenerator.CreateClassProxyInstance(Type proxyType, List`1 proxyArguments, Type classToProxy, Object[] constructorArguments)
   at Castle.DynamicProxy.ProxyGenerator.CreateClassProxy(Type classToProxy, Type[] additionalInterfacesToProxy, ProxyGenerationOptions options, Object[] constructorArguments, IInterceptor[] interceptors)
   at Moq.CastleProxyFactory.CreateProxy(Type mockType, IInterceptor interceptor, Type[] interfaces, Object[] arguments) in /_/src/Moq/Interception/CastleProxyFactory.cs:line 110
   at Moq.Mock`1.InitializeInstance() in /_/src/Moq/Mock`1.cs:line 502
   at Moq.Mock`1.OnGetObject() in /_/src/Moq/Mock`1.cs:line 516
   at Moq.Mock.get_Object() in /_/src/Moq/Mock.cs:line 180
   at Moq.Mock`1.get_Object() in /_/src/Moq/Mock`1.cs:line 453
   at DKSKMaui.Tests.Components.Base.DataGridPageTestBase`1.<.ctor>b__32_1(IServiceProvider _) in C:\Users\kimri\OneDrive\Desktop\DKSKMaui\DKSKMaui.Tests\Components\Base\DataGridPageTestBase.cs:line 49
   at Microsoft.Extensions.DependencyInjection.ServiceLookup.CallSiteVisitor`2.VisitCallSiteMain(ServiceCallSite callSite, TArgument argument)
   at Microsoft.Extensions.DependencyInjection.ServiceLookup.CallSiteRuntimeResolver.VisitCache(ServiceCallSite callSite, RuntimeResolverContext context, ServiceProviderEngineScope serviceProviderEngine, RuntimeResolverLock lockType)
   at Microsoft.Extensions.DependencyInjection.ServiceLookup.CallSiteRuntimeResolver.VisitScopeCache(ServiceCallSite callSite, RuntimeResolverContext context)
   at Microsoft.Extensions.DependencyInjection.ServiceLookup.CallSiteVisitor`2.VisitCallSite(ServiceCallSite callSite, TArgument argument)
   at Microsoft.Extensions.DependencyInjection.ServiceLookup.CallSiteRuntimeResolver.Resolve(ServiceCallSite callSite, ServiceProviderEngineScope scope)
   at Microsoft.Extensions.DependencyInjection.ServiceLookup.DynamicServiceProviderEngine.<>c__DisplayClass2_0.<RealizeService>b__0(ServiceProviderEngineScope scope)
   at Microsoft.Extensions.DependencyInjection.ServiceLookup.ServiceProviderEngineScope.GetService(Type serviceType)
   at Bunit.TestServiceProvider.GetServiceInternal(Type serviceType) in /_/src/bunit.core/TestServiceProvider.cs:line 155
   at Bunit.TestServiceProvider.GetService(Type serviceType) in /_/src/bunit.core/TestServiceProvider.cs:line 147
   at Microsoft.AspNetCore.Components.ComponentFactory.<>c__DisplayClass9_0.<CreatePropertyInjector>g__Initialize|1(IServiceProvider serviceProvider, IComponent component)
   at Microsoft.AspNetCore.Components.ComponentFactory.InstantiateComponent(IServiceProvider serviceProvider, Type componentType, IComponentRenderMode callerSpecifiedRenderMode, Nullable`1 parentComponentId)
   at Microsoft.AspNetCore.Components.RenderTree.Renderer.InstantiateChildComponentOnFrame(RenderTreeFrame[] frames, Int32 frameIndex, Int32 parentComponentId)
   at Microsoft.AspNetCore.Components.RenderTree.RenderTreeDiffBuilder.InitializeNewComponentFrame(DiffContext& diffContext, Int32 frameIndex)
   at Microsoft.AspNetCore.Components.RenderTree.RenderTreeDiffBuilder.InitializeNewSubtree(DiffContext& diffContext, Int32 frameIndex)
   at Microsoft.AspNetCore.Components.RenderTree.RenderTreeDiffBuilder.InsertNewFrame(DiffContext& diffContext, Int32 newFrameIndex)
   at Microsoft.AspNetCore.Components.RenderTree.RenderTreeDiffBuilder.AppendDiffEntriesForRange(DiffContext& diffContext, Int32 oldStartIndex, Int32 oldEndIndexExcl, Int32 newStartIndex, Int32 newEndIndexExcl)
   at Microsoft.AspNetCore.Components.Rendering.ComponentState.RenderIntoBatch(RenderBatchBuilder batchBuilder, RenderFragment renderFragment, Exception& renderFragmentException)
   at Microsoft.AspNetCore.Components.RenderTree.Renderer.ProcessRenderQueue()
--- End of stack trace from previous location ---
   at Bunit.Rendering.TestRenderer.AssertNoUnhandledExceptions() in /_/src/bunit.core/Rendering/TestRenderer.cs:line 629
   at Bunit.Rendering.TestRenderer.Render[TResult](RenderFragment renderFragment, Func`2 activator) in /_/src/bunit.core/Rendering/TestRenderer.cs:line 480
   at Bunit.Rendering.TestRenderer.RenderFragment(RenderFragment renderFragment) in /_/src/bunit.core/Rendering/TestRenderer.cs:line 101
   at Bunit.Extensions.TestContextBaseRenderExtensions.RenderInsideRenderTree(TestContextBase testContext, RenderFragment renderFragment) in /_/src/bunit.core/Extensions/TestContextBaseRenderExtensions.cs:line 43
   at Bunit.Extensions.TestContextBaseRenderExtensions.RenderInsideRenderTree[TComponent](TestContextBase testContext, RenderFragment renderFragment) in /_/src/bunit.core/Extensions/TestContextBaseRenderExtensions.cs:line 23
   at Bunit.TestContext.Render[TComponent](RenderFragment renderFragment) in /_/src/bunit.web/TestContext.cs:line 66
   at Bunit.TestContext.RenderComponent[TComponent](Action`1 parameterBuilder) in /_/src/bunit.web/TestContext.cs:line 52
   at DKSKMaui.Tests.Components.Pages.SalesPageTests.Sales_GridColumnReorder_Enabled() in C:\Users\kimri\OneDrive\Desktop\DKSKMaui\DKSKMaui.Tests\Components\Pages\SalesPageTests.cs:line 305
--- End of stack trace from previous location ---
----- Inner Stack Trace -----
   at System.RuntimeType.CreateInstanceImpl(BindingFlags bindingAttr, Binder binder, Object[] args, CultureInfo culture)
   at Castle.DynamicProxy.ProxyGenerator.CreateClassProxyInstance(Type proxyType, List`1 proxyArguments, Type classToProxy, Object[] constructorArguments)
  Failed DKSKMaui.Tests.Components.Pages.SalesPageTests.Sales_RendersActionButtons [2 ms]
  Error Message:
   System.ArgumentException : Can not instantiate proxy of class: Radzen.DialogService.
Could not find a parameterless constructor. (Parameter 'constructorArguments')
---- System.MissingMethodException : Constructor on type 'Castle.Proxies.DialogServiceProxy' not found.
  Stack Trace:
     at Castle.DynamicProxy.ProxyGenerator.CreateClassProxyInstance(Type proxyType, List`1 proxyArguments, Type classToProxy, Object[] constructorArguments)
   at Castle.DynamicProxy.ProxyGenerator.CreateClassProxy(Type classToProxy, Type[] additionalInterfacesToProxy, ProxyGenerationOptions options, Object[] constructorArguments, IInterceptor[] interceptors)
   at Moq.CastleProxyFactory.CreateProxy(Type mockType, IInterceptor interceptor, Type[] interfaces, Object[] arguments) in /_/src/Moq/Interception/CastleProxyFactory.cs:line 110
   at Moq.Mock`1.InitializeInstance() in /_/src/Moq/Mock`1.cs:line 502
   at Moq.Mock`1.OnGetObject() in /_/src/Moq/Mock`1.cs:line 516
   at Moq.Mock.get_Object() in /_/src/Moq/Mock.cs:line 180
   at Moq.Mock`1.get_Object() in /_/src/Moq/Mock`1.cs:line 453
   at DKSKMaui.Tests.Components.Base.DataGridPageTestBase`1.<.ctor>b__32_1(IServiceProvider _) in C:\Users\kimri\OneDrive\Desktop\DKSKMaui\DKSKMaui.Tests\Components\Base\DataGridPageTestBase.cs:line 49
   at Microsoft.Extensions.DependencyInjection.ServiceLookup.CallSiteVisitor`2.VisitCallSiteMain(ServiceCallSite callSite, TArgument argument)
   at Microsoft.Extensions.DependencyInjection.ServiceLookup.CallSiteRuntimeResolver.VisitCache(ServiceCallSite callSite, RuntimeResolverContext context, ServiceProviderEngineScope serviceProviderEngine, RuntimeResolverLock lockType)
   at Microsoft.Extensions.DependencyInjection.ServiceLookup.CallSiteRuntimeResolver.VisitScopeCache(ServiceCallSite callSite, RuntimeResolverContext context)
   at Microsoft.Extensions.DependencyInjection.ServiceLookup.CallSiteVisitor`2.VisitCallSite(ServiceCallSite callSite, TArgument argument)
   at Microsoft.Extensions.DependencyInjection.ServiceLookup.CallSiteRuntimeResolver.Resolve(ServiceCallSite callSite, ServiceProviderEngineScope scope)
   at Microsoft.Extensions.DependencyInjection.ServiceLookup.DynamicServiceProviderEngine.<>c__DisplayClass2_0.<RealizeService>b__0(ServiceProviderEngineScope scope)
   at Microsoft.Extensions.DependencyInjection.ServiceLookup.ServiceProviderEngineScope.GetService(Type serviceType)
   at Bunit.TestServiceProvider.GetServiceInternal(Type serviceType) in /_/src/bunit.core/TestServiceProvider.cs:line 155
   at Bunit.TestServiceProvider.GetService(Type serviceType) in /_/src/bunit.core/TestServiceProvider.cs:line 147
   at Microsoft.AspNetCore.Components.ComponentFactory.<>c__DisplayClass9_0.<CreatePropertyInjector>g__Initialize|1(IServiceProvider serviceProvider, IComponent component)
   at Microsoft.AspNetCore.Components.ComponentFactory.InstantiateComponent(IServiceProvider serviceProvider, Type componentType, IComponentRenderMode callerSpecifiedRenderMode, Nullable`1 parentComponentId)
   at Microsoft.AspNetCore.Components.RenderTree.Renderer.InstantiateChildComponentOnFrame(RenderTreeFrame[] frames, Int32 frameIndex, Int32 parentComponentId)
   at Microsoft.AspNetCore.Components.RenderTree.RenderTreeDiffBuilder.InitializeNewComponentFrame(DiffContext& diffContext, Int32 frameIndex)
   at Microsoft.AspNetCore.Components.RenderTree.RenderTreeDiffBuilder.InitializeNewSubtree(DiffContext& diffContext, Int32 frameIndex)
   at Microsoft.AspNetCore.Components.RenderTree.RenderTreeDiffBuilder.InsertNewFrame(DiffContext& diffContext, Int32 newFrameIndex)
   at Microsoft.AspNetCore.Components.RenderTree.RenderTreeDiffBuilder.AppendDiffEntriesForRange(DiffContext& diffContext, Int32 oldStartIndex, Int32 oldEndIndexExcl, Int32 newStartIndex, Int32 newEndIndexExcl)
   at Microsoft.AspNetCore.Components.Rendering.ComponentState.RenderIntoBatch(RenderBatchBuilder batchBuilder, RenderFragment renderFragment, Exception& renderFragmentException)
   at Microsoft.AspNetCore.Components.RenderTree.Renderer.ProcessRenderQueue()
--- End of stack trace from previous location ---
   at Bunit.Rendering.TestRenderer.AssertNoUnhandledExceptions() in /_/src/bunit.core/Rendering/TestRenderer.cs:line 629
   at Bunit.Rendering.TestRenderer.Render[TResult](RenderFragment renderFragment, Func`2 activator) in /_/src/bunit.core/Rendering/TestRenderer.cs:line 480
   at Bunit.Rendering.TestRenderer.RenderFragment(RenderFragment renderFragment) in /_/src/bunit.core/Rendering/TestRenderer.cs:line 101
   at Bunit.Extensions.TestContextBaseRenderExtensions.RenderInsideRenderTree(TestContextBase testContext, RenderFragment renderFragment) in /_/src/bunit.core/Extensions/TestContextBaseRenderExtensions.cs:line 43
   at Bunit.Extensions.TestContextBaseRenderExtensions.RenderInsideRenderTree[TComponent](TestContextBase testContext, RenderFragment renderFragment) in /_/src/bunit.core/Extensions/TestContextBaseRenderExtensions.cs:line 23
   at Bunit.TestContext.Render[TComponent](RenderFragment renderFragment) in /_/src/bunit.web/TestContext.cs:line 66
   at Bunit.TestContext.RenderComponent[TComponent](Action`1 parameterBuilder) in /_/src/bunit.web/TestContext.cs:line 52
   at DKSKMaui.Tests.Components.Pages.SalesPageTests.Sales_RendersActionButtons() in C:\Users\kimri\OneDrive\Desktop\DKSKMaui\DKSKMaui.Tests\Components\Pages\SalesPageTests.cs:line 55
   at System.RuntimeMethodHandle.InvokeMethod(Object target, Void** arguments, Signature sig, Boolean isConstructor)
   at System.Reflection.MethodBaseInvoker.InvokeWithNoArgs(Object obj, BindingFlags invokeAttr)
----- Inner Stack Trace -----
   at System.RuntimeType.CreateInstanceImpl(BindingFlags bindingAttr, Binder binder, Object[] args, CultureInfo culture)
   at Castle.DynamicProxy.ProxyGenerator.CreateClassProxyInstance(Type proxyType, List`1 proxyArguments, Type classToProxy, Object[] constructorArguments)
  Failed DKSKMaui.Tests.Components.Pages.SalesPageTests.Sales_DisplaysInvoicesInGrid [2 ms]
  Error Message:
   System.ArgumentException : An item with the same key has already been added. Key: 1
  Stack Trace:
     at System.Collections.Generic.Dictionary`2.TryInsert(TKey key, TValue value, InsertionBehavior behavior)
   at System.Collections.Generic.Dictionary`2.Add(TKey key, TValue value)
   at Microsoft.EntityFrameworkCore.InMemory.Storage.Internal.InMemoryTable`1.Create(IUpdateEntry entry, IDiagnosticsLogger`1 updateLogger)
   at Microsoft.EntityFrameworkCore.InMemory.Storage.Internal.InMemoryStore.ExecuteTransaction(IList`1 entries, IDiagnosticsLogger`1 updateLogger)
   at Microsoft.EntityFrameworkCore.InMemory.Storage.Internal.InMemoryDatabase.SaveChangesAsync(IList`1 entries, CancellationToken cancellationToken)
   at Microsoft.EntityFrameworkCore.ChangeTracking.Internal.StateManager.SaveChangesAsync(IList`1 entriesToSave, CancellationToken cancellationToken)
   at Microsoft.EntityFrameworkCore.ChangeTracking.Internal.StateManager.SaveChangesAsync(StateManager stateManager, Boolean acceptAllChangesOnSuccess, CancellationToken cancellationToken)
   at Microsoft.EntityFrameworkCore.DbContext.SaveChangesAsync(Boolean acceptAllChangesOnSuccess, CancellationToken cancellationToken)
   at Microsoft.EntityFrameworkCore.DbContext.SaveChangesAsync(Boolean acceptAllChangesOnSuccess, CancellationToken cancellationToken)
   at DKSKMaui.Tests.Components.Base.DataGridPageTestBase`1.SeedTestData(List`1 invoices) in C:\Users\kimri\OneDrive\Desktop\DKSKMaui\DKSKMaui.Tests\Components\Base\DataGridPageTestBase.cs:line 201
   at DKSKMaui.Tests.Components.Pages.SalesPageTests.Sales_DisplaysInvoicesInGrid() in C:\Users\kimri\OneDrive\Desktop\DKSKMaui\DKSKMaui.Tests\Components\Pages\SalesPageTests.cs:line 80
--- End of stack trace from previous location ---
  Failed DKSKMaui.Tests.Components.Pages.SalesPageTests.Sales_GridPagination_Enabled [2 ms]
  Error Message:
   System.ArgumentException : Can not instantiate proxy of class: Radzen.DialogService.
Could not find a parameterless constructor. (Parameter 'constructorArguments')
---- System.MissingMethodException : Constructor on type 'Castle.Proxies.DialogServiceProxy' not found.
  Stack Trace:
     at Castle.DynamicProxy.ProxyGenerator.CreateClassProxyInstance(Type proxyType, List`1 proxyArguments, Type classToProxy, Object[] constructorArguments)
   at Castle.DynamicProxy.ProxyGenerator.CreateClassProxy(Type classToProxy, Type[] additionalInterfacesToProxy, ProxyGenerationOptions options, Object[] constructorArguments, IInterceptor[] interceptors)
   at Moq.CastleProxyFactory.CreateProxy(Type mockType, IInterceptor interceptor, Type[] interfaces, Object[] arguments) in /_/src/Moq/Interception/CastleProxyFactory.cs:line 110
   at Moq.Mock`1.InitializeInstance() in /_/src/Moq/Mock`1.cs:line 502
   at Moq.Mock`1.OnGetObject() in /_/src/Moq/Mock`1.cs:line 516
   at Moq.Mock.get_Object() in /_/src/Moq/Mock.cs:line 180
   at Moq.Mock`1.get_Object() in /_/src/Moq/Mock`1.cs:line 453
   at DKSKMaui.Tests.Components.Base.DataGridPageTestBase`1.<.ctor>b__32_1(IServiceProvider _) in C:\Users\kimri\OneDrive\Desktop\DKSKMaui\DKSKMaui.Tests\Components\Base\DataGridPageTestBase.cs:line 49
   at Microsoft.Extensions.DependencyInjection.ServiceLookup.CallSiteVisitor`2.VisitCallSiteMain(ServiceCallSite callSite, TArgument argument)
   at Microsoft.Extensions.DependencyInjection.ServiceLookup.CallSiteRuntimeResolver.VisitCache(ServiceCallSite callSite, RuntimeResolverContext context, ServiceProviderEngineScope serviceProviderEngine, RuntimeResolverLock lockType)
   at Microsoft.Extensions.DependencyInjection.ServiceLookup.CallSiteRuntimeResolver.VisitScopeCache(ServiceCallSite callSite, RuntimeResolverContext context)
   at Microsoft.Extensions.DependencyInjection.ServiceLookup.CallSiteVisitor`2.VisitCallSite(ServiceCallSite callSite, TArgument argument)
   at Microsoft.Extensions.DependencyInjection.ServiceLookup.CallSiteRuntimeResolver.Resolve(ServiceCallSite callSite, ServiceProviderEngineScope scope)
   at Microsoft.Extensions.DependencyInjection.ServiceLookup.DynamicServiceProviderEngine.<>c__DisplayClass2_0.<RealizeService>b__0(ServiceProviderEngineScope scope)
   at Microsoft.Extensions.DependencyInjection.ServiceLookup.ServiceProviderEngineScope.GetService(Type serviceType)
   at Bunit.TestServiceProvider.GetServiceInternal(Type serviceType) in /_/src/bunit.core/TestServiceProvider.cs:line 155
   at Bunit.TestServiceProvider.GetService(Type serviceType) in /_/src/bunit.core/TestServiceProvider.cs:line 147
   at Microsoft.AspNetCore.Components.ComponentFactory.<>c__DisplayClass9_0.<CreatePropertyInjector>g__Initialize|1(IServiceProvider serviceProvider, IComponent component)
   at Microsoft.AspNetCore.Components.ComponentFactory.InstantiateComponent(IServiceProvider serviceProvider, Type componentType, IComponentRenderMode callerSpecifiedRenderMode, Nullable`1 parentComponentId)
   at Microsoft.AspNetCore.Components.RenderTree.Renderer.InstantiateChildComponentOnFrame(RenderTreeFrame[] frames, Int32 frameIndex, Int32 parentComponentId)
   at Microsoft.AspNetCore.Components.RenderTree.RenderTreeDiffBuilder.InitializeNewComponentFrame(DiffContext& diffContext, Int32 frameIndex)
   at Microsoft.AspNetCore.Components.RenderTree.RenderTreeDiffBuilder.InitializeNewSubtree(DiffContext& diffContext, Int32 frameIndex)
   at Microsoft.AspNetCore.Components.RenderTree.RenderTreeDiffBuilder.InsertNewFrame(DiffContext& diffContext, Int32 newFrameIndex)
   at Microsoft.AspNetCore.Components.RenderTree.RenderTreeDiffBuilder.AppendDiffEntriesForRange(DiffContext& diffContext, Int32 oldStartIndex, Int32 oldEndIndexExcl, Int32 newStartIndex, Int32 newEndIndexExcl)
   at Microsoft.AspNetCore.Components.Rendering.ComponentState.RenderIntoBatch(RenderBatchBuilder batchBuilder, RenderFragment renderFragment, Exception& renderFragmentException)
   at Microsoft.AspNetCore.Components.RenderTree.Renderer.ProcessRenderQueue()
--- End of stack trace from previous location ---
   at Bunit.Rendering.TestRenderer.AssertNoUnhandledExceptions() in /_/src/bunit.core/Rendering/TestRenderer.cs:line 629
   at Bunit.Rendering.TestRenderer.Render[TResult](RenderFragment renderFragment, Func`2 activator) in /_/src/bunit.core/Rendering/TestRenderer.cs:line 480
   at Bunit.Rendering.TestRenderer.RenderFragment(RenderFragment renderFragment) in /_/src/bunit.core/Rendering/TestRenderer.cs:line 101
   at Bunit.Extensions.TestContextBaseRenderExtensions.RenderInsideRenderTree(TestContextBase testContext, RenderFragment renderFragment) in /_/src/bunit.core/Extensions/TestContextBaseRenderExtensions.cs:line 43
   at Bunit.Extensions.TestContextBaseRenderExtensions.RenderInsideRenderTree[TComponent](TestContextBase testContext, RenderFragment renderFragment) in /_/src/bunit.core/Extensions/TestContextBaseRenderExtensions.cs:line 23
   at Bunit.TestContext.Render[TComponent](RenderFragment renderFragment) in /_/src/bunit.web/TestContext.cs:line 66
   at Bunit.TestContext.RenderComponent[TComponent](Action`1 parameterBuilder) in /_/src/bunit.web/TestContext.cs:line 52
   at DKSKMaui.Tests.Components.Pages.SalesPageTests.Sales_GridPagination_Enabled() in C:\Users\kimri\OneDrive\Desktop\DKSKMaui\DKSKMaui.Tests\Components\Pages\SalesPageTests.cs:line 259
--- End of stack trace from previous location ---
----- Inner Stack Trace -----
   at System.RuntimeType.CreateInstanceImpl(BindingFlags bindingAttr, Binder binder, Object[] args, CultureInfo culture)
   at Castle.DynamicProxy.ProxyGenerator.CreateClassProxyInstance(Type proxyType, List`1 proxyArguments, Type classToProxy, Object[] constructorArguments)
[xUnit.net 00:00:08.87]     DKSKMaui.Tests.Components.Pages.SalesPageTests.Sales_GridColumnResize_Enabled [FAIL]
[xUnit.net 00:00:08.88]     DKSKMaui.Tests.Components.Pages.SalesPageTests.Sales_FilterByAddress [FAIL]
[xUnit.net 00:00:08.88]     DKSKMaui.Tests.Components.Pages.SalesPageTests.Sales_FilterByCompanyName [FAIL]
[xUnit.net 00:00:08.88]     DKSKMaui.Tests.Components.Pages.SalesPageTests.Sales_RendersFilterControls [FAIL]
[xUnit.net 00:00:08.90]     DKSKMaui.Tests.Components.Pages.SalesPageTests.Sales_LoadsInvoicesOnInit [FAIL]
[xUnit.net 00:00:08.90]     DKSKMaui.Tests.Components.Pages.SalesPageTests.Sales_DataGridHasCorrectColumns [FAIL]
[xUnit.net 00:00:08.90]     DKSKMaui.Tests.Components.Pages.SalesPageTests.Sales_GridSorting_Enabled [FAIL]
[xUnit.net 00:00:08.91]     DKSKMaui.Tests.Components.Pages.SalesPageTests.Sales_CheckboxSelection_Functionality [FAIL]
[xUnit.net 00:00:08.91]     DKSKMaui.Tests.Components.Pages.SalesPageTests.Sales_CompanyDropdown_LoadsData [FAIL]
  Failed DKSKMaui.Tests.Components.Pages.SalesPageTests.Sales_GridColumnResize_Enabled [2 ms]
  Error Message:
   System.ArgumentException : Can not instantiate proxy of class: Radzen.DialogService.
Could not find a parameterless constructor. (Parameter 'constructorArguments')
---- System.MissingMethodException : Constructor on type 'Castle.Proxies.DialogServiceProxy' not found.
  Stack Trace:
     at Castle.DynamicProxy.ProxyGenerator.CreateClassProxyInstance(Type proxyType, List`1 proxyArguments, Type classToProxy, Object[] constructorArguments)
   at Castle.DynamicProxy.ProxyGenerator.CreateClassProxy(Type classToProxy, Type[] additionalInterfacesToProxy, ProxyGenerationOptions options, Object[] constructorArguments, IInterceptor[] interceptors)
   at Moq.CastleProxyFactory.CreateProxy(Type mockType, IInterceptor interceptor, Type[] interfaces, Object[] arguments) in /_/src/Moq/Interception/CastleProxyFactory.cs:line 110
   at Moq.Mock`1.InitializeInstance() in /_/src/Moq/Mock`1.cs:line 502
   at Moq.Mock`1.OnGetObject() in /_/src/Moq/Mock`1.cs:line 516
   at Moq.Mock.get_Object() in /_/src/Moq/Mock.cs:line 180
   at Moq.Mock`1.get_Object() in /_/src/Moq/Mock`1.cs:line 453
   at DKSKMaui.Tests.Components.Base.DataGridPageTestBase`1.<.ctor>b__32_1(IServiceProvider _) in C:\Users\kimri\OneDrive\Desktop\DKSKMaui\DKSKMaui.Tests\Components\Base\DataGridPageTestBase.cs:line 49
   at Microsoft.Extensions.DependencyInjection.ServiceLookup.CallSiteVisitor`2.VisitCallSiteMain(ServiceCallSite callSite, TArgument argument)
   at Microsoft.Extensions.DependencyInjection.ServiceLookup.CallSiteRuntimeResolver.VisitCache(ServiceCallSite callSite, RuntimeResolverContext context, ServiceProviderEngineScope serviceProviderEngine, RuntimeResolverLock lockType)
   at Microsoft.Extensions.DependencyInjection.ServiceLookup.CallSiteRuntimeResolver.VisitScopeCache(ServiceCallSite callSite, RuntimeResolverContext context)
   at Microsoft.Extensions.DependencyInjection.ServiceLookup.CallSiteVisitor`2.VisitCallSite(ServiceCallSite callSite, TArgument argument)
   at Microsoft.Extensions.DependencyInjection.ServiceLookup.CallSiteRuntimeResolver.Resolve(ServiceCallSite callSite, ServiceProviderEngineScope scope)
   at Microsoft.Extensions.DependencyInjection.ServiceLookup.DynamicServiceProviderEngine.<>c__DisplayClass2_0.<RealizeService>b__0(ServiceProviderEngineScope scope)
   at Microsoft.Extensions.DependencyInjection.ServiceLookup.ServiceProviderEngineScope.GetService(Type serviceType)
   at Bunit.TestServiceProvider.GetServiceInternal(Type serviceType) in /_/src/bunit.core/TestServiceProvider.cs:line 155
   at Bunit.TestServiceProvider.GetService(Type serviceType) in /_/src/bunit.core/TestServiceProvider.cs:line 147
   at Microsoft.AspNetCore.Components.ComponentFactory.<>c__DisplayClass9_0.<CreatePropertyInjector>g__Initialize|1(IServiceProvider serviceProvider, IComponent component)
   at Microsoft.AspNetCore.Components.ComponentFactory.InstantiateComponent(IServiceProvider serviceProvider, Type componentType, IComponentRenderMode callerSpecifiedRenderMode, Nullable`1 parentComponentId)
   at Microsoft.AspNetCore.Components.RenderTree.Renderer.InstantiateChildComponentOnFrame(RenderTreeFrame[] frames, Int32 frameIndex, Int32 parentComponentId)
   at Microsoft.AspNetCore.Components.RenderTree.RenderTreeDiffBuilder.InitializeNewComponentFrame(DiffContext& diffContext, Int32 frameIndex)
   at Microsoft.AspNetCore.Components.RenderTree.RenderTreeDiffBuilder.InitializeNewSubtree(DiffContext& diffContext, Int32 frameIndex)
   at Microsoft.AspNetCore.Components.RenderTree.RenderTreeDiffBuilder.InsertNewFrame(DiffContext& diffContext, Int32 newFrameIndex)
   at Microsoft.AspNetCore.Components.RenderTree.RenderTreeDiffBuilder.AppendDiffEntriesForRange(DiffContext& diffContext, Int32 oldStartIndex, Int32 oldEndIndexExcl, Int32 newStartIndex, Int32 newEndIndexExcl)
   at Microsoft.AspNetCore.Components.Rendering.ComponentState.RenderIntoBatch(RenderBatchBuilder batchBuilder, RenderFragment renderFragment, Exception& renderFragmentException)
   at Microsoft.AspNetCore.Components.RenderTree.Renderer.ProcessRenderQueue()
--- End of stack trace from previous location ---
   at Bunit.Rendering.TestRenderer.AssertNoUnhandledExceptions() in /_/src/bunit.core/Rendering/TestRenderer.cs:line 629
   at Bunit.Rendering.TestRenderer.Render[TResult](RenderFragment renderFragment, Func`2 activator) in /_/src/bunit.core/Rendering/TestRenderer.cs:line 480
   at Bunit.Rendering.TestRenderer.RenderFragment(RenderFragment renderFragment) in /_/src/bunit.core/Rendering/TestRenderer.cs:line 101
   at Bunit.Extensions.TestContextBaseRenderExtensions.RenderInsideRenderTree(TestContextBase testContext, RenderFragment renderFragment) in /_/src/bunit.core/Extensions/TestContextBaseRenderExtensions.cs:line 43
   at Bunit.Extensions.TestContextBaseRenderExtensions.RenderInsideRenderTree[TComponent](TestContextBase testContext, RenderFragment renderFragment) in /_/src/bunit.core/Extensions/TestContextBaseRenderExtensions.cs:line 23
   at Bunit.TestContext.Render[TComponent](RenderFragment renderFragment) in /_/src/bunit.web/TestContext.cs:line 66
   at Bunit.TestContext.RenderComponent[TComponent](Action`1 parameterBuilder) in /_/src/bunit.web/TestContext.cs:line 52
   at DKSKMaui.Tests.Components.Pages.SalesPageTests.Sales_GridColumnResize_Enabled() in C:\Users\kimri\OneDrive\Desktop\DKSKMaui\DKSKMaui.Tests\Components\Pages\SalesPageTests.cs:line 290
--- End of stack trace from previous location ---
----- Inner Stack Trace -----
   at System.RuntimeType.CreateInstanceImpl(BindingFlags bindingAttr, Binder binder, Object[] args, CultureInfo culture)
   at Castle.DynamicProxy.ProxyGenerator.CreateClassProxyInstance(Type proxyType, List`1 proxyArguments, Type classToProxy, Object[] constructorArguments)
  Failed DKSKMaui.Tests.Components.Pages.SalesPageTests.Sales_FilterByAddress [2 ms]
  Error Message:
   System.ArgumentException : Can not instantiate proxy of class: Radzen.DialogService.
Could not find a parameterless constructor. (Parameter 'constructorArguments')
---- System.MissingMethodException : Constructor on type 'Castle.Proxies.DialogServiceProxy' not found.
  Stack Trace:
     at Castle.DynamicProxy.ProxyGenerator.CreateClassProxyInstance(Type proxyType, List`1 proxyArguments, Type classToProxy, Object[] constructorArguments)
   at Castle.DynamicProxy.ProxyGenerator.CreateClassProxy(Type classToProxy, Type[] additionalInterfacesToProxy, ProxyGenerationOptions options, Object[] constructorArguments, IInterceptor[] interceptors)
   at Moq.CastleProxyFactory.CreateProxy(Type mockType, IInterceptor interceptor, Type[] interfaces, Object[] arguments) in /_/src/Moq/Interception/CastleProxyFactory.cs:line 110
   at Moq.Mock`1.InitializeInstance() in /_/src/Moq/Mock`1.cs:line 502
   at Moq.Mock`1.OnGetObject() in /_/src/Moq/Mock`1.cs:line 516
   at Moq.Mock.get_Object() in /_/src/Moq/Mock.cs:line 180
   at Moq.Mock`1.get_Object() in /_/src/Moq/Mock`1.cs:line 453
   at DKSKMaui.Tests.Components.Base.DataGridPageTestBase`1.<.ctor>b__32_1(IServiceProvider _) in C:\Users\kimri\OneDrive\Desktop\DKSKMaui\DKSKMaui.Tests\Components\Base\DataGridPageTestBase.cs:line 49
   at Microsoft.Extensions.DependencyInjection.ServiceLookup.CallSiteVisitor`2.VisitCallSiteMain(ServiceCallSite callSite, TArgument argument)
   at Microsoft.Extensions.DependencyInjection.ServiceLookup.CallSiteRuntimeResolver.VisitCache(ServiceCallSite callSite, RuntimeResolverContext context, ServiceProviderEngineScope serviceProviderEngine, RuntimeResolverLock lockType)
   at Microsoft.Extensions.DependencyInjection.ServiceLookup.CallSiteRuntimeResolver.VisitScopeCache(ServiceCallSite callSite, RuntimeResolverContext context)
   at Microsoft.Extensions.DependencyInjection.ServiceLookup.CallSiteVisitor`2.VisitCallSite(ServiceCallSite callSite, TArgument argument)
   at Microsoft.Extensions.DependencyInjection.ServiceLookup.CallSiteRuntimeResolver.Resolve(ServiceCallSite callSite, ServiceProviderEngineScope scope)
   at Microsoft.Extensions.DependencyInjection.ServiceLookup.DynamicServiceProviderEngine.<>c__DisplayClass2_0.<RealizeService>b__0(ServiceProviderEngineScope scope)
   at Microsoft.Extensions.DependencyInjection.ServiceLookup.ServiceProviderEngineScope.GetService(Type serviceType)
   at Bunit.TestServiceProvider.GetServiceInternal(Type serviceType) in /_/src/bunit.core/TestServiceProvider.cs:line 155
   at Bunit.TestServiceProvider.GetService(Type serviceType) in /_/src/bunit.core/TestServiceProvider.cs:line 147
   at Microsoft.AspNetCore.Components.ComponentFactory.<>c__DisplayClass9_0.<CreatePropertyInjector>g__Initialize|1(IServiceProvider serviceProvider, IComponent component)
   at Microsoft.AspNetCore.Components.ComponentFactory.InstantiateComponent(IServiceProvider serviceProvider, Type componentType, IComponentRenderMode callerSpecifiedRenderMode, Nullable`1 parentComponentId)
   at Microsoft.AspNetCore.Components.RenderTree.Renderer.InstantiateChildComponentOnFrame(RenderTreeFrame[] frames, Int32 frameIndex, Int32 parentComponentId)
   at Microsoft.AspNetCore.Components.RenderTree.RenderTreeDiffBuilder.InitializeNewComponentFrame(DiffContext& diffContext, Int32 frameIndex)
   at Microsoft.AspNetCore.Components.RenderTree.RenderTreeDiffBuilder.InitializeNewSubtree(DiffContext& diffContext, Int32 frameIndex)
   at Microsoft.AspNetCore.Components.RenderTree.RenderTreeDiffBuilder.InsertNewFrame(DiffContext& diffContext, Int32 newFrameIndex)
   at Microsoft.AspNetCore.Components.RenderTree.RenderTreeDiffBuilder.AppendDiffEntriesForRange(DiffContext& diffContext, Int32 oldStartIndex, Int32 oldEndIndexExcl, Int32 newStartIndex, Int32 newEndIndexExcl)
   at Microsoft.AspNetCore.Components.Rendering.ComponentState.RenderIntoBatch(RenderBatchBuilder batchBuilder, RenderFragment renderFragment, Exception& renderFragmentException)
   at Microsoft.AspNetCore.Components.RenderTree.Renderer.ProcessRenderQueue()
--- End of stack trace from previous location ---
   at Bunit.Rendering.TestRenderer.AssertNoUnhandledExceptions() in /_/src/bunit.core/Rendering/TestRenderer.cs:line 629
   at Bunit.Rendering.TestRenderer.Render[TResult](RenderFragment renderFragment, Func`2 activator) in /_/src/bunit.core/Rendering/TestRenderer.cs:line 480
   at Bunit.Rendering.TestRenderer.RenderFragment(RenderFragment renderFragment) in /_/src/bunit.core/Rendering/TestRenderer.cs:line 101
   at Bunit.Extensions.TestContextBaseRenderExtensions.RenderInsideRenderTree(TestContextBase testContext, RenderFragment renderFragment) in /_/src/bunit.core/Extensions/TestContextBaseRenderExtensions.cs:line 43
   at Bunit.Extensions.TestContextBaseRenderExtensions.RenderInsideRenderTree[TComponent](TestContextBase testContext, RenderFragment renderFragment) in /_/src/bunit.core/Extensions/TestContextBaseRenderExtensions.cs:line 23
   at Bunit.TestContext.Render[TComponent](RenderFragment renderFragment) in /_/src/bunit.web/TestContext.cs:line 66
   at Bunit.TestContext.RenderComponent[TComponent](Action`1 parameterBuilder) in /_/src/bunit.web/TestContext.cs:line 52
   at DKSKMaui.Tests.Components.Pages.SalesPageTests.Sales_FilterByAddress() in C:\Users\kimri\OneDrive\Desktop\DKSKMaui\DKSKMaui.Tests\Components\Pages\SalesPageTests.cs:line 212
--- End of stack trace from previous location ---
----- Inner Stack Trace -----
   at System.RuntimeType.CreateInstanceImpl(BindingFlags bindingAttr, Binder binder, Object[] args, CultureInfo culture)
   at Castle.DynamicProxy.ProxyGenerator.CreateClassProxyInstance(Type proxyType, List`1 proxyArguments, Type classToProxy, Object[] constructorArguments)
  Failed DKSKMaui.Tests.Components.Pages.SalesPageTests.Sales_FilterByCompanyName [2 ms]
  Error Message:
   System.ArgumentException : Can not instantiate proxy of class: Radzen.DialogService.
Could not find a parameterless constructor. (Parameter 'constructorArguments')
---- System.MissingMethodException : Constructor on type 'Castle.Proxies.DialogServiceProxy' not found.
  Stack Trace:
     at Castle.DynamicProxy.ProxyGenerator.CreateClassProxyInstance(Type proxyType, List`1 proxyArguments, Type classToProxy, Object[] constructorArguments)
   at Castle.DynamicProxy.ProxyGenerator.CreateClassProxy(Type classToProxy, Type[] additionalInterfacesToProxy, ProxyGenerationOptions options, Object[] constructorArguments, IInterceptor[] interceptors)
   at Moq.CastleProxyFactory.CreateProxy(Type mockType, IInterceptor interceptor, Type[] interfaces, Object[] arguments) in /_/src/Moq/Interception/CastleProxyFactory.cs:line 110
   at Moq.Mock`1.InitializeInstance() in /_/src/Moq/Mock`1.cs:line 502
   at Moq.Mock`1.OnGetObject() in /_/src/Moq/Mock`1.cs:line 516
   at Moq.Mock.get_Object() in /_/src/Moq/Mock.cs:line 180
   at Moq.Mock`1.get_Object() in /_/src/Moq/Mock`1.cs:line 453
   at DKSKMaui.Tests.Components.Base.DataGridPageTestBase`1.<.ctor>b__32_1(IServiceProvider _) in C:\Users\kimri\OneDrive\Desktop\DKSKMaui\DKSKMaui.Tests\Components\Base\DataGridPageTestBase.cs:line 49
   at Microsoft.Extensions.DependencyInjection.ServiceLookup.CallSiteVisitor`2.VisitCallSiteMain(ServiceCallSite callSite, TArgument argument)
   at Microsoft.Extensions.DependencyInjection.ServiceLookup.CallSiteRuntimeResolver.VisitCache(ServiceCallSite callSite, RuntimeResolverContext context, ServiceProviderEngineScope serviceProviderEngine, RuntimeResolverLock lockType)
   at Microsoft.Extensions.DependencyInjection.ServiceLookup.CallSiteRuntimeResolver.VisitScopeCache(ServiceCallSite callSite, RuntimeResolverContext context)
   at Microsoft.Extensions.DependencyInjection.ServiceLookup.CallSiteVisitor`2.VisitCallSite(ServiceCallSite callSite, TArgument argument)
   at Microsoft.Extensions.DependencyInjection.ServiceLookup.CallSiteRuntimeResolver.Resolve(ServiceCallSite callSite, ServiceProviderEngineScope scope)
   at Microsoft.Extensions.DependencyInjection.ServiceLookup.DynamicServiceProviderEngine.<>c__DisplayClass2_0.<RealizeService>b__0(ServiceProviderEngineScope scope)
   at Microsoft.Extensions.DependencyInjection.ServiceLookup.ServiceProviderEngineScope.GetService(Type serviceType)
   at Bunit.TestServiceProvider.GetServiceInternal(Type serviceType) in /_/src/bunit.core/TestServiceProvider.cs:line 155
   at Bunit.TestServiceProvider.GetService(Type serviceType) in /_/src/bunit.core/TestServiceProvider.cs:line 147
   at Microsoft.AspNetCore.Components.ComponentFactory.<>c__DisplayClass9_0.<CreatePropertyInjector>g__Initialize|1(IServiceProvider serviceProvider, IComponent component)
   at Microsoft.AspNetCore.Components.ComponentFactory.InstantiateComponent(IServiceProvider serviceProvider, Type componentType, IComponentRenderMode callerSpecifiedRenderMode, Nullable`1 parentComponentId)
   at Microsoft.AspNetCore.Components.RenderTree.Renderer.InstantiateChildComponentOnFrame(RenderTreeFrame[] frames, Int32 frameIndex, Int32 parentComponentId)
   at Microsoft.AspNetCore.Components.RenderTree.RenderTreeDiffBuilder.InitializeNewComponentFrame(DiffContext& diffContext, Int32 frameIndex)
   at Microsoft.AspNetCore.Components.RenderTree.RenderTreeDiffBuilder.InitializeNewSubtree(DiffContext& diffContext, Int32 frameIndex)
   at Microsoft.AspNetCore.Components.RenderTree.RenderTreeDiffBuilder.InsertNewFrame(DiffContext& diffContext, Int32 newFrameIndex)
   at Microsoft.AspNetCore.Components.RenderTree.RenderTreeDiffBuilder.AppendDiffEntriesForRange(DiffContext& diffContext, Int32 oldStartIndex, Int32 oldEndIndexExcl, Int32 newStartIndex, Int32 newEndIndexExcl)
   at Microsoft.AspNetCore.Components.Rendering.ComponentState.RenderIntoBatch(RenderBatchBuilder batchBuilder, RenderFragment renderFragment, Exception& renderFragmentException)
   at Microsoft.AspNetCore.Components.RenderTree.Renderer.ProcessRenderQueue()
--- End of stack trace from previous location ---
   at Bunit.Rendering.TestRenderer.AssertNoUnhandledExceptions() in /_/src/bunit.core/Rendering/TestRenderer.cs:line 629
   at Bunit.Rendering.TestRenderer.Render[TResult](RenderFragment renderFragment, Func`2 activator) in /_/src/bunit.core/Rendering/TestRenderer.cs:line 480
   at Bunit.Rendering.TestRenderer.RenderFragment(RenderFragment renderFragment) in /_/src/bunit.core/Rendering/TestRenderer.cs:line 101
   at Bunit.Extensions.TestContextBaseRenderExtensions.RenderInsideRenderTree(TestContextBase testContext, RenderFragment renderFragment) in /_/src/bunit.core/Extensions/TestContextBaseRenderExtensions.cs:line 43
   at Bunit.Extensions.TestContextBaseRenderExtensions.RenderInsideRenderTree[TComponent](TestContextBase testContext, RenderFragment renderFragment) in /_/src/bunit.core/Extensions/TestContextBaseRenderExtensions.cs:line 23
   at Bunit.TestContext.Render[TComponent](RenderFragment renderFragment) in /_/src/bunit.web/TestContext.cs:line 66
   at Bunit.TestContext.RenderComponent[TComponent](Action`1 parameterBuilder) in /_/src/bunit.web/TestContext.cs:line 52
   at DKSKMaui.Tests.Components.Pages.SalesPageTests.Sales_FilterByCompanyName() in C:\Users\kimri\OneDrive\Desktop\DKSKMaui\DKSKMaui.Tests\Components\Pages\SalesPageTests.cs:line 194
--- End of stack trace from previous location ---
----- Inner Stack Trace -----
   at System.RuntimeType.CreateInstanceImpl(BindingFlags bindingAttr, Binder binder, Object[] args, CultureInfo culture)
   at Castle.DynamicProxy.ProxyGenerator.CreateClassProxyInstance(Type proxyType, List`1 proxyArguments, Type classToProxy, Object[] constructorArguments)
  Failed DKSKMaui.Tests.Components.Pages.SalesPageTests.Sales_RendersFilterControls [2 ms]
  Error Message:
   System.ArgumentException : Can not instantiate proxy of class: Radzen.DialogService.
Could not find a parameterless constructor. (Parameter 'constructorArguments')
---- System.MissingMethodException : Constructor on type 'Castle.Proxies.DialogServiceProxy' not found.
  Stack Trace:
     at Castle.DynamicProxy.ProxyGenerator.CreateClassProxyInstance(Type proxyType, List`1 proxyArguments, Type classToProxy, Object[] constructorArguments)
   at Castle.DynamicProxy.ProxyGenerator.CreateClassProxy(Type classToProxy, Type[] additionalInterfacesToProxy, ProxyGenerationOptions options, Object[] constructorArguments, IInterceptor[] interceptors)
   at Moq.CastleProxyFactory.CreateProxy(Type mockType, IInterceptor interceptor, Type[] interfaces, Object[] arguments) in /_/src/Moq/Interception/CastleProxyFactory.cs:line 110
   at Moq.Mock`1.InitializeInstance() in /_/src/Moq/Mock`1.cs:line 502
   at Moq.Mock`1.OnGetObject() in /_/src/Moq/Mock`1.cs:line 516
   at Moq.Mock.get_Object() in /_/src/Moq/Mock.cs:line 180
   at Moq.Mock`1.get_Object() in /_/src/Moq/Mock`1.cs:line 453
   at DKSKMaui.Tests.Components.Base.DataGridPageTestBase`1.<.ctor>b__32_1(IServiceProvider _) in C:\Users\kimri\OneDrive\Desktop\DKSKMaui\DKSKMaui.Tests\Components\Base\DataGridPageTestBase.cs:line 49
   at Microsoft.Extensions.DependencyInjection.ServiceLookup.CallSiteVisitor`2.VisitCallSiteMain(ServiceCallSite callSite, TArgument argument)
   at Microsoft.Extensions.DependencyInjection.ServiceLookup.CallSiteRuntimeResolver.VisitCache(ServiceCallSite callSite, RuntimeResolverContext context, ServiceProviderEngineScope serviceProviderEngine, RuntimeResolverLock lockType)
   at Microsoft.Extensions.DependencyInjection.ServiceLookup.CallSiteRuntimeResolver.VisitScopeCache(ServiceCallSite callSite, RuntimeResolverContext context)
   at Microsoft.Extensions.DependencyInjection.ServiceLookup.CallSiteVisitor`2.VisitCallSite(ServiceCallSite callSite, TArgument argument)
   at Microsoft.Extensions.DependencyInjection.ServiceLookup.CallSiteRuntimeResolver.Resolve(ServiceCallSite callSite, ServiceProviderEngineScope scope)
   at Microsoft.Extensions.DependencyInjection.ServiceLookup.DynamicServiceProviderEngine.<>c__DisplayClass2_0.<RealizeService>b__0(ServiceProviderEngineScope scope)
   at Microsoft.Extensions.DependencyInjection.ServiceLookup.ServiceProviderEngineScope.GetService(Type serviceType)
   at Bunit.TestServiceProvider.GetServiceInternal(Type serviceType) in /_/src/bunit.core/TestServiceProvider.cs:line 155
   at Bunit.TestServiceProvider.GetService(Type serviceType) in /_/src/bunit.core/TestServiceProvider.cs:line 147
   at Microsoft.AspNetCore.Components.ComponentFactory.<>c__DisplayClass9_0.<CreatePropertyInjector>g__Initialize|1(IServiceProvider serviceProvider, IComponent component)
   at Microsoft.AspNetCore.Components.ComponentFactory.InstantiateComponent(IServiceProvider serviceProvider, Type componentType, IComponentRenderMode callerSpecifiedRenderMode, Nullable`1 parentComponentId)
   at Microsoft.AspNetCore.Components.RenderTree.Renderer.InstantiateChildComponentOnFrame(RenderTreeFrame[] frames, Int32 frameIndex, Int32 parentComponentId)
   at Microsoft.AspNetCore.Components.RenderTree.RenderTreeDiffBuilder.InitializeNewComponentFrame(DiffContext& diffContext, Int32 frameIndex)
   at Microsoft.AspNetCore.Components.RenderTree.RenderTreeDiffBuilder.InitializeNewSubtree(DiffContext& diffContext, Int32 frameIndex)
   at Microsoft.AspNetCore.Components.RenderTree.RenderTreeDiffBuilder.InsertNewFrame(DiffContext& diffContext, Int32 newFrameIndex)
   at Microsoft.AspNetCore.Components.RenderTree.RenderTreeDiffBuilder.AppendDiffEntriesForRange(DiffContext& diffContext, Int32 oldStartIndex, Int32 oldEndIndexExcl, Int32 newStartIndex, Int32 newEndIndexExcl)
   at Microsoft.AspNetCore.Components.Rendering.ComponentState.RenderIntoBatch(RenderBatchBuilder batchBuilder, RenderFragment renderFragment, Exception& renderFragmentException)
   at Microsoft.AspNetCore.Components.RenderTree.Renderer.ProcessRenderQueue()
--- End of stack trace from previous location ---
   at Bunit.Rendering.TestRenderer.AssertNoUnhandledExceptions() in /_/src/bunit.core/Rendering/TestRenderer.cs:line 629
   at Bunit.Rendering.TestRenderer.Render[TResult](RenderFragment renderFragment, Func`2 activator) in /_/src/bunit.core/Rendering/TestRenderer.cs:line 480
   at Bunit.Rendering.TestRenderer.RenderFragment(RenderFragment renderFragment) in /_/src/bunit.core/Rendering/TestRenderer.cs:line 101
   at Bunit.Extensions.TestContextBaseRenderExtensions.RenderInsideRenderTree(TestContextBase testContext, RenderFragment renderFragment) in /_/src/bunit.core/Extensions/TestContextBaseRenderExtensions.cs:line 43
   at Bunit.Extensions.TestContextBaseRenderExtensions.RenderInsideRenderTree[TComponent](TestContextBase testContext, RenderFragment renderFragment) in /_/src/bunit.core/Extensions/TestContextBaseRenderExtensions.cs:line 23
   at Bunit.TestContext.Render[TComponent](RenderFragment renderFragment) in /_/src/bunit.web/TestContext.cs:line 66
   at Bunit.TestContext.RenderComponent[TComponent](Action`1 parameterBuilder) in /_/src/bunit.web/TestContext.cs:line 52
   at DKSKMaui.Tests.Components.Pages.SalesPageTests.Sales_RendersFilterControls() in C:\Users\kimri\OneDrive\Desktop\DKSKMaui\DKSKMaui.Tests\Components\Pages\SalesPageTests.cs:line 38
   at System.RuntimeMethodHandle.InvokeMethod(Object target, Void** arguments, Signature sig, Boolean isConstructor)
   at System.Reflection.MethodBaseInvoker.InvokeWithNoArgs(Object obj, BindingFlags invokeAttr)
----- Inner Stack Trace -----
   at System.RuntimeType.CreateInstanceImpl(BindingFlags bindingAttr, Binder binder, Object[] args, CultureInfo culture)
   at Castle.DynamicProxy.ProxyGenerator.CreateClassProxyInstance(Type proxyType, List`1 proxyArguments, Type classToProxy, Object[] constructorArguments)
  Failed DKSKMaui.Tests.Components.Pages.SalesPageTests.Sales_LoadsInvoicesOnInit [3 ms]
  Error Message:
   System.ArgumentException : An item with the same key has already been added. Key: 1
  Stack Trace:
     at System.Collections.Generic.Dictionary`2.TryInsert(TKey key, TValue value, InsertionBehavior behavior)
   at System.Collections.Generic.Dictionary`2.Add(TKey key, TValue value)
   at Microsoft.EntityFrameworkCore.InMemory.Storage.Internal.InMemoryTable`1.Create(IUpdateEntry entry, IDiagnosticsLogger`1 updateLogger)
   at Microsoft.EntityFrameworkCore.InMemory.Storage.Internal.InMemoryStore.ExecuteTransaction(IList`1 entries, IDiagnosticsLogger`1 updateLogger)
   at Microsoft.EntityFrameworkCore.InMemory.Storage.Internal.InMemoryDatabase.SaveChangesAsync(IList`1 entries, CancellationToken cancellationToken)
   at Microsoft.EntityFrameworkCore.ChangeTracking.Internal.StateManager.SaveChangesAsync(IList`1 entriesToSave, CancellationToken cancellationToken)
   at Microsoft.EntityFrameworkCore.ChangeTracking.Internal.StateManager.SaveChangesAsync(StateManager stateManager, Boolean acceptAllChangesOnSuccess, CancellationToken cancellationToken)
   at Microsoft.EntityFrameworkCore.DbContext.SaveChangesAsync(Boolean acceptAllChangesOnSuccess, CancellationToken cancellationToken)
   at Microsoft.EntityFrameworkCore.DbContext.SaveChangesAsync(Boolean acceptAllChangesOnSuccess, CancellationToken cancellationToken)
   at DKSKMaui.Tests.Components.Base.DataGridPageTestBase`1.SeedTestData(List`1 invoices) in C:\Users\kimri\OneDrive\Desktop\DKSKMaui\DKSKMaui.Tests\Components\Base\DataGridPageTestBase.cs:line 201
   at DKSKMaui.Tests.Components.Pages.SalesPageTests.Sales_LoadsInvoicesOnInit() in C:\Users\kimri\OneDrive\Desktop\DKSKMaui\DKSKMaui.Tests\Components\Pages\SalesPageTests.cs:line 66
--- End of stack trace from previous location ---
  Failed DKSKMaui.Tests.Components.Pages.SalesPageTests.Sales_DataGridHasCorrectColumns [2 ms]
  Error Message:
   System.ArgumentException : An item with the same key has already been added. Key: 1
  Stack Trace:
     at System.Collections.Generic.Dictionary`2.TryInsert(TKey key, TValue value, InsertionBehavior behavior)
   at System.Collections.Generic.Dictionary`2.Add(TKey key, TValue value)
   at Microsoft.EntityFrameworkCore.InMemory.Storage.Internal.InMemoryTable`1.Create(IUpdateEntry entry, IDiagnosticsLogger`1 updateLogger)
   at Microsoft.EntityFrameworkCore.InMemory.Storage.Internal.InMemoryStore.ExecuteTransaction(IList`1 entries, IDiagnosticsLogger`1 updateLogger)
   at Microsoft.EntityFrameworkCore.InMemory.Storage.Internal.InMemoryDatabase.SaveChangesAsync(IList`1 entries, CancellationToken cancellationToken)
   at Microsoft.EntityFrameworkCore.ChangeTracking.Internal.StateManager.SaveChangesAsync(IList`1 entriesToSave, CancellationToken cancellationToken)
   at Microsoft.EntityFrameworkCore.ChangeTracking.Internal.StateManager.SaveChangesAsync(StateManager stateManager, Boolean acceptAllChangesOnSuccess, CancellationToken cancellationToken)
   at Microsoft.EntityFrameworkCore.DbContext.SaveChangesAsync(Boolean acceptAllChangesOnSuccess, CancellationToken cancellationToken)
   at Microsoft.EntityFrameworkCore.DbContext.SaveChangesAsync(Boolean acceptAllChangesOnSuccess, CancellationToken cancellationToken)
   at DKSKMaui.Tests.Components.Base.DataGridPageTestBase`1.SeedTestData(List`1 invoices) in C:\Users\kimri\OneDrive\Desktop\DKSKMaui\DKSKMaui.Tests\Components\Base\DataGridPageTestBase.cs:line 201
   at DKSKMaui.Tests.Components.Pages.SalesPageTests.Sales_DataGridHasCorrectColumns() in C:\Users\kimri\OneDrive\Desktop\DKSKMaui\DKSKMaui.Tests\Components\Pages\SalesPageTests.cs:line 94
--- End of stack trace from previous location ---
  Failed DKSKMaui.Tests.Components.Pages.SalesPageTests.Sales_GridSorting_Enabled [2 ms]
  Error Message:
   System.ArgumentException : Can not instantiate proxy of class: Radzen.DialogService.
Could not find a parameterless constructor. (Parameter 'constructorArguments')
---- System.MissingMethodException : Constructor on type 'Castle.Proxies.DialogServiceProxy' not found.
  Stack Trace:
     at Castle.DynamicProxy.ProxyGenerator.CreateClassProxyInstance(Type proxyType, List`1 proxyArguments, Type classToProxy, Object[] constructorArguments)
   at Castle.DynamicProxy.ProxyGenerator.CreateClassProxy(Type classToProxy, Type[] additionalInterfacesToProxy, ProxyGenerationOptions options, Object[] constructorArguments, IInterceptor[] interceptors)
   at Moq.CastleProxyFactory.CreateProxy(Type mockType, IInterceptor interceptor, Type[] interfaces, Object[] arguments) in /_/src/Moq/Interception/CastleProxyFactory.cs:line 110
   at Moq.Mock`1.InitializeInstance() in /_/src/Moq/Mock`1.cs:line 502
   at Moq.Mock`1.OnGetObject() in /_/src/Moq/Mock`1.cs:line 516
   at Moq.Mock.get_Object() in /_/src/Moq/Mock.cs:line 180
   at Moq.Mock`1.get_Object() in /_/src/Moq/Mock`1.cs:line 453
   at DKSKMaui.Tests.Components.Base.DataGridPageTestBase`1.<.ctor>b__32_1(IServiceProvider _) in C:\Users\kimri\OneDrive\Desktop\DKSKMaui\DKSKMaui.Tests\Components\Base\DataGridPageTestBase.cs:line 49
   at Microsoft.Extensions.DependencyInjection.ServiceLookup.CallSiteVisitor`2.VisitCallSiteMain(ServiceCallSite callSite, TArgument argument)
   at Microsoft.Extensions.DependencyInjection.ServiceLookup.CallSiteRuntimeResolver.VisitCache(ServiceCallSite callSite, RuntimeResolverContext context, ServiceProviderEngineScope serviceProviderEngine, RuntimeResolverLock lockType)
   at Microsoft.Extensions.DependencyInjection.ServiceLookup.CallSiteRuntimeResolver.VisitScopeCache(ServiceCallSite callSite, RuntimeResolverContext context)
   at Microsoft.Extensions.DependencyInjection.ServiceLookup.CallSiteVisitor`2.VisitCallSite(ServiceCallSite callSite, TArgument argument)
   at Microsoft.Extensions.DependencyInjection.ServiceLookup.CallSiteRuntimeResolver.Resolve(ServiceCallSite callSite, ServiceProviderEngineScope scope)
   at Microsoft.Extensions.DependencyInjection.ServiceLookup.DynamicServiceProviderEngine.<>c__DisplayClass2_0.<RealizeService>b__0(ServiceProviderEngineScope scope)
   at Microsoft.Extensions.DependencyInjection.ServiceLookup.ServiceProviderEngineScope.GetService(Type serviceType)
   at Bunit.TestServiceProvider.GetServiceInternal(Type serviceType) in /_/src/bunit.core/TestServiceProvider.cs:line 155
   at Bunit.TestServiceProvider.GetService(Type serviceType) in /_/src/bunit.core/TestServiceProvider.cs:line 147
   at Microsoft.AspNetCore.Components.ComponentFactory.<>c__DisplayClass9_0.<CreatePropertyInjector>g__Initialize|1(IServiceProvider serviceProvider, IComponent component)
   at Microsoft.AspNetCore.Components.ComponentFactory.InstantiateComponent(IServiceProvider serviceProvider, Type componentType, IComponentRenderMode callerSpecifiedRenderMode, Nullable`1 parentComponentId)
   at Microsoft.AspNetCore.Components.RenderTree.Renderer.InstantiateChildComponentOnFrame(RenderTreeFrame[] frames, Int32 frameIndex, Int32 parentComponentId)
   at Microsoft.AspNetCore.Components.RenderTree.RenderTreeDiffBuilder.InitializeNewComponentFrame(DiffContext& diffContext, Int32 frameIndex)
   at Microsoft.AspNetCore.Components.RenderTree.RenderTreeDiffBuilder.InitializeNewSubtree(DiffContext& diffContext, Int32 frameIndex)
   at Microsoft.AspNetCore.Components.RenderTree.RenderTreeDiffBuilder.InsertNewFrame(DiffContext& diffContext, Int32 newFrameIndex)
   at Microsoft.AspNetCore.Components.RenderTree.RenderTreeDiffBuilder.AppendDiffEntriesForRange(DiffContext& diffContext, Int32 oldStartIndex, Int32 oldEndIndexExcl, Int32 newStartIndex, Int32 newEndIndexExcl)
   at Microsoft.AspNetCore.Components.Rendering.ComponentState.RenderIntoBatch(RenderBatchBuilder batchBuilder, RenderFragment renderFragment, Exception& renderFragmentException)
   at Microsoft.AspNetCore.Components.RenderTree.Renderer.ProcessRenderQueue()
--- End of stack trace from previous location ---
   at Bunit.Rendering.TestRenderer.AssertNoUnhandledExceptions() in /_/src/bunit.core/Rendering/TestRenderer.cs:line 629
   at Bunit.Rendering.TestRenderer.Render[TResult](RenderFragment renderFragment, Func`2 activator) in /_/src/bunit.core/Rendering/TestRenderer.cs:line 480
   at Bunit.Rendering.TestRenderer.RenderFragment(RenderFragment renderFragment) in /_/src/bunit.core/Rendering/TestRenderer.cs:line 101
   at Bunit.Extensions.TestContextBaseRenderExtensions.RenderInsideRenderTree(TestContextBase testContext, RenderFragment renderFragment) in /_/src/bunit.core/Extensions/TestContextBaseRenderExtensions.cs:line 43
   at Bunit.Extensions.TestContextBaseRenderExtensions.RenderInsideRenderTree[TComponent](TestContextBase testContext, RenderFragment renderFragment) in /_/src/bunit.core/Extensions/TestContextBaseRenderExtensions.cs:line 23
   at Bunit.TestContext.Render[TComponent](RenderFragment renderFragment) in /_/src/bunit.web/TestContext.cs:line 66
   at Bunit.TestContext.RenderComponent[TComponent](Action`1 parameterBuilder) in /_/src/bunit.web/TestContext.cs:line 52
   at DKSKMaui.Tests.Components.Pages.SalesPageTests.Sales_GridSorting_Enabled() in C:\Users\kimri\OneDrive\Desktop\DKSKMaui\DKSKMaui.Tests\Components\Pages\SalesPageTests.cs:line 275
--- End of stack trace from previous location ---
----- Inner Stack Trace -----
   at System.RuntimeType.CreateInstanceImpl(BindingFlags bindingAttr, Binder binder, Object[] args, CultureInfo culture)
   at Castle.DynamicProxy.ProxyGenerator.CreateClassProxyInstance(Type proxyType, List`1 proxyArguments, Type classToProxy, Object[] constructorArguments)
  Failed DKSKMaui.Tests.Components.Pages.SalesPageTests.Sales_CheckboxSelection_Functionality [2 ms]
  Error Message:
   System.ArgumentException : Can not instantiate proxy of class: Radzen.DialogService.
Could not find a parameterless constructor. (Parameter 'constructorArguments')
---- System.MissingMethodException : Constructor on type 'Castle.Proxies.DialogServiceProxy' not found.
  Stack Trace:
     at Castle.DynamicProxy.ProxyGenerator.CreateClassProxyInstance(Type proxyType, List`1 proxyArguments, Type classToProxy, Object[] constructorArguments)
   at Castle.DynamicProxy.ProxyGenerator.CreateClassProxy(Type classToProxy, Type[] additionalInterfacesToProxy, ProxyGenerationOptions options, Object[] constructorArguments, IInterceptor[] interceptors)
   at Moq.CastleProxyFactory.CreateProxy(Type mockType, IInterceptor interceptor, Type[] interfaces, Object[] arguments) in /_/src/Moq/Interception/CastleProxyFactory.cs:line 110
   at Moq.Mock`1.InitializeInstance() in /_/src/Moq/Mock`1.cs:line 502
   at Moq.Mock`1.OnGetObject() in /_/src/Moq/Mock`1.cs:line 516
   at Moq.Mock.get_Object() in /_/src/Moq/Mock.cs:line 180
   at Moq.Mock`1.get_Object() in /_/src/Moq/Mock`1.cs:line 453
   at DKSKMaui.Tests.Components.Base.DataGridPageTestBase`1.<.ctor>b__32_1(IServiceProvider _) in C:\Users\kimri\OneDrive\Desktop\DKSKMaui\DKSKMaui.Tests\Components\Base\DataGridPageTestBase.cs:line 49
   at Microsoft.Extensions.DependencyInjection.ServiceLookup.CallSiteVisitor`2.VisitCallSiteMain(ServiceCallSite callSite, TArgument argument)
   at Microsoft.Extensions.DependencyInjection.ServiceLookup.CallSiteRuntimeResolver.VisitCache(ServiceCallSite callSite, RuntimeResolverContext context, ServiceProviderEngineScope serviceProviderEngine, RuntimeResolverLock lockType)
   at Microsoft.Extensions.DependencyInjection.ServiceLookup.CallSiteRuntimeResolver.VisitScopeCache(ServiceCallSite callSite, RuntimeResolverContext context)
   at Microsoft.Extensions.DependencyInjection.ServiceLookup.CallSiteVisitor`2.VisitCallSite(ServiceCallSite callSite, TArgument argument)
   at Microsoft.Extensions.DependencyInjection.ServiceLookup.CallSiteRuntimeResolver.Resolve(ServiceCallSite callSite, ServiceProviderEngineScope scope)
   at Microsoft.Extensions.DependencyInjection.ServiceLookup.DynamicServiceProviderEngine.<>c__DisplayClass2_0.<RealizeService>b__0(ServiceProviderEngineScope scope)
   at Microsoft.Extensions.DependencyInjection.ServiceLookup.ServiceProviderEngineScope.GetService(Type serviceType)
   at Bunit.TestServiceProvider.GetServiceInternal(Type serviceType) in /_/src/bunit.core/TestServiceProvider.cs:line 155
   at Bunit.TestServiceProvider.GetService(Type serviceType) in /_/src/bunit.core/TestServiceProvider.cs:line 147
   at Microsoft.AspNetCore.Components.ComponentFactory.<>c__DisplayClass9_0.<CreatePropertyInjector>g__Initialize|1(IServiceProvider serviceProvider, IComponent component)
   at Microsoft.AspNetCore.Components.ComponentFactory.InstantiateComponent(IServiceProvider serviceProvider, Type componentType, IComponentRenderMode callerSpecifiedRenderMode, Nullable`1 parentComponentId)
   at Microsoft.AspNetCore.Components.RenderTree.Renderer.InstantiateChildComponentOnFrame(RenderTreeFrame[] frames, Int32 frameIndex, Int32 parentComponentId)
   at Microsoft.AspNetCore.Components.RenderTree.RenderTreeDiffBuilder.InitializeNewComponentFrame(DiffContext& diffContext, Int32 frameIndex)
   at Microsoft.AspNetCore.Components.RenderTree.RenderTreeDiffBuilder.InitializeNewSubtree(DiffContext& diffContext, Int32 frameIndex)
   at Microsoft.AspNetCore.Components.RenderTree.RenderTreeDiffBuilder.InsertNewFrame(DiffContext& diffContext, Int32 newFrameIndex)
   at Microsoft.AspNetCore.Components.RenderTree.RenderTreeDiffBuilder.AppendDiffEntriesForRange(DiffContext& diffContext, Int32 oldStartIndex, Int32 oldEndIndexExcl, Int32 newStartIndex, Int32 newEndIndexExcl)
   at Microsoft.AspNetCore.Components.Rendering.ComponentState.RenderIntoBatch(RenderBatchBuilder batchBuilder, RenderFragment renderFragment, Exception& renderFragmentException)
   at Microsoft.AspNetCore.Components.RenderTree.Renderer.ProcessRenderQueue()
--- End of stack trace from previous location ---
   at Bunit.Rendering.TestRenderer.AssertNoUnhandledExceptions() in /_/src/bunit.core/Rendering/TestRenderer.cs:line 629
   at Bunit.Rendering.TestRenderer.Render[TResult](RenderFragment renderFragment, Func`2 activator) in /_/src/bunit.core/Rendering/TestRenderer.cs:line 480
   at Bunit.Rendering.TestRenderer.RenderFragment(RenderFragment renderFragment) in /_/src/bunit.core/Rendering/TestRenderer.cs:line 101
   at Bunit.Extensions.TestContextBaseRenderExtensions.RenderInsideRenderTree(TestContextBase testContext, RenderFragment renderFragment) in /_/src/bunit.core/Extensions/TestContextBaseRenderExtensions.cs:line 43
   at Bunit.Extensions.TestContextBaseRenderExtensions.RenderInsideRenderTree[TComponent](TestContextBase testContext, RenderFragment renderFragment) in /_/src/bunit.core/Extensions/TestContextBaseRenderExtensions.cs:line 23
   at Bunit.TestContext.Render[TComponent](RenderFragment renderFragment) in /_/src/bunit.web/TestContext.cs:line 66
   at Bunit.TestContext.RenderComponent[TComponent](Action`1 parameterBuilder) in /_/src/bunit.web/TestContext.cs:line 52
   at DKSKMaui.Tests.Components.Pages.SalesPageTests.Sales_CheckboxSelection_Functionality() in C:\Users\kimri\OneDrive\Desktop\DKSKMaui\DKSKMaui.Tests\Components\Pages\SalesPageTests.cs:line 243
--- End of stack trace from previous location ---
----- Inner Stack Trace -----
   at System.RuntimeType.CreateInstanceImpl(BindingFlags bindingAttr, Binder binder, Object[] args, CultureInfo culture)
   at Castle.DynamicProxy.ProxyGenerator.CreateClassProxyInstance(Type proxyType, List`1 proxyArguments, Type classToProxy, Object[] constructorArguments)
  Failed DKSKMaui.Tests.Components.Pages.SalesPageTests.Sales_CompanyDropdown_LoadsData [2 ms]
  Error Message:
   System.ArgumentException : An item with the same key has already been added. Key: 1
  Stack Trace:
     at System.Collections.Generic.Dictionary`2.TryInsert(TKey key, TValue value, InsertionBehavior behavior)
   at System.Collections.Generic.Dictionary`2.Add(TKey key, TValue value)
   at Microsoft.EntityFrameworkCore.InMemory.Storage.Internal.InMemoryTable`1.Create(IUpdateEntry entry, IDiagnosticsLogger`1 updateLogger)
   at Microsoft.EntityFrameworkCore.InMemory.Storage.Internal.InMemoryStore.ExecuteTransaction(IList`1 entries, IDiagnosticsLogger`1 updateLogger)
   at Microsoft.EntityFrameworkCore.InMemory.Storage.Internal.InMemoryDatabase.SaveChangesAsync(IList`1 entries, CancellationToken cancellationToken)
   at Microsoft.EntityFrameworkCore.ChangeTracking.Internal.StateManager.SaveChangesAsync(IList`1 entriesToSave, CancellationToken cancellationToken)
   at Microsoft.EntityFrameworkCore.ChangeTracking.Internal.StateManager.SaveChangesAsync(StateManager stateManager, Boolean acceptAllChangesOnSuccess, CancellationToken cancellationToken)
   at Microsoft.EntityFrameworkCore.DbContext.SaveChangesAsync(Boolean acceptAllChangesOnSuccess, CancellationToken cancellationToken)
   at Microsoft.EntityFrameworkCore.DbContext.SaveChangesAsync(Boolean acceptAllChangesOnSuccess, CancellationToken cancellationToken)
   at DKSKMaui.Tests.Components.Base.DataGridPageTestBase`1.SeedTestData(List`1 invoices) in C:\Users\kimri\OneDrive\Desktop\DKSKMaui\DKSKMaui.Tests\Components\Base\DataGridPageTestBase.cs:line 201
   at DKSKMaui.Tests.Components.Pages.SalesPageTests.Sales_CompanyDropdown_LoadsData() in C:\Users\kimri\OneDrive\Desktop\DKSKMaui\DKSKMaui.Tests\Components\Pages\SalesPageTests.cs:line 317
--- End of stack trace from previous location ---
[xUnit.net 00:00:08.92]     DKSKMaui.Tests.Components.Pages.SalesPageTests.Sales_JobDescriptionService_LoadsData [FAIL]
[xUnit.net 00:00:08.92]     DKSKMaui.Tests.Components.Pages.SalesPageTests.Sales_ExcelDownload_InvokesJavaScript [FAIL]
[xUnit.net 00:00:08.92]     DKSKMaui.Tests.Components.Pages.SalesPageTests.Sales_RendersPageTitle [FAIL]
[xUnit.net 00:00:08.93]     DKSKMaui.Tests.Components.Pages.SalesPageTests.Sales_DateRangeFiltering [FAIL]
[xUnit.net 00:00:08.94]     DKSKMaui.Tests.Components.Pages.SalesPageTests.Sales_HandlesEmptyInvoiceList [FAIL]
  Failed DKSKMaui.Tests.Components.Pages.SalesPageTests.Sales_JobDescriptionService_LoadsData [2 ms]
  Error Message:
   System.ArgumentException : An item with the same key has already been added. Key: 1
  Stack Trace:
     at System.Collections.Generic.Dictionary`2.TryInsert(TKey key, TValue value, InsertionBehavior behavior)
   at System.Collections.Generic.Dictionary`2.Add(TKey key, TValue value)
   at Microsoft.EntityFrameworkCore.InMemory.Storage.Internal.InMemoryTable`1.Create(IUpdateEntry entry, IDiagnosticsLogger`1 updateLogger)
   at Microsoft.EntityFrameworkCore.InMemory.Storage.Internal.InMemoryStore.ExecuteTransaction(IList`1 entries, IDiagnosticsLogger`1 updateLogger)
   at Microsoft.EntityFrameworkCore.InMemory.Storage.Internal.InMemoryDatabase.SaveChangesAsync(IList`1 entries, CancellationToken cancellationToken)
   at Microsoft.EntityFrameworkCore.ChangeTracking.Internal.StateManager.SaveChangesAsync(IList`1 entriesToSave, CancellationToken cancellationToken)
   at Microsoft.EntityFrameworkCore.ChangeTracking.Internal.StateManager.SaveChangesAsync(StateManager stateManager, Boolean acceptAllChangesOnSuccess, CancellationToken cancellationToken)
   at Microsoft.EntityFrameworkCore.DbContext.SaveChangesAsync(Boolean acceptAllChangesOnSuccess, CancellationToken cancellationToken)
   at Microsoft.EntityFrameworkCore.DbContext.SaveChangesAsync(Boolean acceptAllChangesOnSuccess, CancellationToken cancellationToken)
   at DKSKMaui.Tests.Components.Base.DataGridPageTestBase`1.SeedTestData(List`1 invoices) in C:\Users\kimri\OneDrive\Desktop\DKSKMaui\DKSKMaui.Tests\Components\Base\DataGridPageTestBase.cs:line 201
   at DKSKMaui.Tests.Components.Pages.SalesPageTests.Sales_JobDescriptionService_LoadsData() in C:\Users\kimri\OneDrive\Desktop\DKSKMaui\DKSKMaui.Tests\Components\Pages\SalesPageTests.cs:line 330
--- End of stack trace from previous location ---
  Failed DKSKMaui.Tests.Components.Pages.SalesPageTests.Sales_ExcelDownload_InvokesJavaScript [3 ms]
  Error Message:
   System.ArgumentException : Can not instantiate proxy of class: Radzen.DialogService.
Could not find a parameterless constructor. (Parameter 'constructorArguments')
---- System.MissingMethodException : Constructor on type 'Castle.Proxies.DialogServiceProxy' not found.
  Stack Trace:
     at Castle.DynamicProxy.ProxyGenerator.CreateClassProxyInstance(Type proxyType, List`1 proxyArguments, Type classToProxy, Object[] constructorArguments)
   at Castle.DynamicProxy.ProxyGenerator.CreateClassProxy(Type classToProxy, Type[] additionalInterfacesToProxy, ProxyGenerationOptions options, Object[] constructorArguments, IInterceptor[] interceptors)
   at Moq.CastleProxyFactory.CreateProxy(Type mockType, IInterceptor interceptor, Type[] interfaces, Object[] arguments) in /_/src/Moq/Interception/CastleProxyFactory.cs:line 110
   at Moq.Mock`1.InitializeInstance() in /_/src/Moq/Mock`1.cs:line 502
   at Moq.Mock`1.OnGetObject() in /_/src/Moq/Mock`1.cs:line 516
   at Moq.Mock.get_Object() in /_/src/Moq/Mock.cs:line 180
   at Moq.Mock`1.get_Object() in /_/src/Moq/Mock`1.cs:line 453
   at DKSKMaui.Tests.Components.Base.DataGridPageTestBase`1.<.ctor>b__32_1(IServiceProvider _) in C:\Users\kimri\OneDrive\Desktop\DKSKMaui\DKSKMaui.Tests\Components\Base\DataGridPageTestBase.cs:line 49
   at Microsoft.Extensions.DependencyInjection.ServiceLookup.CallSiteVisitor`2.VisitCallSiteMain(ServiceCallSite callSite, TArgument argument)
   at Microsoft.Extensions.DependencyInjection.ServiceLookup.CallSiteRuntimeResolver.VisitCache(ServiceCallSite callSite, RuntimeResolverContext context, ServiceProviderEngineScope serviceProviderEngine, RuntimeResolverLock lockType)
   at Microsoft.Extensions.DependencyInjection.ServiceLookup.CallSiteRuntimeResolver.VisitScopeCache(ServiceCallSite callSite, RuntimeResolverContext context)
   at Microsoft.Extensions.DependencyInjection.ServiceLookup.CallSiteVisitor`2.VisitCallSite(ServiceCallSite callSite, TArgument argument)
   at Microsoft.Extensions.DependencyInjection.ServiceLookup.CallSiteRuntimeResolver.Resolve(ServiceCallSite callSite, ServiceProviderEngineScope scope)
   at Microsoft.Extensions.DependencyInjection.ServiceLookup.DynamicServiceProviderEngine.<>c__DisplayClass2_0.<RealizeService>b__0(ServiceProviderEngineScope scope)
   at Microsoft.Extensions.DependencyInjection.ServiceLookup.ServiceProviderEngineScope.GetService(Type serviceType)
   at Bunit.TestServiceProvider.GetServiceInternal(Type serviceType) in /_/src/bunit.core/TestServiceProvider.cs:line 155
   at Bunit.TestServiceProvider.GetService(Type serviceType) in /_/src/bunit.core/TestServiceProvider.cs:line 147
   at Microsoft.AspNetCore.Components.ComponentFactory.<>c__DisplayClass9_0.<CreatePropertyInjector>g__Initialize|1(IServiceProvider serviceProvider, IComponent component)
   at Microsoft.AspNetCore.Components.ComponentFactory.InstantiateComponent(IServiceProvider serviceProvider, Type componentType, IComponentRenderMode callerSpecifiedRenderMode, Nullable`1 parentComponentId)
   at Microsoft.AspNetCore.Components.RenderTree.Renderer.InstantiateChildComponentOnFrame(RenderTreeFrame[] frames, Int32 frameIndex, Int32 parentComponentId)
   at Microsoft.AspNetCore.Components.RenderTree.RenderTreeDiffBuilder.InitializeNewComponentFrame(DiffContext& diffContext, Int32 frameIndex)
   at Microsoft.AspNetCore.Components.RenderTree.RenderTreeDiffBuilder.InitializeNewSubtree(DiffContext& diffContext, Int32 frameIndex)
   at Microsoft.AspNetCore.Components.RenderTree.RenderTreeDiffBuilder.InsertNewFrame(DiffContext& diffContext, Int32 newFrameIndex)
   at Microsoft.AspNetCore.Components.RenderTree.RenderTreeDiffBuilder.AppendDiffEntriesForRange(DiffContext& diffContext, Int32 oldStartIndex, Int32 oldEndIndexExcl, Int32 newStartIndex, Int32 newEndIndexExcl)
   at Microsoft.AspNetCore.Components.Rendering.ComponentState.RenderIntoBatch(RenderBatchBuilder batchBuilder, RenderFragment renderFragment, Exception& renderFragmentException)
   at Microsoft.AspNetCore.Components.RenderTree.Renderer.ProcessRenderQueue()
--- End of stack trace from previous location ---
   at Bunit.Rendering.TestRenderer.AssertNoUnhandledExceptions() in /_/src/bunit.core/Rendering/TestRenderer.cs:line 629
   at Bunit.Rendering.TestRenderer.Render[TResult](RenderFragment renderFragment, Func`2 activator) in /_/src/bunit.core/Rendering/TestRenderer.cs:line 480
   at Bunit.Rendering.TestRenderer.RenderFragment(RenderFragment renderFragment) in /_/src/bunit.core/Rendering/TestRenderer.cs:line 101
   at Bunit.Extensions.TestContextBaseRenderExtensions.RenderInsideRenderTree(TestContextBase testContext, RenderFragment renderFragment) in /_/src/bunit.core/Extensions/TestContextBaseRenderExtensions.cs:line 43
   at Bunit.Extensions.TestContextBaseRenderExtensions.RenderInsideRenderTree[TComponent](TestContextBase testContext, RenderFragment renderFragment) in /_/src/bunit.core/Extensions/TestContextBaseRenderExtensions.cs:line 23
   at Bunit.TestContext.Render[TComponent](RenderFragment renderFragment) in /_/src/bunit.web/TestContext.cs:line 66
   at Bunit.TestContext.RenderComponent[TComponent](Action`1 parameterBuilder) in /_/src/bunit.web/TestContext.cs:line 52
   at DKSKMaui.Tests.Components.Pages.SalesPageTests.Sales_ExcelDownload_InvokesJavaScript() in C:\Users\kimri\OneDrive\Desktop\DKSKMaui\DKSKMaui.Tests\Components\Pages\SalesPageTests.cs:line 167
--- End of stack trace from previous location ---
----- Inner Stack Trace -----
   at System.RuntimeType.CreateInstanceImpl(BindingFlags bindingAttr, Binder binder, Object[] args, CultureInfo culture)
   at Castle.DynamicProxy.ProxyGenerator.CreateClassProxyInstance(Type proxyType, List`1 proxyArguments, Type classToProxy, Object[] constructorArguments)
  Failed DKSKMaui.Tests.Components.Pages.SalesPageTests.Sales_RendersPageTitle [2 ms]
  Error Message:
   System.ArgumentException : Can not instantiate proxy of class: Radzen.DialogService.
Could not find a parameterless constructor. (Parameter 'constructorArguments')
---- System.MissingMethodException : Constructor on type 'Castle.Proxies.DialogServiceProxy' not found.
  Stack Trace:
     at Castle.DynamicProxy.ProxyGenerator.CreateClassProxyInstance(Type proxyType, List`1 proxyArguments, Type classToProxy, Object[] constructorArguments)
   at Castle.DynamicProxy.ProxyGenerator.CreateClassProxy(Type classToProxy, Type[] additionalInterfacesToProxy, ProxyGenerationOptions options, Object[] constructorArguments, IInterceptor[] interceptors)
   at Moq.CastleProxyFactory.CreateProxy(Type mockType, IInterceptor interceptor, Type[] interfaces, Object[] arguments) in /_/src/Moq/Interception/CastleProxyFactory.cs:line 110
   at Moq.Mock`1.InitializeInstance() in /_/src/Moq/Mock`1.cs:line 502
   at Moq.Mock`1.OnGetObject() in /_/src/Moq/Mock`1.cs:line 516
   at Moq.Mock.get_Object() in /_/src/Moq/Mock.cs:line 180
   at Moq.Mock`1.get_Object() in /_/src/Moq/Mock`1.cs:line 453
   at DKSKMaui.Tests.Components.Base.DataGridPageTestBase`1.<.ctor>b__32_1(IServiceProvider _) in C:\Users\kimri\OneDrive\Desktop\DKSKMaui\DKSKMaui.Tests\Components\Base\DataGridPageTestBase.cs:line 49
   at Microsoft.Extensions.DependencyInjection.ServiceLookup.CallSiteVisitor`2.VisitCallSiteMain(ServiceCallSite callSite, TArgument argument)
   at Microsoft.Extensions.DependencyInjection.ServiceLookup.CallSiteRuntimeResolver.VisitCache(ServiceCallSite callSite, RuntimeResolverContext context, ServiceProviderEngineScope serviceProviderEngine, RuntimeResolverLock lockType)
   at Microsoft.Extensions.DependencyInjection.ServiceLookup.CallSiteRuntimeResolver.VisitScopeCache(ServiceCallSite callSite, RuntimeResolverContext context)
   at Microsoft.Extensions.DependencyInjection.ServiceLookup.CallSiteVisitor`2.VisitCallSite(ServiceCallSite callSite, TArgument argument)
   at Microsoft.Extensions.DependencyInjection.ServiceLookup.CallSiteRuntimeResolver.Resolve(ServiceCallSite callSite, ServiceProviderEngineScope scope)
   at Microsoft.Extensions.DependencyInjection.ServiceLookup.DynamicServiceProviderEngine.<>c__DisplayClass2_0.<RealizeService>b__0(ServiceProviderEngineScope scope)
   at Microsoft.Extensions.DependencyInjection.ServiceLookup.ServiceProviderEngineScope.GetService(Type serviceType)
   at Bunit.TestServiceProvider.GetServiceInternal(Type serviceType) in /_/src/bunit.core/TestServiceProvider.cs:line 155
   at Bunit.TestServiceProvider.GetService(Type serviceType) in /_/src/bunit.core/TestServiceProvider.cs:line 147
   at Microsoft.AspNetCore.Components.ComponentFactory.<>c__DisplayClass9_0.<CreatePropertyInjector>g__Initialize|1(IServiceProvider serviceProvider, IComponent component)
   at Microsoft.AspNetCore.Components.ComponentFactory.InstantiateComponent(IServiceProvider serviceProvider, Type componentType, IComponentRenderMode callerSpecifiedRenderMode, Nullable`1 parentComponentId)
   at Microsoft.AspNetCore.Components.RenderTree.Renderer.InstantiateChildComponentOnFrame(RenderTreeFrame[] frames, Int32 frameIndex, Int32 parentComponentId)
   at Microsoft.AspNetCore.Components.RenderTree.RenderTreeDiffBuilder.InitializeNewComponentFrame(DiffContext& diffContext, Int32 frameIndex)
   at Microsoft.AspNetCore.Components.RenderTree.RenderTreeDiffBuilder.InitializeNewSubtree(DiffContext& diffContext, Int32 frameIndex)
   at Microsoft.AspNetCore.Components.RenderTree.RenderTreeDiffBuilder.InsertNewFrame(DiffContext& diffContext, Int32 newFrameIndex)
   at Microsoft.AspNetCore.Components.RenderTree.RenderTreeDiffBuilder.AppendDiffEntriesForRange(DiffContext& diffContext, Int32 oldStartIndex, Int32 oldEndIndexExcl, Int32 newStartIndex, Int32 newEndIndexExcl)
   at Microsoft.AspNetCore.Components.Rendering.ComponentState.RenderIntoBatch(RenderBatchBuilder batchBuilder, RenderFragment renderFragment, Exception& renderFragmentException)
   at Microsoft.AspNetCore.Components.RenderTree.Renderer.ProcessRenderQueue()
--- End of stack trace from previous location ---
   at Bunit.Rendering.TestRenderer.AssertNoUnhandledExceptions() in /_/src/bunit.core/Rendering/TestRenderer.cs:line 629
   at Bunit.Rendering.TestRenderer.Render[TResult](RenderFragment renderFragment, Func`2 activator) in /_/src/bunit.core/Rendering/TestRenderer.cs:line 480
   at Bunit.Rendering.TestRenderer.RenderFragment(RenderFragment renderFragment) in /_/src/bunit.core/Rendering/TestRenderer.cs:line 101
   at Bunit.Extensions.TestContextBaseRenderExtensions.RenderInsideRenderTree(TestContextBase testContext, RenderFragment renderFragment) in /_/src/bunit.core/Extensions/TestContextBaseRenderExtensions.cs:line 43
   at Bunit.Extensions.TestContextBaseRenderExtensions.RenderInsideRenderTree[TComponent](TestContextBase testContext, RenderFragment renderFragment) in /_/src/bunit.core/Extensions/TestContextBaseRenderExtensions.cs:line 23
   at Bunit.TestContext.Render[TComponent](RenderFragment renderFragment) in /_/src/bunit.web/TestContext.cs:line 66
   at Bunit.TestContext.RenderComponent[TComponent](Action`1 parameterBuilder) in /_/src/bunit.web/TestContext.cs:line 52
   at DKSKMaui.Tests.Components.Pages.SalesPageTests.Sales_RendersPageTitle() in C:\Users\kimri\OneDrive\Desktop\DKSKMaui\DKSKMaui.Tests\Components\Pages\SalesPageTests.cs:line 25
   at System.RuntimeMethodHandle.InvokeMethod(Object target, Void** arguments, Signature sig, Boolean isConstructor)
   at System.Reflection.MethodBaseInvoker.InvokeWithNoArgs(Object obj, BindingFlags invokeAttr)
----- Inner Stack Trace -----
   at System.RuntimeType.CreateInstanceImpl(BindingFlags bindingAttr, Binder binder, Object[] args, CultureInfo culture)
   at Castle.DynamicProxy.ProxyGenerator.CreateClassProxyInstance(Type proxyType, List`1 proxyArguments, Type classToProxy, Object[] constructorArguments)
  Failed DKSKMaui.Tests.Components.Pages.SalesPageTests.Sales_DateRangeFiltering [2 ms]
  Error Message:
   System.ArgumentException : Can not instantiate proxy of class: Radzen.DialogService.
Could not find a parameterless constructor. (Parameter 'constructorArguments')
---- System.MissingMethodException : Constructor on type 'Castle.Proxies.DialogServiceProxy' not found.
  Stack Trace:
     at Castle.DynamicProxy.ProxyGenerator.CreateClassProxyInstance(Type proxyType, List`1 proxyArguments, Type classToProxy, Object[] constructorArguments)
   at Castle.DynamicProxy.ProxyGenerator.CreateClassProxy(Type classToProxy, Type[] additionalInterfacesToProxy, ProxyGenerationOptions options, Object[] constructorArguments, IInterceptor[] interceptors)
   at Moq.CastleProxyFactory.CreateProxy(Type mockType, IInterceptor interceptor, Type[] interfaces, Object[] arguments) in /_/src/Moq/Interception/CastleProxyFactory.cs:line 110
   at Moq.Mock`1.InitializeInstance() in /_/src/Moq/Mock`1.cs:line 502
   at Moq.Mock`1.OnGetObject() in /_/src/Moq/Mock`1.cs:line 516
   at Moq.Mock.get_Object() in /_/src/Moq/Mock.cs:line 180
   at Moq.Mock`1.get_Object() in /_/src/Moq/Mock`1.cs:line 453
   at DKSKMaui.Tests.Components.Base.DataGridPageTestBase`1.<.ctor>b__32_1(IServiceProvider _) in C:\Users\kimri\OneDrive\Desktop\DKSKMaui\DKSKMaui.Tests\Components\Base\DataGridPageTestBase.cs:line 49
   at Microsoft.Extensions.DependencyInjection.ServiceLookup.CallSiteVisitor`2.VisitCallSiteMain(ServiceCallSite callSite, TArgument argument)
   at Microsoft.Extensions.DependencyInjection.ServiceLookup.CallSiteRuntimeResolver.VisitCache(ServiceCallSite callSite, RuntimeResolverContext context, ServiceProviderEngineScope serviceProviderEngine, RuntimeResolverLock lockType)
   at Microsoft.Extensions.DependencyInjection.ServiceLookup.CallSiteRuntimeResolver.VisitScopeCache(ServiceCallSite callSite, RuntimeResolverContext context)
   at Microsoft.Extensions.DependencyInjection.ServiceLookup.CallSiteVisitor`2.VisitCallSite(ServiceCallSite callSite, TArgument argument)
   at Microsoft.Extensions.DependencyInjection.ServiceLookup.CallSiteRuntimeResolver.Resolve(ServiceCallSite callSite, ServiceProviderEngineScope scope)
   at Microsoft.Extensions.DependencyInjection.ServiceLookup.DynamicServiceProviderEngine.<>c__DisplayClass2_0.<RealizeService>b__0(ServiceProviderEngineScope scope)
   at Microsoft.Extensions.DependencyInjection.ServiceLookup.ServiceProviderEngineScope.GetService(Type serviceType)
   at Bunit.TestServiceProvider.GetServiceInternal(Type serviceType) in /_/src/bunit.core/TestServiceProvider.cs:line 155
   at Bunit.TestServiceProvider.GetService(Type serviceType) in /_/src/bunit.core/TestServiceProvider.cs:line 147
   at Microsoft.AspNetCore.Components.ComponentFactory.<>c__DisplayClass9_0.<CreatePropertyInjector>g__Initialize|1(IServiceProvider serviceProvider, IComponent component)
   at Microsoft.AspNetCore.Components.ComponentFactory.InstantiateComponent(IServiceProvider serviceProvider, Type componentType, IComponentRenderMode callerSpecifiedRenderMode, Nullable`1 parentComponentId)
   at Microsoft.AspNetCore.Components.RenderTree.Renderer.InstantiateChildComponentOnFrame(RenderTreeFrame[] frames, Int32 frameIndex, Int32 parentComponentId)
   at Microsoft.AspNetCore.Components.RenderTree.RenderTreeDiffBuilder.InitializeNewComponentFrame(DiffContext& diffContext, Int32 frameIndex)
   at Microsoft.AspNetCore.Components.RenderTree.RenderTreeDiffBuilder.InitializeNewSubtree(DiffContext& diffContext, Int32 frameIndex)
   at Microsoft.AspNetCore.Components.RenderTree.RenderTreeDiffBuilder.InsertNewFrame(DiffContext& diffContext, Int32 newFrameIndex)
   at Microsoft.AspNetCore.Components.RenderTree.RenderTreeDiffBuilder.AppendDiffEntriesForRange(DiffContext& diffContext, Int32 oldStartIndex, Int32 oldEndIndexExcl, Int32 newStartIndex, Int32 newEndIndexExcl)
   at Microsoft.AspNetCore.Components.Rendering.ComponentState.RenderIntoBatch(RenderBatchBuilder batchBuilder, RenderFragment renderFragment, Exception& renderFragmentException)
   at Microsoft.AspNetCore.Components.RenderTree.Renderer.ProcessRenderQueue()
--- End of stack trace from previous location ---
   at Bunit.Rendering.TestRenderer.AssertNoUnhandledExceptions() in /_/src/bunit.core/Rendering/TestRenderer.cs:line 629
   at Bunit.Rendering.TestRenderer.Render[TResult](RenderFragment renderFragment, Func`2 activator) in /_/src/bunit.core/Rendering/TestRenderer.cs:line 480
   at Bunit.Rendering.TestRenderer.RenderFragment(RenderFragment renderFragment) in /_/src/bunit.core/Rendering/TestRenderer.cs:line 101
   at Bunit.Extensions.TestContextBaseRenderExtensions.RenderInsideRenderTree(TestContextBase testContext, RenderFragment renderFragment) in /_/src/bunit.core/Extensions/TestContextBaseRenderExtensions.cs:line 43
   at Bunit.Extensions.TestContextBaseRenderExtensions.RenderInsideRenderTree[TComponent](TestContextBase testContext, RenderFragment renderFragment) in /_/src/bunit.core/Extensions/TestContextBaseRenderExtensions.cs:line 23
   at Bunit.TestContext.Render[TComponent](RenderFragment renderFragment) in /_/src/bunit.web/TestContext.cs:line 66
   at Bunit.TestContext.RenderComponent[TComponent](Action`1 parameterBuilder) in /_/src/bunit.web/TestContext.cs:line 52
   at DKSKMaui.Tests.Components.Pages.SalesPageTests.Sales_DateRangeFiltering() in C:\Users\kimri\OneDrive\Desktop\DKSKMaui\DKSKMaui.Tests\Components\Pages\SalesPageTests.cs:line 227
--- End of stack trace from previous location ---
----- Inner Stack Trace -----
   at System.RuntimeType.CreateInstanceImpl(BindingFlags bindingAttr, Binder binder, Object[] args, CultureInfo culture)
   at Castle.DynamicProxy.ProxyGenerator.CreateClassProxyInstance(Type proxyType, List`1 proxyArguments, Type classToProxy, Object[] constructorArguments)
  Failed DKSKMaui.Tests.Components.Pages.SalesPageTests.Sales_HandlesEmptyInvoiceList [2 ms]
  Error Message:
   System.ArgumentException : Can not instantiate proxy of class: Radzen.DialogService.
Could not find a parameterless constructor. (Parameter 'constructorArguments')
---- System.MissingMethodException : Constructor on type 'Castle.Proxies.DialogServiceProxy' not found.
  Stack Trace:
     at Castle.DynamicProxy.ProxyGenerator.CreateClassProxyInstance(Type proxyType, List`1 proxyArguments, Type classToProxy, Object[] constructorArguments)
   at Castle.DynamicProxy.ProxyGenerator.CreateClassProxy(Type classToProxy, Type[] additionalInterfacesToProxy, ProxyGenerationOptions options, Object[] constructorArguments, IInterceptor[] interceptors)
   at Moq.CastleProxyFactory.CreateProxy(Type mockType, IInterceptor interceptor, Type[] interfaces, Object[] arguments) in /_/src/Moq/Interception/CastleProxyFactory.cs:line 110
   at Moq.Mock`1.InitializeInstance() in /_/src/Moq/Mock`1.cs:line 502
   at Moq.Mock`1.OnGetObject() in /_/src/Moq/Mock`1.cs:line 516
   at Moq.Mock.get_Object() in /_/src/Moq/Mock.cs:line 180
   at Moq.Mock`1.get_Object() in /_/src/Moq/Mock`1.cs:line 453
   at DKSKMaui.Tests.Components.Base.DataGridPageTestBase`1.<.ctor>b__32_1(IServiceProvider _) in C:\Users\kimri\OneDrive\Desktop\DKSKMaui\DKSKMaui.Tests\Components\Base\DataGridPageTestBase.cs:line 49
   at Microsoft.Extensions.DependencyInjection.ServiceLookup.CallSiteVisitor`2.VisitCallSiteMain(ServiceCallSite callSite, TArgument argument)
   at Microsoft.Extensions.DependencyInjection.ServiceLookup.CallSiteRuntimeResolver.VisitCache(ServiceCallSite callSite, RuntimeResolverContext context, ServiceProviderEngineScope serviceProviderEngine, RuntimeResolverLock lockType)
   at Microsoft.Extensions.DependencyInjection.ServiceLookup.CallSiteRuntimeResolver.VisitScopeCache(ServiceCallSite callSite, RuntimeResolverContext context)
   at Microsoft.Extensions.DependencyInjection.ServiceLookup.CallSiteVisitor`2.VisitCallSite(ServiceCallSite callSite, TArgument argument)
   at Microsoft.Extensions.DependencyInjection.ServiceLookup.CallSiteRuntimeResolver.Resolve(ServiceCallSite callSite, ServiceProviderEngineScope scope)
   at Microsoft.Extensions.DependencyInjection.ServiceLookup.DynamicServiceProviderEngine.<>c__DisplayClass2_0.<RealizeService>b__0(ServiceProviderEngineScope scope)
   at Microsoft.Extensions.DependencyInjection.ServiceLookup.ServiceProviderEngineScope.GetService(Type serviceType)
   at Bunit.TestServiceProvider.GetServiceInternal(Type serviceType) in /_/src/bunit.core/TestServiceProvider.cs:line 155
   at Bunit.TestServiceProvider.GetService(Type serviceType) in /_/src/bunit.core/TestServiceProvider.cs:line 147
   at Microsoft.AspNetCore.Components.ComponentFactory.<>c__DisplayClass9_0.<CreatePropertyInjector>g__Initialize|1(IServiceProvider serviceProvider, IComponent component)
   at Microsoft.AspNetCore.Components.ComponentFactory.InstantiateComponent(IServiceProvider serviceProvider, Type componentType, IComponentRenderMode callerSpecifiedRenderMode, Nullable`1 parentComponentId)
   at Microsoft.AspNetCore.Components.RenderTree.Renderer.InstantiateChildComponentOnFrame(RenderTreeFrame[] frames, Int32 frameIndex, Int32 parentComponentId)
   at Microsoft.AspNetCore.Components.RenderTree.RenderTreeDiffBuilder.InitializeNewComponentFrame(DiffContext& diffContext, Int32 frameIndex)
   at Microsoft.AspNetCore.Components.RenderTree.RenderTreeDiffBuilder.InitializeNewSubtree(DiffContext& diffContext, Int32 frameIndex)
   at Microsoft.AspNetCore.Components.RenderTree.RenderTreeDiffBuilder.InsertNewFrame(DiffContext& diffContext, Int32 newFrameIndex)
   at Microsoft.AspNetCore.Components.RenderTree.RenderTreeDiffBuilder.AppendDiffEntriesForRange(DiffContext& diffContext, Int32 oldStartIndex, Int32 oldEndIndexExcl, Int32 newStartIndex, Int32 newEndIndexExcl)
   at Microsoft.AspNetCore.Components.Rendering.ComponentState.RenderIntoBatch(RenderBatchBuilder batchBuilder, RenderFragment renderFragment, Exception& renderFragmentException)
   at Microsoft.AspNetCore.Components.RenderTree.Renderer.ProcessRenderQueue()
--- End of stack trace from previous location ---
   at Bunit.Rendering.TestRenderer.AssertNoUnhandledExceptions() in /_/src/bunit.core/Rendering/TestRenderer.cs:line 629
   at Bunit.Rendering.TestRenderer.Render[TResult](RenderFragment renderFragment, Func`2 activator) in /_/src/bunit.core/Rendering/TestRenderer.cs:line 480
   at Bunit.Rendering.TestRenderer.RenderFragment(RenderFragment renderFragment) in /_/src/bunit.core/Rendering/TestRenderer.cs:line 101
   at Bunit.Extensions.TestContextBaseRenderExtensions.RenderInsideRenderTree(TestContextBase testContext, RenderFragment renderFragment) in /_/src/bunit.core/Extensions/TestContextBaseRenderExtensions.cs:line 43
   at Bunit.Extensions.TestContextBaseRenderExtensions.RenderInsideRenderTree[TComponent](TestContextBase testContext, RenderFragment renderFragment) in /_/src/bunit.core/Extensions/TestContextBaseRenderExtensions.cs:line 23
   at Bunit.TestContext.Render[TComponent](RenderFragment renderFragment) in /_/src/bunit.web/TestContext.cs:line 66
   at Bunit.TestContext.RenderComponent[TComponent](Action`1 parameterBuilder) in /_/src/bunit.web/TestContext.cs:line 52
   at DKSKMaui.Tests.Components.Pages.SalesPageTests.Sales_HandlesEmptyInvoiceList() in C:\Users\kimri\OneDrive\Desktop\DKSKMaui\DKSKMaui.Tests\Components\Pages\SalesPageTests.cs:line 128
--- End of stack trace from previous location ---
----- Inner Stack Trace -----
   at System.RuntimeType.CreateInstanceImpl(BindingFlags bindingAttr, Binder binder, Object[] args, CultureInfo culture)
   at Castle.DynamicProxy.ProxyGenerator.CreateClassProxyInstance(Type proxyType, List`1 proxyArguments, Type classToProxy, Object[] constructorArguments)
[xUnit.net 00:00:09.30]     
DKSKMaui.Tests.Components.Pages.CreteInvoice.CreateInvoiceTests.CreateInvoice_Logger_IsInjected [FAIL]
[xUnit.net 00:00:09.31]     
DKSKMaui.Tests.Components.Pages.CreteInvoice.CreateInvoiceTests.CreateInvoice_HandlesEmptyInvoiceList [FAIL]
  Failed DKSKMaui.Tests.Components.Pages.CreteInvoice.CreateInvoiceTests.CreateInvoice_Logger_IsInjected [1 ms]
  Error Message:
   System.InvalidOperationException : New services/implementations cannot be registered with the Services provider in a TestContext, after the first services has been retrieved from it using e.g. the GetService or GetRequiredService methods. This typically happens when a component is rendered, so make sure all services are added before that.
  Stack Trace:
     at Bunit.TestServiceProvider.CheckInitializedAndThrow() in /_/src/bunit.core/TestServiceProvider.cs:line 237
   at Bunit.TestServiceProvider.Add(ServiceDescriptor item) in /_/src/bunit.core/TestServiceProvider.cs:line 209
   at Microsoft.Extensions.DependencyInjection.ServiceCollectionServiceExtensions.AddScoped(IServiceCollection services, Type serviceType, Func`2 implementationFactory)
   at DKSKMaui.Tests.Components.Pages.CreteInvoice.CreateInvoiceTests..ctor() in C:\Users\kimri\OneDrive\Desktop\DKSKMaui\DKSKMaui.Tests\Components\Pages\CreteInvoice\CreateInvoicePageTests.cs:line 31
   at System.RuntimeType.CreateInstanceDefaultCtor(Boolean publicOnly, Boolean wrapExceptions)
  Failed DKSKMaui.Tests.Components.Pages.CreteInvoice.CreateInvoiceTests.CreateInvoice_HandlesEmptyInvoiceList [1 ms]
  Error Message:
   System.InvalidOperationException : New services/implementations cannot be registered with the Services provider in a TestContext, after the first services has been retrieved from it using e.g. the GetService or GetRequiredService methods. This typically happens when a component is rendered, so make sure all services are added before that.
  Stack Trace:
     at Bunit.TestServiceProvider.CheckInitializedAndThrow() in /_/src/bunit.core/TestServiceProvider.cs:line 237
   at Bunit.TestServiceProvider.Add(ServiceDescriptor item) in /_/src/bunit.core/TestServiceProvider.cs:line 209
   at Microsoft.Extensions.DependencyInjection.ServiceCollectionServiceExtensions.AddScoped(IServiceCollection services, Type serviceType, Func`2 implementationFactory)
   at DKSKMaui.Tests.Components.Pages.CreteInvoice.CreateInvoiceTests..ctor() in C:\Users\kimri\OneDrive\Desktop\DKSKMaui\DKSKMaui.Tests\Components\Pages\CreteInvoice\CreateInvoicePageTests.cs:line 31
   at System.RuntimeType.CreateInstanceDefaultCtor(Boolean publicOnly, Boolean wrapExceptions)
[xUnit.net 00:00:09.31]     
DKSKMaui.Tests.Components.Pages.CreteInvoice.CreateInvoiceTests.CreateInvoice_FormLayout_IsResponsive [FAIL]
[xUnit.net 00:00:09.31]     
DKSKMaui.Tests.Components.Pages.CreteInvoice.CreateInvoiceTests.CreateInvoice_DateFormatting_Works [FAIL]
[xUnit.net 00:00:09.31]     
DKSKMaui.Tests.Components.Pages.CreteInvoice.CreateInvoiceTests.CreateInvoice_RendersSubmitButton [FAIL]
[xUnit.net 00:00:09.31]     
DKSKMaui.Tests.Components.Pages.CreteInvoice.CreateInvoiceTests.CreateInvoice_LoadsDataOnInit [FAIL]
[xUnit.net 00:00:09.32]     
DKSKMaui.Tests.Components.Pages.CreteInvoice.CreateInvoiceTests.CreateInvoice_HandlesNullDates [FAIL]
[xUnit.net 00:00:09.32]     
DKSKMaui.Tests.Components.Pages.CreteInvoice.CreateInvoiceTests.CreateInvoice_DataGrid_Ref_IsSet [FAIL]
[xUnit.net 00:00:09.32]     
DKSKMaui.Tests.Components.Pages.CreteInvoice.CreateInvoiceTests.CreateInvoice_SubmitButton_LoadsInvoices [FAIL]
[xUnit.net 00:00:09.32]     
DKSKMaui.Tests.Components.Pages.CreteInvoice.CreateInvoiceTests.CreateInvoice_ComponentLifecycle_WorksCorrectly [FAIL]
[xUnit.net 00:00:09.32]     
DKSKMaui.Tests.Components.Pages.CreteInvoice.CreateInvoiceTests.CreateInvoice_RendersDateInputs [FAIL]
  Failed DKSKMaui.Tests.Components.Pages.CreteInvoice.CreateInvoiceTests.CreateInvoice_FormLayout_IsResponsive [1 ms]
  Error Message:
   System.InvalidOperationException : New services/implementations cannot be registered with the Services provider in a TestContext, after the first services has been retrieved from it using e.g. the GetService or GetRequiredService methods. This typically happens when a component is rendered, so make sure all services are added before that.
  Stack Trace:
     at Bunit.TestServiceProvider.CheckInitializedAndThrow() in /_/src/bunit.core/TestServiceProvider.cs:line 237
   at Bunit.TestServiceProvider.Add(ServiceDescriptor item) in /_/src/bunit.core/TestServiceProvider.cs:line 209
   at Microsoft.Extensions.DependencyInjection.ServiceCollectionServiceExtensions.AddScoped(IServiceCollection services, Type serviceType, Func`2 implementationFactory)
   at DKSKMaui.Tests.Components.Pages.CreteInvoice.CreateInvoiceTests..ctor() in C:\Users\kimri\OneDrive\Desktop\DKSKMaui\DKSKMaui.Tests\Components\Pages\CreteInvoice\CreateInvoicePageTests.cs:line 31
   at System.RuntimeType.CreateInstanceDefaultCtor(Boolean publicOnly, Boolean wrapExceptions)
  Failed DKSKMaui.Tests.Components.Pages.CreteInvoice.CreateInvoiceTests.CreateInvoice_DateFormatting_Works [1 ms]
  Error Message:
   System.InvalidOperationException : New services/implementations cannot be registered with the Services provider in a TestContext, after the first services has been retrieved from it using e.g. the GetService or GetRequiredService methods. This typically happens when a component is rendered, so make sure all services are added before that.
  Stack Trace:
     at Bunit.TestServiceProvider.CheckInitializedAndThrow() in /_/src/bunit.core/TestServiceProvider.cs:line 237
   at Bunit.TestServiceProvider.Add(ServiceDescriptor item) in /_/src/bunit.core/TestServiceProvider.cs:line 209
   at Microsoft.Extensions.DependencyInjection.ServiceCollectionServiceExtensions.AddScoped(IServiceCollection services, Type serviceType, Func`2 implementationFactory)
   at DKSKMaui.Tests.Components.Pages.CreteInvoice.CreateInvoiceTests..ctor() in C:\Users\kimri\OneDrive\Desktop\DKSKMaui\DKSKMaui.Tests\Components\Pages\CreteInvoice\CreateInvoicePageTests.cs:line 31
   at System.RuntimeType.CreateInstanceDefaultCtor(Boolean publicOnly, Boolean wrapExceptions)
  Failed DKSKMaui.Tests.Components.Pages.CreteInvoice.CreateInvoiceTests.CreateInvoice_RendersSubmitButton [1 ms]
  Error Message:
   System.InvalidOperationException : New services/implementations cannot be registered with the Services provider in a TestContext, after the first services has been retrieved from it using e.g. the GetService or GetRequiredService methods. This typically happens when a component is rendered, so make sure all services are added before that.
  Stack Trace:
     at Bunit.TestServiceProvider.CheckInitializedAndThrow() in /_/src/bunit.core/TestServiceProvider.cs:line 237
   at Bunit.TestServiceProvider.Add(ServiceDescriptor item) in /_/src/bunit.core/TestServiceProvider.cs:line 209
   at Microsoft.Extensions.DependencyInjection.ServiceCollectionServiceExtensions.AddScoped(IServiceCollection services, Type serviceType, Func`2 implementationFactory)
   at DKSKMaui.Tests.Components.Pages.CreteInvoice.CreateInvoiceTests..ctor() in C:\Users\kimri\OneDrive\Desktop\DKSKMaui\DKSKMaui.Tests\Components\Pages\CreteInvoice\CreateInvoicePageTests.cs:line 31
   at System.RuntimeType.CreateInstanceDefaultCtor(Boolean publicOnly, Boolean wrapExceptions)
  Failed DKSKMaui.Tests.Components.Pages.CreteInvoice.CreateInvoiceTests.CreateInvoice_LoadsDataOnInit [1 ms]
  Error Message:
   System.InvalidOperationException : New services/implementations cannot be registered with the Services provider in a TestContext, after the first services has been retrieved from it using e.g. the GetService or GetRequiredService methods. This typically happens when a component is rendered, so make sure all services are added before that.
  Stack Trace:
     at Bunit.TestServiceProvider.CheckInitializedAndThrow() in /_/src/bunit.core/TestServiceProvider.cs:line 237
   at Bunit.TestServiceProvider.Add(ServiceDescriptor item) in /_/src/bunit.core/TestServiceProvider.cs:line 209
   at Microsoft.Extensions.DependencyInjection.ServiceCollectionServiceExtensions.AddScoped(IServiceCollection services, Type serviceType, Func`2 implementationFactory)
   at DKSKMaui.Tests.Components.Pages.CreteInvoice.CreateInvoiceTests..ctor() in C:\Users\kimri\OneDrive\Desktop\DKSKMaui\DKSKMaui.Tests\Components\Pages\CreteInvoice\CreateInvoicePageTests.cs:line 31
   at System.RuntimeType.CreateInstanceDefaultCtor(Boolean publicOnly, Boolean wrapExceptions)
  Failed DKSKMaui.Tests.Components.Pages.CreteInvoice.CreateInvoiceTests.CreateInvoice_HandlesNullDates [1 ms]
  Error Message:
   System.InvalidOperationException : New services/implementations cannot be registered with the Services provider in a TestContext, after the first services has been retrieved from it using e.g. the GetService or GetRequiredService methods. This typically happens when a component is rendered, so make sure all services are added before that.
  Stack Trace:
     at Bunit.TestServiceProvider.CheckInitializedAndThrow() in /_/src/bunit.core/TestServiceProvider.cs:line 237
   at Bunit.TestServiceProvider.Add(ServiceDescriptor item) in /_/src/bunit.core/TestServiceProvider.cs:line 209
   at Microsoft.Extensions.DependencyInjection.ServiceCollectionServiceExtensions.AddScoped(IServiceCollection services, Type serviceType, Func`2 implementationFactory)
   at DKSKMaui.Tests.Components.Pages.CreteInvoice.CreateInvoiceTests..ctor() in C:\Users\kimri\OneDrive\Desktop\DKSKMaui\DKSKMaui.Tests\Components\Pages\CreteInvoice\CreateInvoicePageTests.cs:line 31
   at System.RuntimeType.CreateInstanceDefaultCtor(Boolean publicOnly, Boolean wrapExceptions)
  Failed DKSKMaui.Tests.Components.Pages.CreteInvoice.CreateInvoiceTests.CreateInvoice_DataGrid_Ref_IsSet [1 ms]
  Error Message:
   System.InvalidOperationException : New services/implementations cannot be registered with the Services provider in a TestContext, after the first services has been retrieved from it using e.g. the GetService or GetRequiredService methods. This typically happens when a component is rendered, so make sure all services are added before that.
  Stack Trace:
     at Bunit.TestServiceProvider.CheckInitializedAndThrow() in /_/src/bunit.core/TestServiceProvider.cs:line 237
   at Bunit.TestServiceProvider.Add(ServiceDescriptor item) in /_/src/bunit.core/TestServiceProvider.cs:line 209
   at Microsoft.Extensions.DependencyInjection.ServiceCollectionServiceExtensions.AddScoped(IServiceCollection services, Type serviceType, Func`2 implementationFactory)
   at DKSKMaui.Tests.Components.Pages.CreteInvoice.CreateInvoiceTests..ctor() in C:\Users\kimri\OneDrive\Desktop\DKSKMaui\DKSKMaui.Tests\Components\Pages\CreteInvoice\CreateInvoicePageTests.cs:line 31
   at System.RuntimeType.CreateInstanceDefaultCtor(Boolean publicOnly, Boolean wrapExceptions)
  Failed DKSKMaui.Tests.Components.Pages.CreteInvoice.CreateInvoiceTests.CreateInvoice_SubmitButton_LoadsInvoices [1 ms]
  Error Message:
   System.InvalidOperationException : New services/implementations cannot be registered with the Services provider in a TestContext, after the first services has been retrieved from it using e.g. the GetService or GetRequiredService methods. This typically happens when a component is rendered, so make sure all services are added before that.
  Stack Trace:
     at Bunit.TestServiceProvider.CheckInitializedAndThrow() in /_/src/bunit.core/TestServiceProvider.cs:line 237
   at Bunit.TestServiceProvider.Add(ServiceDescriptor item) in /_/src/bunit.core/TestServiceProvider.cs:line 209
   at Microsoft.Extensions.DependencyInjection.ServiceCollectionServiceExtensions.AddScoped(IServiceCollection services, Type serviceType, Func`2 implementationFactory)
   at DKSKMaui.Tests.Components.Pages.CreteInvoice.CreateInvoiceTests..ctor() in C:\Users\kimri\OneDrive\Desktop\DKSKMaui\DKSKMaui.Tests\Components\Pages\CreteInvoice\CreateInvoicePageTests.cs:line 31
   at System.RuntimeType.CreateInstanceDefaultCtor(Boolean publicOnly, Boolean wrapExceptions)
  Failed DKSKMaui.Tests.Components.Pages.CreteInvoice.CreateInvoiceTests.CreateInvoice_ComponentLifecycle_WorksCorrectly [1 ms]
  Error Message:
   System.InvalidOperationException : New services/implementations cannot be registered with the Services provider in a TestContext, after the first services has been retrieved from it using e.g. the GetService or GetRequiredService methods. This typically happens when a component is rendered, so make sure all services are added before that.
  Stack Trace:
     at Bunit.TestServiceProvider.CheckInitializedAndThrow() in /_/src/bunit.core/TestServiceProvider.cs:line 237
   at Bunit.TestServiceProvider.Add(ServiceDescriptor item) in /_/src/bunit.core/TestServiceProvider.cs:line 209
   at Microsoft.Extensions.DependencyInjection.ServiceCollectionServiceExtensions.AddScoped(IServiceCollection services, Type serviceType, Func`2 implementationFactory)
   at DKSKMaui.Tests.Components.Pages.CreteInvoice.CreateInvoiceTests..ctor() in C:\Users\kimri\OneDrive\Desktop\DKSKMaui\DKSKMaui.Tests\Components\Pages\CreteInvoice\CreateInvoicePageTests.cs:line 31
   at System.RuntimeType.CreateInstanceDefaultCtor(Boolean publicOnly, Boolean wrapExceptions)
  Failed DKSKMaui.Tests.Components.Pages.CreteInvoice.CreateInvoiceTests.CreateInvoice_RendersDateInputs [1 ms]
  Error Message:
   System.InvalidOperationException : New services/implementations cannot be registered with the Services provider in a TestContext, after the first services has been retrieved from it using e.g. the GetService or GetRequiredService methods. This typically happens when a component is rendered, so make sure all services are added before that.
  Stack Trace:
     at Bunit.TestServiceProvider.CheckInitializedAndThrow() in /_/src/bunit.core/TestServiceProvider.cs:line 237
   at Bunit.TestServiceProvider.Add(ServiceDescriptor item) in /_/src/bunit.core/TestServiceProvider.cs:line 209
   at Microsoft.Extensions.DependencyInjection.ServiceCollectionServiceExtensions.AddScoped(IServiceCollection services, Type serviceType, Func`2 implementationFactory)
   at DKSKMaui.Tests.Components.Pages.CreteInvoice.CreateInvoiceTests..ctor() in C:\Users\kimri\OneDrive\Desktop\DKSKMaui\DKSKMaui.Tests\Components\Pages\CreteInvoice\CreateInvoicePageTests.cs:line 31
   at System.RuntimeType.CreateInstanceDefaultCtor(Boolean publicOnly, Boolean wrapExceptions)
[xUnit.net 00:00:09.32]     
DKSKMaui.Tests.Components.Pages.CreteInvoice.CreateInvoiceTests.CreateInvoice_EndDate_DefaultsWhenNull [FAIL]
[xUnit.net 00:00:09.33]     
DKSKMaui.Tests.Components.Pages.CreteInvoice.CreateInvoiceTests.CreateInvoice_RequiredServices_AreInjected [FAIL]
[xUnit.net 00:00:09.33]     
DKSKMaui.Tests.Components.Pages.CreteInvoice.CreateInvoiceTests.CreateInvoice_RendersPageTitle [FAIL]
[xUnit.net 00:00:09.33]     
DKSKMaui.Tests.Components.Pages.CreteInvoice.CreateInvoiceTests.CreateInvoice_RowSelect_Functionality [FAIL]
[xUnit.net 00:00:09.33]     
DKSKMaui.Tests.Components.Pages.CreteInvoice.CreateInvoiceTests.CreateInvoice_DataGridHasCorrectColumns [FAIL]
[xUnit.net 00:00:09.33]     
DKSKMaui.Tests.Components.Pages.CreteInvoice.CreateInvoiceTests.CreateInvoice_DisplaysInvoicesInGrid [FAIL]
[xUnit.net 00:00:09.34]     
DKSKMaui.Tests.Components.Pages.CreteInvoice.CreateInvoiceTests.CreateInvoice_InvoiceNumber_DisplayFormat [FAIL]
  Failed DKSKMaui.Tests.Components.Pages.CreteInvoice.CreateInvoiceTests.CreateInvoice_EndDate_DefaultsWhenNull [1 ms]
  Error Message:
   System.InvalidOperationException : New services/implementations cannot be registered with the Services provider in a TestContext, after the first services has been retrieved from it using e.g. the GetService or GetRequiredService methods. This typically happens when a component is rendered, so make sure all services are added before that.
  Stack Trace:
     at Bunit.TestServiceProvider.CheckInitializedAndThrow() in /_/src/bunit.core/TestServiceProvider.cs:line 237
   at Bunit.TestServiceProvider.Add(ServiceDescriptor item) in /_/src/bunit.core/TestServiceProvider.cs:line 209
   at Microsoft.Extensions.DependencyInjection.ServiceCollectionServiceExtensions.AddScoped(IServiceCollection services, Type serviceType, Func`2 implementationFactory)
   at DKSKMaui.Tests.Components.Pages.CreteInvoice.CreateInvoiceTests..ctor() in C:\Users\kimri\OneDrive\Desktop\DKSKMaui\DKSKMaui.Tests\Components\Pages\CreteInvoice\CreateInvoicePageTests.cs:line 31
   at System.RuntimeType.CreateInstanceDefaultCtor(Boolean publicOnly, Boolean wrapExceptions)
  Failed DKSKMaui.Tests.Components.Pages.CreteInvoice.CreateInvoiceTests.CreateInvoice_RequiredServices_AreInjected [1 ms]
  Error Message:
   System.InvalidOperationException : New services/implementations cannot be registered with the Services provider in a TestContext, after the first services has been retrieved from it using e.g. the GetService or GetRequiredService methods. This typically happens when a component is rendered, so make sure all services are added before that.
  Stack Trace:
     at Bunit.TestServiceProvider.CheckInitializedAndThrow() in /_/src/bunit.core/TestServiceProvider.cs:line 237
   at Bunit.TestServiceProvider.Add(ServiceDescriptor item) in /_/src/bunit.core/TestServiceProvider.cs:line 209
   at Microsoft.Extensions.DependencyInjection.ServiceCollectionServiceExtensions.AddScoped(IServiceCollection services, Type serviceType, Func`2 implementationFactory)
   at DKSKMaui.Tests.Components.Pages.CreteInvoice.CreateInvoiceTests..ctor() in C:\Users\kimri\OneDrive\Desktop\DKSKMaui\DKSKMaui.Tests\Components\Pages\CreteInvoice\CreateInvoicePageTests.cs:line 31
   at System.RuntimeType.CreateInstanceDefaultCtor(Boolean publicOnly, Boolean wrapExceptions)
  Failed DKSKMaui.Tests.Components.Pages.CreteInvoice.CreateInvoiceTests.CreateInvoice_RendersPageTitle [1 ms]
  Error Message:
   System.InvalidOperationException : New services/implementations cannot be registered with the Services provider in a TestContext, after the first services has been retrieved from it using e.g. the GetService or GetRequiredService methods. This typically happens when a component is rendered, so make sure all services are added before that.
  Stack Trace:
     at Bunit.TestServiceProvider.CheckInitializedAndThrow() in /_/src/bunit.core/TestServiceProvider.cs:line 237
   at Bunit.TestServiceProvider.Add(ServiceDescriptor item) in /_/src/bunit.core/TestServiceProvider.cs:line 209
   at Microsoft.Extensions.DependencyInjection.ServiceCollectionServiceExtensions.AddScoped(IServiceCollection services, Type serviceType, Func`2 implementationFactory)
   at DKSKMaui.Tests.Components.Pages.CreteInvoice.CreateInvoiceTests..ctor() in C:\Users\kimri\OneDrive\Desktop\DKSKMaui\DKSKMaui.Tests\Components\Pages\CreteInvoice\CreateInvoicePageTests.cs:line 31
   at System.RuntimeType.CreateInstanceDefaultCtor(Boolean publicOnly, Boolean wrapExceptions)
  Failed DKSKMaui.Tests.Components.Pages.CreteInvoice.CreateInvoiceTests.CreateInvoice_RowSelect_Functionality [1 ms]
  Error Message:
   System.InvalidOperationException : New services/implementations cannot be registered with the Services provider in a TestContext, after the first services has been retrieved from it using e.g. the GetService or GetRequiredService methods. This typically happens when a component is rendered, so make sure all services are added before that.
  Stack Trace:
     at Bunit.TestServiceProvider.CheckInitializedAndThrow() in /_/src/bunit.core/TestServiceProvider.cs:line 237
   at Bunit.TestServiceProvider.Add(ServiceDescriptor item) in /_/src/bunit.core/TestServiceProvider.cs:line 209
   at Microsoft.Extensions.DependencyInjection.ServiceCollectionServiceExtensions.AddScoped(IServiceCollection services, Type serviceType, Func`2 implementationFactory)
   at DKSKMaui.Tests.Components.Pages.CreteInvoice.CreateInvoiceTests..ctor() in C:\Users\kimri\OneDrive\Desktop\DKSKMaui\DKSKMaui.Tests\Components\Pages\CreteInvoice\CreateInvoicePageTests.cs:line 31
   at System.RuntimeType.CreateInstanceDefaultCtor(Boolean publicOnly, Boolean wrapExceptions)
  Failed DKSKMaui.Tests.Components.Pages.CreteInvoice.CreateInvoiceTests.CreateInvoice_DataGridHasCorrectColumns [1 ms]
  Error Message:
   System.InvalidOperationException : New services/implementations cannot be registered with the Services provider in a TestContext, after the first services has been retrieved from it using e.g. the GetService or GetRequiredService methods. This typically happens when a component is rendered, so make sure all services are added before that.
  Stack Trace:
     at Bunit.TestServiceProvider.CheckInitializedAndThrow() in /_/src/bunit.core/TestServiceProvider.cs:line 237
   at Bunit.TestServiceProvider.Add(ServiceDescriptor item) in /_/src/bunit.core/TestServiceProvider.cs:line 209
   at Microsoft.Extensions.DependencyInjection.ServiceCollectionServiceExtensions.AddScoped(IServiceCollection services, Type serviceType, Func`2 implementationFactory)
   at DKSKMaui.Tests.Components.Pages.CreteInvoice.CreateInvoiceTests..ctor() in C:\Users\kimri\OneDrive\Desktop\DKSKMaui\DKSKMaui.Tests\Components\Pages\CreteInvoice\CreateInvoicePageTests.cs:line 31
   at System.RuntimeType.CreateInstanceDefaultCtor(Boolean publicOnly, Boolean wrapExceptions)
  Failed DKSKMaui.Tests.Components.Pages.CreteInvoice.CreateInvoiceTests.CreateInvoice_DisplaysInvoicesInGrid [1 ms]
  Error Message:
   System.InvalidOperationException : New services/implementations cannot be registered with the Services provider in a TestContext, after the first services has been retrieved from it using e.g. the GetService or GetRequiredService methods. This typically happens when a component is rendered, so make sure all services are added before that.
  Stack Trace:
     at Bunit.TestServiceProvider.CheckInitializedAndThrow() in /_/src/bunit.core/TestServiceProvider.cs:line 237
   at Bunit.TestServiceProvider.Add(ServiceDescriptor item) in /_/src/bunit.core/TestServiceProvider.cs:line 209
   at Microsoft.Extensions.DependencyInjection.ServiceCollectionServiceExtensions.AddScoped(IServiceCollection services, Type serviceType, Func`2 implementationFactory)
   at DKSKMaui.Tests.Components.Pages.CreteInvoice.CreateInvoiceTests..ctor() in C:\Users\kimri\OneDrive\Desktop\DKSKMaui\DKSKMaui.Tests\Components\Pages\CreteInvoice\CreateInvoicePageTests.cs:line 31
   at System.RuntimeType.CreateInstanceDefaultCtor(Boolean publicOnly, Boolean wrapExceptions)
  Failed DKSKMaui.Tests.Components.Pages.CreteInvoice.CreateInvoiceTests.CreateInvoice_InvoiceNumber_DisplayFormat [1 ms]
  Error Message:
   System.InvalidOperationException : New services/implementations cannot be registered with the Services provider in a TestContext, after the first services has been retrieved from it using e.g. the GetService or GetRequiredService methods. This typically happens when a component is rendered, so make sure all services are added before that.
  Stack Trace:
     at Bunit.TestServiceProvider.CheckInitializedAndThrow() in /_/src/bunit.core/TestServiceProvider.cs:line 237
   at Bunit.TestServiceProvider.Add(ServiceDescriptor item) in /_/src/bunit.core/TestServiceProvider.cs:line 209
   at Microsoft.Extensions.DependencyInjection.ServiceCollectionServiceExtensions.AddScoped(IServiceCollection services, Type serviceType, Func`2 implementationFactory)
   at DKSKMaui.Tests.Components.Pages.CreteInvoice.CreateInvoiceTests..ctor() in C:\Users\kimri\OneDrive\Desktop\DKSKMaui\DKSKMaui.Tests\Components\Pages\CreteInvoice\CreateInvoicePageTests.cs:line 31
   at System.RuntimeType.CreateInstanceDefaultCtor(Boolean publicOnly, Boolean wrapExceptions)
[xUnit.net 00:00:09.35]     
DKSKMaui.Tests.Components.Pages.AddContactFolder.AddcompanyTests.Addcompany_RendersDisplayView_AfterSubmit [FAIL]
[xUnit.net 00:00:09.35]     
DKSKMaui.Tests.Components.Pages.AddContactFolder.AddcompanyTests.Addcompany_CancelButton_RemainsInFormView [FAIL]
  Failed DKSKMaui.Tests.Components.Pages.AddContactFolder.AddcompanyTests.Addcompany_RendersDisplayView_AfterSubmit [1 ms]
  Error Message:
   Expected markup "<h3>Addcompany</h3><input type="text" value="Company name">
    <input type="text" value="Owner">
    <input type="text" value="Cell Phone">
    <input type="text" value="E-mail">
    <input type="text" value="Address">
    <input type="text" value="City">
    <input type="text" value="Zip">
    <input type="text" value="Special note"><input type="button" value="Cancel">
    <input type="Submit" blazor:onclick="1" />" to contain "Super Property People".
  Stack Trace:
     at FluentAssertions.Execution.XUnit2TestFramework.Throw(String message)
   at FluentAssertions.Execution.TestFrameworkProvider.Throw(String message)
   at FluentAssertions.Execution.DefaultAssertionStrategy.HandleFailure(String message)
   at FluentAssertions.Execution.AssertionScope.FailWith(Func`1 failReasonFunc)
   at FluentAssertions.Execution.AssertionScope.FailWith(Func`1 failReasonFunc)
   at FluentAssertions.Execution.AssertionScope.FailWith(String message, Object[] args)
   at FluentAssertions.Primitives.StringAssertions`1.Contain(String expected, String because, Object[] becauseArgs)
   at DKSKMaui.Tests.Components.Pages.AddContactFolder.AddcompanyTests.Addcompany_RendersDisplayView_AfterSubmit() in C:\Users\kimri\OneDrive\Desktop\DKSKMaui\DKSKMaui.Tests\Components\Pages\AddContactFolder\AddcompanyTests.cs:line 63
   at System.RuntimeMethodHandle.InvokeMethod(Object target, Void** arguments, Signature sig, Boolean isConstructor)
   at System.Reflection.MethodBaseInvoker.InvokeWithNoArgs(Object obj, BindingFlags invokeAttr)
  Failed DKSKMaui.Tests.Components.Pages.AddContactFolder.AddcompanyTests.Addcompany_CancelButton_RemainsInFormView [1 ms]
  Error Message:
   Bunit.MissingEventHandlerException : The element does not have an event handler for the event 'onclick', nor any other events.
  Stack Trace:
     at Bunit.TriggerEventDispatchExtensions.TriggerBubblingEventAsync(ITestRenderer renderer, IElement element, String eventName, EventArgs eventArgs) in /_/src/bunit.web/EventDispatchExtensions/TriggerEventDispatchExtensions.cs:line 121
   at Bunit.TriggerEventDispatchExtensions.TriggerEventsAsync(ITestRenderer renderer, IElement element, String eventName, EventArgs eventArgs) in /_/src/bunit.web/EventDispatchExtensions/TriggerEventDispatchExtensions.cs:line 93
   at Bunit.TriggerEventDispatchExtensions.<>c__DisplayClass3_0.<TriggerEventAsync>b__0() in /_/src/bunit.web/EventDispatchExtensions/TriggerEventDispatchExtensions.cs:line 80
   at Microsoft.AspNetCore.Components.Rendering.RendererSynchronizationContext.<>c.<<InvokeAsync>b__10_0>d.MoveNext()
--- End of stack trace from previous location ---
   at Bunit.TriggerEventDispatchExtensions.ThrowIfFailedSynchronously(Task result) in /_/src/bunit.web/EventDispatchExtensions/TriggerEventDispatchExtensions.cs:line 215
   at Bunit.TriggerEventDispatchExtensions.TriggerEventAsync(IElement element, String eventName, EventArgs eventArgs) in /_/src/bunit.web/EventDispatchExtensions/TriggerEventDispatchExtensions.cs:line 82
   at Bunit.MouseEventDispatchExtensions.ClickAsync(IElement element, MouseEventArgs eventArgs) in /_/src/bunit.web/EventDispatchExtensions/MouseEventDispatchExtensions.cs:line 373
   at Bunit.MouseEventDispatchExtensions.Click(IElement element, Int64 detail, Double screenX, Double screenY, Double clientX, Double clientY, Double pageX, Double pageY, Double offsetX, Double offsetY, Int64 button, Int64 buttons, Boolean ctrlKey, Boolean shiftKey, Boolean altKey, Boolean metaKey, String type) in /_/src/bunit.web/EventDispatchExtensions/MouseEventDispatchExtensions.cs:line 289
   at DKSKMaui.Tests.Components.Pages.AddContactFolder.AddcompanyTests.Addcompany_CancelButton_RemainsInFormView() in C:\Users\kimri\OneDrive\Desktop\DKSKMaui\DKSKMaui.Tests\Components\Pages\AddContactFolder\AddcompanyTests.cs:line 109
   at System.RuntimeMethodHandle.InvokeMethod(Object target, Void** arguments, Signature sig, Boolean isConstructor)
   at System.Reflection.MethodBaseInvoker.InvokeWithNoArgs(Object obj, BindingFlags invokeAttr)

Failed!  - Failed:    79, Passed:   275, Skipped:     0, Total:   354, Duration: 8 s - DKSKMaui.Tests.dll (net8.0)
